#graphs, #height, #components, #connections, #ports, #nodes, #edges, #flows
2, 2, 16, 25, 125, 50, 50, 24
forward_node_12 = reach forward Crazyflie_System_impl_Instance.MPU9250
forward_node_6 = reach forward Crazyflie_System_impl_Instance.C14
forward_node_2 = reach forward Crazyflie_System_impl_Instance.M3
forward_node_3 = reach forward Crazyflie_System_impl_Instance.M1
forward_node_10 = reach forward Crazyflie_System_impl_Instance.C13
forward_node_5 = reach forward Crazyflie_System_impl_Instance.C9
forward_node_16 = reach forward Crazyflie_System_impl_Instance.C5
forward_node_13 = reach forward Crazyflie_System_impl_Instance.C12
forward_node_18 = reach forward Crazyflie_System_impl_Instance.C14
forward_node_4 = reach forward Crazyflie_System_impl_Instance.C10
forward_node_17 = reach forward Crazyflie_System_impl_Instance.C10b
forward_node_15 = reach forward Crazyflie_System_impl_Instance.C1
forward_node_7 = reach forward Crazyflie_System_impl_Instance.M3
forward_node_0 = reach forward Crazyflie_System_impl_Instance.C10
forward_node_1 = reach forward Crazyflie_System_impl_Instance.M2
forward_node_8 = reach forward Crazyflie_System_impl_Instance.C3
forward_node_20 = reach forward Crazyflie_System_impl_Instance.C12
forward_node_14 = reach forward Crazyflie_System_impl_Instance.C5
forward_node_9 = reach forward Crazyflie_System_impl_Instance.STM32F405_Firmware.C9
forward_node_19 = reach forward Crazyflie_System_impl_Instance.STM32F405_Firmware.C2
forward_node_11 = reach forward Crazyflie_System_impl_Instance.STM32F405_Firmware.C6
backward_node_9 = reach backward Crazyflie_System_impl_Instance.C7
backward_node_15 = reach backward Crazyflie_System_impl_Instance.UART
backward_node_14 = reach backward Crazyflie_System_impl_Instance.M4
backward_node_20 = reach backward Crazyflie_System_impl_Instance.STM32F405_Firmware
backward_node_7 = reach backward Crazyflie_System_impl_Instance.C2
backward_node_11 = reach backward Crazyflie_System_impl_Instance.PWM
backward_node_16 = reach backward Crazyflie_System_impl_Instance.STM32F405
backward_node_12 = reach backward Crazyflie_System_impl_Instance.C8
backward_node_6 = reach backward Crazyflie_System_impl_Instance.UART
backward_node_17 = reach backward Crazyflie_System_impl_Instance.PWM
backward_node_3 = reach backward Crazyflie_System_impl_Instance.C10
backward_node_8 = reach backward Crazyflie_System_impl_Instance.C2
backward_node_2 = reach backward Crazyflie_System_impl_Instance.STM32F405_Firmware.C2
backward_node_18 = reach backward Crazyflie_System_impl_Instance.STM32F405_Firmware.CRTP_Rx_Task
backward_node_13 = reach backward Crazyflie_System_impl_Instance.M3
backward_node_19 = reach backward Crazyflie_System_impl_Instance.STM32F405_Firmware.C2
backward_node_1 = reach backward Crazyflie_System_impl_Instance.C8
backward_node_0 = reach backward Crazyflie_System_impl_Instance.MPU9250
backward_node_4 = reach backward Crazyflie_System_impl_Instance.C1
backward_node_5 = reach backward Crazyflie_System_impl_Instance.C2
backward_node_10 = reach backward Crazyflie_System_impl_Instance.nRF51822_Firmware
source_target_node_7 = reach from Crazyflie_System_impl_Instance.C14 to Crazyflie_System_impl_Instance.C8
source_target_node_10 = reach from Crazyflie_System_impl_Instance.C1 to Crazyflie_System_impl_Instance.STM32F405_Firmware.C9
source_target_node_16 = reach from Crazyflie_System_impl_Instance.nrf51822 to Crazyflie_System_impl_Instance.STM32F405_Firmware.C5
source_target_node_12 = reach from Crazyflie_System_impl_Instance.STM32F405_Firmware.C3 to Crazyflie_System_impl_Instance.STM32F405_Firmware.C4
source_target_node_19 = reach from Crazyflie_System_impl_Instance.STM32F405_Firmware.C4 to Crazyflie_System_impl_Instance.C4
source_target_node_6 = reach from Crazyflie_System_impl_Instance.C10 to Crazyflie_System_impl_Instance.C2
source_target_node_20 = reach from Crazyflie_System_impl_Instance.C6 to Crazyflie_System_impl_Instance.PWM
source_target_node_4 = reach from Crazyflie_System_impl_Instance.M2 to Crazyflie_System_impl_Instance.STM32F405_Firmware
source_target_node_2 = reach from Crazyflie_System_impl_Instance.C1 to Crazyflie_System_impl_Instance.STM32F405_Firmware.CRTP_Rx_Task
source_target_node_8 = reach from Crazyflie_System_impl_Instance.STM32F405_Firmware.CRTP_Rx_Task to Crazyflie_System_impl_Instance.STM32F405_Firmware.C2
source_target_node_5 = reach from Crazyflie_System_impl_Instance.C5 to Crazyflie_System_impl_Instance.C1
source_target_node_0 = reach from Crazyflie_System_impl_Instance.STM32F405_Firmware.C5 to Crazyflie_System_impl_Instance.STM32F405_Firmware.CRTP_Rx_Task
source_target_node_11 = reach from Crazyflie_System_impl_Instance.C10 to Crazyflie_System_impl_Instance.C6
source_target_node_15 = reach from Crazyflie_System_impl_Instance.STM32F405_Firmware.C3 to Crazyflie_System_impl_Instance.M4
source_target_node_14 = reach from Crazyflie_System_impl_Instance.M2 to Crazyflie_System_impl_Instance.nRF51822_Firmware
source_target_node_9 = reach from Crazyflie_System_impl_Instance.STM32F405_Firmware.Power_Management to Crazyflie_System_impl_Instance.C10b
source_target_node_3 = reach from Crazyflie_System_impl_Instance.C7 to Crazyflie_System_impl_Instance.C3
source_target_node_1 = reach from Crazyflie_System_impl_Instance.STM32F405_Firmware.C7 to Crazyflie_System_impl_Instance.UART
source_target_node_18 = reach from Crazyflie_System_impl_Instance.C6 to Crazyflie_System_impl_Instance.nrf51822
source_target_node_13 = reach from Crazyflie_System_impl_Instance.M2 to Crazyflie_System_impl_Instance.C6
source_target_node_17 = reach from Crazyflie_System_impl_Instance.C2 to Crazyflie_System_impl_Instance.STM32F405_Firmware.C6
path_node_12 = reach paths from Crazyflie_System_impl_Instance.STM32F405_Firmware.C5 to Crazyflie_System_impl_Instance.C13
path_node_4 = reach paths from Crazyflie_System_impl_Instance.nrf51822 to Crazyflie_System_impl_Instance.STM32F405_Firmware.C3
path_node_17 = reach paths from Crazyflie_System_impl_Instance.C12 to Crazyflie_System_impl_Instance.C8
path_node_19 = reach paths from Crazyflie_System_impl_Instance.nrf51822 to Crazyflie_System_impl_Instance.C10
path_node_9 = reach paths from Crazyflie_System_impl_Instance.STM32F405_Firmware.CRTP_Tx_Task to Crazyflie_System_impl_Instance.STM32F405_Firmware.CRTP_Tx_Task
path_node_2 = reach paths from Crazyflie_System_impl_Instance.C4 to Crazyflie_System_impl_Instance.MPU9250
path_node_8 = reach paths from Crazyflie_System_impl_Instance.STM32F405_Firmware.C3 to Crazyflie_System_impl_Instance.STM32F405_Firmware.CRTP_Rx_Task
path_node_6 = reach paths from Crazyflie_System_impl_Instance.M3 to Crazyflie_System_impl_Instance.STM32F405_Firmware.C4
path_node_15 = reach paths from Crazyflie_System_impl_Instance.STM32F405_Firmware.C4 to Crazyflie_System_impl_Instance.STM32F405_Firmware.C5
path_node_3 = reach paths from Crazyflie_System_impl_Instance.STM32F405_Firmware.C8 to Crazyflie_System_impl_Instance.STM32F405_Firmware.CRTP_Tx_Task
path_node_16 = reach paths from Crazyflie_System_impl_Instance.STM32F405_Firmware.C8 to Crazyflie_System_impl_Instance.STM32F405_Firmware.C6
path_node_20 = reach paths from Crazyflie_System_impl_Instance.C1 to Crazyflie_System_impl_Instance.I2C
path_node_14 = reach paths from Crazyflie_System_impl_Instance.C6 to Crazyflie_System_impl_Instance.STM32F405_Firmware.Main_Loop
path_node_13 = reach paths from Crazyflie_System_impl_Instance.C2 to Crazyflie_System_impl_Instance.C12
path_node_7 = reach paths from Crazyflie_System_impl_Instance.C12 to Crazyflie_System_impl_Instance.C4
path_node_10 = reach paths from Crazyflie_System_impl_Instance.STM32F405_Firmware.CRTP_Tx_Task to Crazyflie_System_impl_Instance.MPU9250
path_node_5 = reach paths from Crazyflie_System_impl_Instance.PWM to Crazyflie_System_impl_Instance.C7
path_node_18 = reach paths from Crazyflie_System_impl_Instance.nRF51822_Firmware to Crazyflie_System_impl_Instance.STM32F405_Firmware.Power_Management
path_node_1 = reach paths from Crazyflie_System_impl_Instance.STM32F405_Firmware.C6 to Crazyflie_System_impl_Instance.UART
path_node_11 = reach paths from Crazyflie_System_impl_Instance.C13 to Crazyflie_System_impl_Instance.nRF51822_Firmware
path_node_0 = reach paths from Crazyflie_System_impl_Instance.C4 to Crazyflie_System_impl_Instance.STM32F405_Firmware.C6
forward_port_18 = reach forward Crazyflie_System_impl_Instance.I2C.ACCESS_OUT
forward_port_5 = reach forward Crazyflie_System_impl_Instance.C2.out
forward_port_7 = reach forward Crazyflie_System_impl_Instance.C6.in
forward_port_6 = reach forward Crazyflie_System_impl_Instance.STM32F405_Firmware.C3.out
forward_port_17 = reach forward Crazyflie_System_impl_Instance.C1.out
forward_port_8 = reach forward Crazyflie_System_impl_Instance.STM32F405_Firmware.CRTP_Rx_Task.processor_IN
forward_port_16 = reach forward Crazyflie_System_impl_Instance.UART.ACCESS_IN
forward_port_15 = reach forward Crazyflie_System_impl_Instance.M3.pwm_bus_OUT
forward_port_12 = reach forward Crazyflie_System_impl_Instance.M4.rate
forward_port_2 = reach forward Crazyflie_System_impl_Instance.MPU9250.i2c_bus_OUT
forward_port_14 = reach forward Crazyflie_System_impl_Instance.UART.bindings_OUT
forward_port_10 = reach forward Crazyflie_System_impl_Instance.STM32F405_Firmware.C3.in
forward_port_4 = reach forward Crazyflie_System_impl_Instance.M4.rate
forward_port_3 = reach forward Crazyflie_System_impl_Instance.M4.pwm_bus_IN
forward_port_20 = reach forward Crazyflie_System_impl_Instance.STM32F405_Firmware.C5.in
forward_port_0 = reach forward Crazyflie_System_impl_Instance.M1.pwm_bus_OUT
forward_port_19 = reach forward Crazyflie_System_impl_Instance.nrf51822.uart_bus_IN
forward_port_13 = reach forward Crazyflie_System_impl_Instance.STM32F405_Firmware.Main_Loop.Rate_4
forward_port_11 = reach forward Crazyflie_System_impl_Instance.C15.in
forward_port_1 = reach forward Crazyflie_System_impl_Instance.STM32F405_Firmware.C5.out
forward_port_9 = reach forward Crazyflie_System_impl_Instance.STM32F405_Firmware.Main_Loop.Rate_3
backward_port_6 = reach backward Crazyflie_System_impl_Instance.C14.out
backward_port_3 = reach backward Crazyflie_System_impl_Instance.STM32F405_Firmware.Power_Management.processor_IN
backward_port_10 = reach backward Crazyflie_System_impl_Instance.UART.bindings_IN
backward_port_14 = reach backward Crazyflie_System_impl_Instance.C1.out
backward_port_16 = reach backward Crazyflie_System_impl_Instance.STM32F405_Firmware.Main_Loop.Rate_1
backward_port_4 = reach backward Crazyflie_System_impl_Instance.STM32F405_Firmware.CRTP_Tx_Task.Msg
backward_port_12 = reach backward Crazyflie_System_impl_Instance.STM32F405_Firmware.C8.in
backward_port_1 = reach backward Crazyflie_System_impl_Instance.nRF51822_Firmware.processor_IN
backward_port_13 = reach backward Crazyflie_System_impl_Instance.C3.in
backward_port_17 = reach backward Crazyflie_System_impl_Instance.nRF51822_Firmware.processor_OUT
backward_port_5 = reach backward Crazyflie_System_impl_Instance.M3.rate
backward_port_20 = reach backward Crazyflie_System_impl_Instance.I2C.bindings_IN
backward_port_19 = reach backward Crazyflie_System_impl_Instance.UART.ACCESS_OUT
backward_port_11 = reach backward Crazyflie_System_impl_Instance.C15.in
backward_port_0 = reach backward Crazyflie_System_impl_Instance.STM32F405_Firmware.C6.out
backward_port_18 = reach backward Crazyflie_System_impl_Instance.STM32F405_Firmware.processor_OUT
backward_port_8 = reach backward Crazyflie_System_impl_Instance.STM32F405_Firmware.Syslink_Packet_Rx
backward_port_9 = reach backward Crazyflie_System_impl_Instance.C5.out
backward_port_15 = reach backward Crazyflie_System_impl_Instance.C11.out
backward_port_2 = reach backward Crazyflie_System_impl_Instance.STM32F405.i2c_bus_IN
backward_port_7 = reach backward Crazyflie_System_impl_Instance.M1.pwm_bus_IN
source_target_port_5 = reach from Crazyflie_System_impl_Instance.STM32F405_Firmware.C8.in to Crazyflie_System_impl_Instance.C15.in
source_target_port_7 = reach from Crazyflie_System_impl_Instance.STM32F405.uart_bus_IN to Crazyflie_System_impl_Instance.M2.pwm_bus_IN
source_target_port_12 = reach from Crazyflie_System_impl_Instance.C10b.in to Crazyflie_System_impl_Instance.STM32F405_Firmware.Main_Loop.Syslink_Packet_Rx
source_target_port_10 = reach from Crazyflie_System_impl_Instance.STM32F405_Firmware.C8.in to Crazyflie_System_impl_Instance.STM32F405_Firmware.Syslink_Packet_Rx
source_target_port_3 = reach from Crazyflie_System_impl_Instance.STM32F405_Firmware.CRTP_Tx_Task.Syslink_Packet to Crazyflie_System_impl_Instance.C9.out
source_target_port_13 = reach from Crazyflie_System_impl_Instance.C4.in to Crazyflie_System_impl_Instance.STM32F405_Firmware.DOFs
source_target_port_15 = reach from Crazyflie_System_impl_Instance.STM32F405.pwm_bus_IN to Crazyflie_System_impl_Instance.C10.BIND_OUT
source_target_port_2 = reach from Crazyflie_System_impl_Instance.M4.pwm_bus_IN to Crazyflie_System_impl_Instance.I2C.ACCESS_OUT
source_target_port_6 = reach from Crazyflie_System_impl_Instance.nRF51822_Firmware.Syslink_Packet_TX to Crazyflie_System_impl_Instance.M1.rate
source_target_port_19 = reach from Crazyflie_System_impl_Instance.M2.rate to Crazyflie_System_impl_Instance.C3.out
source_target_port_14 = reach from Crazyflie_System_impl_Instance.C4.out to Crazyflie_System_impl_Instance.STM32F405_Firmware.C9.in
source_target_port_20 = reach from Crazyflie_System_impl_Instance.I2C.ACCESS_OUT to Crazyflie_System_impl_Instance.STM32F405.pwm_bus_OUT
source_target_port_0 = reach from Crazyflie_System_impl_Instance.STM32F405_Firmware.C7.out to Crazyflie_System_impl_Instance.C1.in
source_target_port_9 = reach from Crazyflie_System_impl_Instance.STM32F405_Firmware.CRTP_Tx_Task.Syslink_Packet to Crazyflie_System_impl_Instance.STM32F405_Firmware.C2.in
source_target_port_17 = reach from Crazyflie_System_impl_Instance.C4.in to Crazyflie_System_impl_Instance.STM32F405.i2c_bus_OUT
source_target_port_16 = reach from Crazyflie_System_impl_Instance.STM32F405.bindings_IN to Crazyflie_System_impl_Instance.I2C.bindings_OUT
source_target_port_18 = reach from Crazyflie_System_impl_Instance.UART.ACCESS_OUT to Crazyflie_System_impl_Instance.C11.BIND_OUT
source_target_port_1 = reach from Crazyflie_System_impl_Instance.C14.out to Crazyflie_System_impl_Instance.C2.in
source_target_port_11 = reach from Crazyflie_System_impl_Instance.C6.in to Crazyflie_System_impl_Instance.nrf51822.uart_bus_OUT
source_target_port_8 = reach from Crazyflie_System_impl_Instance.C15.in to Crazyflie_System_impl_Instance.STM32F405_Firmware.Rate_3
source_target_port_4 = reach from Crazyflie_System_impl_Instance.STM32F405_Firmware.CRTP_Tx_Task.Msg to Crazyflie_System_impl_Instance.STM32F405_Firmware.CRTP_Tx_Task.Syslink_Packet
path_port_2 = reach paths from Crazyflie_System_impl_Instance.STM32F405_Firmware.Syslink_Packet_Tx to Crazyflie_System_impl_Instance.STM32F405_Firmware.CRTP_Tx_Task.processor_IN
path_port_4 = reach paths from Crazyflie_System_impl_Instance.STM32F405_Firmware.C7.out to Crazyflie_System_impl_Instance.M3.rate
path_port_16 = reach paths from Crazyflie_System_impl_Instance.STM32F405_Firmware.Main_Loop.DOFs to Crazyflie_System_impl_Instance.STM32F405_Firmware.C8.out
path_port_3 = reach paths from Crazyflie_System_impl_Instance.C11.BIND_OUT to Crazyflie_System_impl_Instance.C6.out
path_port_11 = reach paths from Crazyflie_System_impl_Instance.MPU9250.i2c_bus_IN to Crazyflie_System_impl_Instance.C12.in
path_port_10 = reach paths from Crazyflie_System_impl_Instance.STM32F405_Firmware.C9.out to Crazyflie_System_impl_Instance.STM32F405_Firmware.C3.in
path_port_18 = reach paths from Crazyflie_System_impl_Instance.nRF51822_Firmware.Syslink_Packet_RX to Crazyflie_System_impl_Instance.I2C.ACCESS_IN
path_port_0 = reach paths from Crazyflie_System_impl_Instance.STM32F405_Firmware.Power_Management.processor_IN to Crazyflie_System_impl_Instance.C10.out
path_port_20 = reach paths from Crazyflie_System_impl_Instance.C8.in to Crazyflie_System_impl_Instance.STM32F405_Firmware.Power_Management.processor_OUT
path_port_8 = reach paths from Crazyflie_System_impl_Instance.C10.out to Crazyflie_System_impl_Instance.STM32F405_Firmware.CRTP_Tx_Task.Msg
path_port_14 = reach paths from Crazyflie_System_impl_Instance.UART.bindings_IN to Crazyflie_System_impl_Instance.C9.in
path_port_19 = reach paths from Crazyflie_System_impl_Instance.C11.in to Crazyflie_System_impl_Instance.nRF51822_Firmware.Syslink_Packet_RX
path_port_6 = reach paths from Crazyflie_System_impl_Instance.M4.pwm_bus_OUT to Crazyflie_System_impl_Instance.nrf51822.uart_bus_IN
path_port_13 = reach paths from Crazyflie_System_impl_Instance.STM32F405_Firmware.C1.out to Crazyflie_System_impl_Instance.M4.pwm_bus_IN
path_port_1 = reach paths from Crazyflie_System_impl_Instance.STM32F405_Firmware.C8.in to Crazyflie_System_impl_Instance.C7.in
path_port_15 = reach paths from Crazyflie_System_impl_Instance.C14.in to Crazyflie_System_impl_Instance.STM32F405_Firmware.CRTP_Rx_Task.Msg
path_port_7 = reach paths from Crazyflie_System_impl_Instance.M3.pwm_bus_IN to Crazyflie_System_impl_Instance.C7.in
path_port_5 = reach paths from Crazyflie_System_impl_Instance.C4.out to Crazyflie_System_impl_Instance.C11.BIND_IN
path_port_9 = reach paths from Crazyflie_System_impl_Instance.STM32F405_Firmware.C1.in to Crazyflie_System_impl_Instance.C11.out
path_port_17 = reach paths from Crazyflie_System_impl_Instance.STM32F405_Firmware.Rate_4 to Crazyflie_System_impl_Instance.C10.BIND_IN
path_port_12 = reach paths from Crazyflie_System_impl_Instance.STM32F405_Firmware.C1.out to Crazyflie_System_impl_Instance.C11.inforward_node_12  = 3260, 1315, 1633, 904, 5520, 1673, 40500, 1799, 2304, 4704, 6361
forward_node_6  = 1358, 4377, 4552, 1028, 2466, 35830, 437, 5617, 1316, 1653, 5863
forward_node_2  = 222, 5692, 1830, 3549, 4155, 3626, 2954, 3790, 6376, 4902, 3709
forward_node_3  = 4358, 4317, 4051, 2251, 3951, 1776, 301, 2860, 3914, 101, 2788
forward_node_10  = 236, 41284, 1910, 4148, 2687, 4039, 2906, 4891, 3188, 4128, 6941
forward_node_5  = 4540, 5172, 2088, 96, 3696, 2483, 3010, 2961, 1532, 5013, 3059
forward_node_16  = 1258, 4547, 1564, 3200, 1855, 246, 3108, 33459, 2490, 5097, 5682
forward_node_13  = 5589, 5310, 6527, 43614, 3826, 5679, 1596, 1095, 4607, 5140, 8298
forward_node_18  = 4622, 5484, 1060, 4383, 203, 171, 3812, 2701, 1690, 1807, 2593
forward_node_4  = 3727, 784, 2404, 3938, 802, 5249, 3124, 5508, 3020, 3550, 3210
forward_node_17  = 4595, 7105, 6040, 9797, 4606, 2310, 5800, 2428, 3788, 5777, 5224
forward_node_15  = 4943, 6024, 931, 5703, 42539, 193, 1595, 3198, 2918, 164, 6820
forward_node_7  = 5874, 3443, 1039, 2828, 114, 1848, 159, 2810, 3815606, 1605, 383532
forward_node_0  = 5459, 37707, 1164, 2663, 2331, 975, 1030, 4909, 4599, 2339, 6317
forward_node_1  = 38703, 670, 926, 3068, 5455, 3855, 98, 2760, 3083, 2325, 6094
forward_node_8  = 5822, 5406, 2084, 3057, 3826, 5376, 2884, 4994, 1103, 412, 3496
forward_node_20  = 4781, 4439, 37137, 11890, 5140, 2639, 3746, 2556, 1196, 374, 7389
forward_node_14  = 4457, 4254, 1346, 4060, 6119, 210, 3174, 6411, 2355, 1641, 3402
forward_node_9  = 1293, 3396, 3935, 4849, 1759, 4935, 2432, 1115, 5653, 3934, 3330
forward_node_19  = 2445, 2321, 5962, 2119, 3545, 3565, 5053, 3951, 1106, 1535, 3160
forward_node_11  = 3828, 4993, 4939, 3340, 10045, 400, 2881, 2743, 1481, 292, 3494
total =  = 22893

backward_node_9  = 2933, 4301, 2301, 983, 415, 838, 424, 4257, 888, 3589, 2092
backward_node_15  = 3655, 401, 3294, 5090, 4734, 4278, 796, 284, 856, 413, 2380
backward_node_14  = 3198, 2176, 935, 4215, 3621, 375, 1898, 2426, 462, 1534, 2084
backward_node_20  = 3463, 345, 2531, 3705, 1894, 4119, 2613, 2582, 3314, 3309, 2787
backward_node_7  = 7275, 2653, 998, 2025, 1021, 2002, 2335, 2009, 4259, 1172, 2574
backward_node_11  = 1526, 5195, 2092, 5091, 2624, 4086, 4013, 958, 4075, 2641, 3230
backward_node_16  = 1881, 351, 2270, 669, 352, 4345, 2287, 1240, 3031, 746, 1717
backward_node_12  = 1856, 1798, 4127, 4052, 1647, 2084, 2741, 3154, 3266, 3166, 2789
backward_node_6  = 475, 2556, 2409, 1032, 3293, 3411, 1270, 193, 4082, 1254, 1997
backward_node_17  = 4666, 1444, 4602, 1627, 5349, 3327, 5028, 4676, 4963, 2246, 3792
backward_node_3  = 5260, 3184, 1229, 2686, 1000, 2664, 660, 1535, 1428, 4455, 2410
backward_node_8  = 3858, 456, 3218, 1685, 4028, 5228, 5188, 66, 2791, 3467, 2998
backward_node_2  = 2535, 3601, 3024, 373, 904, 1788, 1619, 4162, 2619, 1038, 2166
backward_node_18  = 823, 2510, 4807, 3416, 3937, 2542, 1048, 5752, 1269, 5324, 3142
backward_node_13  = 411, 4023, 3378, 2472, 4265, 964, 4623, 2900, 4285, 4296, 3161
backward_node_19  = 3691, 2918, 648, 3031, 1365, 4816, 2175, 5168, 2035, 371, 2621
backward_node_1  = 4272, 827, 378, 670, 2899, 5148, 3121, 1253, 2441, 4989, 2599
backward_node_0  = 3948, 772, 3919, 2566, 45067, 5439, 2341, 72, 4832, 3716, 7267
backward_node_4  = 3772, 5052, 3509, 1068, 3367, 2022, 3315, 1617, 73, 728, 2452
backward_node_5  = 3831, 4838, 3333, 350, 4633, 4039, 753, 4070, 105, 2830, 2878
backward_node_10  = 2192, 3688, 1493, 1945, 3148, 1170, 3553, 3425, 1733, 794, 2314
total =  = 2830

source_target_node_7  = 10404, 10368, 5664, 5753, 8770, 2373, 11939, 10426, 42571, 8150, 11641
source_target_node_10  = 676, 5628, 7843, 778, 217, 1610, 225, 8462, 8014, 944, 3439
source_target_node_16  = 9352, 5240, 841, 10397, 7643, 6585, 16258, 3093, 8182, 1452, 6904
source_target_node_12  = 5132, 8595, 1464, 8235, 3312, 15214, 7459, 9369, 3097, 984, 6286
source_target_node_19  = 921, 258, 245, 2721, 6975, 6058, 17948, 5646, 1718, 1659, 4414
source_target_node_6  = 4707, 3515, 9678, 9712, 2081, 7269, 11469, 5878, 5782, 6905, 6699
source_target_node_20  = 7198, 2998, 6598, 2041, 960, 3119, 1774, 2173, 3815, 2344, 3302
source_target_node_4  = 9421, 10451, 3334, 9015, 4875, 3835, 2304, 5463, 5847, 6364, 6090
source_target_node_2  = 10125, 8624, 4933, 4534, 6330, 2011, 711, 10316, 9277, 9540, 6640
source_target_node_8  = 3139, 6974, 9704, 3932, 6393, 10770, 4850, 1466, 1623, 4475, 5332
source_target_node_5  = 11059, 4484, 2926, 46480, 4728, 7212, 2840, 9500, 132, 4929, 9429
source_target_node_0  = 1366, 9287, 1842, 5133, 1368, 4497, 39054, 3537, 7739, 2871, 7669
source_target_node_11  = 6659, 4460, 2894, 6530, 11997, 1155, 6067, 6991, 10785, 5623, 6316
source_target_node_15  = 631, 8175, 3877, 600, 13383, 4464, 2956, 4990, 9482, 7498, 5605
source_target_node_14  = 1941, 5439, 5378, 4742, 8792, 5999, 2669, 8964, 2514, 9026, 5546
source_target_node_9  = 3867, 2338, 9821, 5680, 7737, 1393, 8742, 2494, 2120, 8650, 5284
source_target_node_3  = 940, 9644, 9620, 747, 4401, 25999, 9404, 10885, 8249, 6957, 8684
source_target_node_1  = 8351, 1439, 8048, 7709, 4079, 8587, 7631, 8158, 7234, 15652, 7688
source_target_node_18  = 48713, 10043, 4895, 8630, 12039, 7523, 6834, 7165, 186, 736, 10676
source_target_node_13  = 3473, 1789, 6111, 1141, 2465, 3453, 5999, 3976, 8537, 3343, 4028
source_target_node_17  = 6760, 7404, 4330, 2526, 9645, 5674, 1168, 4585, 4429, 11378, 5789
total =  = 6545

path_node_12  = 1470, 2207, 534, 841, 2352, 549, 2526, 467, 2455, 2753, 1615
path_node_4  = 300, 3183, 2018, 1191, 2508, 2307, 2581, 3087, 2193, 2591, 2195
path_node_17  = 508, 3149, 191, 2013, 2173, 710, 2155, 2879, 1056, 3101, 1793
path_node_19  = 1691, 1795, 1453, 1286, 1752, 1377, 2752, 1624, 1232, 1459, 1642
path_node_9  = 41294, 1926, 504, 3081, 58, 1850, 2316, 317, 2782, 2346, 5647
path_node_2  = 2383, 2896, 284, 2905, 285, 1979, 990, 3018, 2264, 2209, 1921
path_node_8  = 532, 2361, 1979, 2902, 171, 2213, 1305, 507, 2293, 2344, 1660
path_node_6  = 1317, 1266, 1930, 1774, 2153, 613, 811, 1305, 3014, 2249, 1643
path_node_15  = 1179, 127, 3011, 1026, 2838, 2199, 2084, 1842, 44362, 2530, 6119
path_node_3  = 3322, 2669, 2876, 1742, 1900, 2454, 2391, 1533, 960, 1617, 2146
path_node_16  = 1659, 2712, 1377, 1508, 36433, 385, 2076, 2567, 1910, 2458, 5308
path_node_20  = 1768, 2485, 812, 707, 2860, 142, 2913, 1983, 2539, 2229, 1843
path_node_14  = 461, 2578, 1654, 1587, 2981, 1977, 861, 1817, 3338, 1530, 1878
path_node_13  = 2336, 2729, 206, 2905, 358, 1857, 3002, 2794, 2578, 2049, 2081
path_node_7  = 3427, 2539, 3161, 2740, 273, 230, 2968, 287, 2978, 3205, 2180
path_node_10  = 1189, 1147, 1441, 670, 945, 1306, 586, 2486, 783, 1195, 1174
path_node_5  = 3087, 1190, 333, 2710, 2587, 289, 1104, 1935, 1926, 1466, 1662
path_node_18  = 7077, 1789, 2603, 2621, 1794, 3089, 1995, 1059, 2011, 696, 2473
path_node_1  = 3135, 345, 616, 1361, 2723, 1619, 1374, 258, 220, 1885, 1353
path_node_11  = 2287, 229, 1757, 3007, 2867, 1958, 2184, 1200, 1130, 1835, 1845
path_node_0  = 1830, 1994, 1875, 1408, 2522, 2108, 997, 3017, 3092, 2793, 2163
total =  = 2397

forward_port_18  = 7872, 11051, 11283, 11463, 7955, 8331, 1930, 16271, 9031, 4924, 9011
forward_port_5  = 1292, 4666, 7326, 1264, 10948, 14135, 9778, 11984, 10806, 2517, 7471
forward_port_7  = 10353, 2474, 9563, 11030, 51065, 157, 3717, 2003, 10185, 1240, 10178
forward_port_6  = 1032, 2642, 8574, 2092, 11138, 6307, 2790, 11050, 480, 5257, 5136
forward_port_17  = 7563, 1779, 9276, 11042, 1170, 47881, 21528, 1054, 1713, 14845, 11785
forward_port_8  = 6916, 10965, 5446, 44107, 5747, 5432, 8451, 9547, 6259, 9308, 11217
forward_port_16  = 46792, 10844, 9261, 2837, 7856, 8741, 2038, 2598, 8989, 1161, 10111
forward_port_15  = 1062, 964, 8363, 10085, 11088, 10019, 9152, 959, 9293, 15958, 7694
forward_port_12  = 8222, 10510, 9850, 5112, 11246, 259, 2910, 9806, 363, 12799, 7107
forward_port_2  = 2189, 5496, 14974, 4209, 9990, 9061, 3593, 13572, 8185, 3715, 7498
forward_port_14  = 8165, 1185, 5333, 4614, 39994, 7584, 11618, 1792, 8711, 995, 8999
forward_port_10  = 7242, 2271, 6723, 3855, 6453, 6019, 2352, 1129, 243, 11527, 4781
forward_port_4  = 8728, 11346, 13515, 4041, 6112, 6126, 9642, 14039, 8911, 9733, 9219
forward_port_3  = 10478, 216, 12841, 4953, 5179, 6956, 40646, 2739, 7443, 4999, 9645
forward_port_20  = 1981, 2746, 47494, 4780, 6284, 10685, 2081, 2698, 10004, 1934, 9068
forward_port_0  = 2206, 2254, 5800, 3876, 10416, 6605, 4021, 12967, 9395, 3314, 6085
forward_port_19  = 9031, 3875, 6852, 1911, 7489, 6203, 1571, 3706002, 6643, 4428, 375400
forward_port_13  = 8989, 49963, 38944, 4852, 7955, 7220, 2828, 2063, 7742, 3354, 13391
forward_port_11  = 10308, 5475, 39385, 2987, 5778, 252, 2445, 9054, 1370, 13307, 9036
forward_port_1  = 46742, 5528, 8584, 5271, 41295, 9130, 2450, 9446, 351, 13704, 14250
forward_port_9  = 10333, 2034, 5608, 10940, 5926, 4697, 3781, 12434, 9311, 1663, 6672
total =  = 26369

backward_port_6  = 35844, 5545, 35120, 40284, 8396, 60381, 19086, 15720, 78435, 30190, 32900
backward_port_3  = 11454, 12851, 40586, 14177, 36704, 175, 85642, 49966, 315, 11122, 26299
backward_port_10  = 264, 46378, 10952, 303, 57387, 14192, 192, 41253, 215, 2932, 17406
backward_port_14  = 5683, 24049, 31860, 11220, 33331, 49140, 10298, 43914, 26653, 22385, 25853
backward_port_16  = 3121, 13556, 39971, 3365, 67673, 73019, 41303, 3011, 51869, 18574, 31546
backward_port_4  = 30522, 85554, 76034, 5573, 65534, 39507, 38309, 5361, 80843, 2887, 43012
backward_port_12  = 8510, 2732, 85371, 36748, 30921, 17146, 27905, 31469, 18792, 8263, 26785
backward_port_1  = 16434, 19399, 25543, 15586, 41063, 3725952, 25169, 34442, 5821, 5493, 391490
backward_port_13  = 13806, 16504, 35262, 63869, 58320, 56469, 3393, 10026, 25897, 72611, 35615
backward_port_17  = 54283, 31490, 16066, 22670, 19905, 14430, 16312, 18205, 15681, 20267, 22930
backward_port_5  = 54326, 22094, 13867, 19653, 75453, 28958, 30657, 30726, 54029, 51487, 38125
backward_port_20  = 10700, 45936, 41357, 2828, 83213, 65536, 12814, 26489, 28347, 2785, 32000
backward_port_19  = 22943, 40349, 49931, 13805, 46168, 8678, 43820, 22121, 2941, 52034, 30279
backward_port_11  = 45363, 26730, 7922, 84845, 6877, 3461, 33888, 48649, 45100, 24725, 32756
backward_port_0  = 11157, 38329, 10817, 8558, 15504, 6258, 22493, 36233, 28400, 32970, 21071
backward_port_18  = 40810, 44016, 30225, 30904, 23215, 30065, 12000, 51661, 44070, 14318, 32128
backward_port_8  = 23090, 35896, 19657, 33482, 25341, 33823, 37721, 8061, 41938, 27479, 28648
backward_port_9  = 65901, 10650, 5636, 58530, 87863, 22365, 8757, 43442, 16512, 38496, 35815
backward_port_15  = 28989, 30335, 32161, 27616, 3448, 57227, 46592, 43488, 33954, 44046, 34785
backward_port_2  = 27606, 5493, 8019, 13730, 10207, 170, 13630, 89872, 37138, 103299, 30916
backward_port_7  = 19189, 64, 40663, 22219, 72105, 95, 164, 53253, 49150, 49066, 30596
total =  = 47664

source_target_port_5  = 158263, 109363, 129752, 20286, 95448, 22264, 132601, 47520, 80482, 103591, 89957
source_target_port_7  = 10864, 27122, 66555, 47138, 79575, 6718, 44380, 21037, 118969, 55138, 47749
source_target_port_12  = 47778, 49175, 96749, 69814, 107244, 104705, 104248, 203799, 39666, 5602, 82878
source_target_port_10  = 85162, 62312, 21730, 80594, 53181, 101434, 36143, 125768, 87397, 118238, 77195
source_target_port_3  = 27990, 89216, 32788, 28737, 84862, 33307, 68123, 37929, 25342, 67568, 49586
source_target_port_13  = 115143, 120093, 32749, 11456, 108427, 185554, 108884, 61329, 90067, 54769, 88847
source_target_port_15  = 52825, 19949, 9734, 141285, 6464, 51158, 58867, 73672, 103734, 85654, 60334
source_target_port_2  = 80304, 111954, 172781, 97886, 141761, 125040, 126634, 110085, 104178, 13160, 108378
source_target_port_6  = 119638, 146008, 126303, 82170, 26639, 160267, 11749, 204655, 120007, 94412, 109184
source_target_port_19  = 119129, 159158, 3302, 88145, 15950, 95585, 116390, 88019, 86049, 71945, 84367
source_target_port_14  = 4580, 62844, 78866, 79681, 9237, 130595, 86310, 152503, 72918, 143493, 82102
source_target_port_20  = 122216, 85112, 63465, 7312, 36589, 36661, 75904, 78253, 87365, 138436, 73131
source_target_port_0  = 114325, 4644, 43491, 3740572, 17445, 12444, 54198, 146088, 60268, 50107, 424358
source_target_port_9  = 98264, 18222, 55857, 69419, 53665, 127298, 83716, 74443, 17045, 25040, 62296
source_target_port_17  = 35478, 124540, 152662, 83363, 35296, 26475, 16426, 96476, 122432, 10018, 70316
source_target_port_16  = 132150, 34622, 186195, 133044, 76103, 143494, 3899206, 13631, 66253, 27252, 471195
source_target_port_18  = 3781741, 28016, 133756, 119, 41773, 47063, 168, 139692, 133224, 53408, 435896
source_target_port_1  = 111402, 49301, 90553, 107382, 90935, 79043, 3901, 145896, 15845, 40607, 73486
source_target_port_11  = 165926, 44309, 160672, 38709, 74392, 9037, 30895, 142694, 4129, 126989, 79775
source_target_port_8  = 15397, 53695, 80158, 99049, 120897, 115263, 158941, 60011, 2662275, 60419, 342610
source_target_port_4  = 37934, 142254, 111501, 115844, 142621, 103170, 103609, 14914, 156800, 96928, 102557
total =  = 143628

path_port_2  = 42926, 176915, 144004, 30538, 137095, 240330, 2757799, 24245, 260604, 272741, 408719
path_port_4  = 13040, 14018, 9595, 132026, 91699, 290380, 37472, 121553, 280693, 207875, 119835
path_port_16  = 247660, 73230, 18211, 311693, 313520, 127573, 360330, 150523, 273164, 290270, 216617
path_port_3  = 313407, 195869, 234027, 107074, 48034, 30851, 31419, 190352, 65003, 368526, 158456
path_port_11  = 73413, 338537, 298389, 236033, 41672, 439027, 355481, 101146, 270124, 166664, 232048
path_port_10  = 256892, 361593, 116730, 2902404, 180504, 336130, 257416, 156578, 195350, 331612, 509520
path_port_18  = 244370, 244175, 50103, 87184, 591491, 310766, 18610, 190567, 188398, 287830, 221349
path_port_0  = 206729, 179429, 229823, 2787302, 235588, 115809, 132128, 369144, 138177, 288727, 468285
path_port_20  = 231690, 4225, 423846, 351635, 12704, 156841, 34888, 250257, 129272, 65137, 166049
path_port_8  = 91717, 58143, 226161, 28488, 265604, 133747, 228548, 199118, 138104, 55297, 142492
path_port_14  = 102970, 237170, 398214, 208882, 239510, 37138, 216631, 244987, 310447, 98945, 209489
path_port_19  = 330827, 147701, 300373, 108091, 357778, 157585, 238980, 32430, 198831, 13867, 188646
path_port_6  = 288801, 61392, 262652, 25536, 2887572, 244167, 25749, 204907, 365774, 85137, 445168
path_port_13  = 210764, 4124, 91807, 13790, 215391, 2814862, 44582, 168686, 400953, 181059, 414601
path_port_1  = 94545, 225593, 91489, 358979, 172232, 239564, 184576, 113193, 238776, 175447, 189439
path_port_15  = 265920, 401827, 197589, 80862, 253345, 15227, 203564, 198625, 2605853, 2645922, 686873
path_port_7  = 268975, 22111, 24719, 10506, 2813292, 19382, 72887, 162737, 9543, 37944, 344209
path_port_5  = 2845093, 4217, 381565, 197044, 166708, 335440, 179279, 100, 142638, 291474, 454355
path_port_9  = 333130, 54562, 145231, 123733, 340957, 269440, 419685, 20412, 29089, 32193, 176843
path_port_17  = 322286, 365510, 283498, 628517, 294691, 279961, 35883, 73857, 169284, 171918, 262540
path_port_12  = 326860, 2968530, 286512, 312691, 328467, 4284, 28654, 258747, 195763, 262231, 497273
total =  = 310133