#graphs, #height, #components, #connections, #ports, #nodes, #edges, #flows
11, 3, 39, 48, 284, 154, 96, 0
forward_node_12 = reach forward display_manager_i_Instance.infos.wind_sensor
forward_node_7 = reach forward display_manager_i_Instance.manager.infos_pitot_status
forward_node_14 = reach forward display_manager_i_Instance.manager.infos_page
forward_node_1 = reach forward display_manager_i_Instance.manager.critical_aircraft_speed
forward_node_5 = reach forward display_manager_i_Instance.monitor.cout1
forward_node_9 = reach forward display_manager_i_Instance.monitor.fuel2
forward_node_4 = reach forward display_manager_i_Instance.infos.wind_sensor
forward_node_20 = reach forward display_manager_i_Instance.infos.c5
forward_node_13 = reach forward display_manager_i_Instance.monitor.engine2
forward_node_17 = reach forward display_manager_i_Instance.infos.c3
forward_node_10 = reach forward display_manager_i_Instance.manager.critical_altitude
forward_node_6 = reach forward display_manager_i_Instance.platform.mem.s1
forward_node_11 = reach forward display_manager_i_Instance.monitor.cout2
forward_node_0 = reach forward display_manager_i_Instance.infos.c5
forward_node_16 = reach forward display_manager_i_Instance.manager.critical_page
forward_node_8 = reach forward display_manager_i_Instance.monitor.fuel2
forward_node_3 = reach forward display_manager_i_Instance.manager.critical
forward_node_15 = reach forward display_manager_i_Instance.infos.altitude_sensor
forward_node_18 = reach forward display_manager_i_Instance.monitor
forward_node_2 = reach forward display_manager_i_Instance.renderer.c1
forward_node_19 = reach forward display_manager_i_Instance.manager.critical_page
backward_node_9 = reach backward display_manager_i_Instance.platform.cpu.part4
backward_node_16 = reach backward display_manager_i_Instance.manager.infos
backward_node_3 = reach backward display_manager_i_Instance.manager.warning_altitude
backward_node_8 = reach backward display_manager_i_Instance.manager
backward_node_0 = reach backward display_manager_i_Instance.manager.critical.severity_level
backward_node_18 = reach backward display_manager_i_Instance.manager.warning_pitot_status
backward_node_19 = reach backward display_manager_i_Instance.manager.warning
backward_node_13 = reach backward display_manager_i_Instance.platform.cpu.part2
backward_node_12 = reach backward display_manager_i_Instance.manager.warning_altitude
backward_node_2 = reach backward display_manager_i_Instance.c7
backward_node_20 = reach backward display_manager_i_Instance.renderer.c0
backward_node_15 = reach backward display_manager_i_Instance.platform.mem.s3
backward_node_14 = reach backward display_manager_i_Instance.manager.critical_page
backward_node_17 = reach backward display_manager_i_Instance.manager.infos_aircraft_speed
backward_node_4 = reach backward display_manager_i_Instance.infos.wind_processing
backward_node_10 = reach backward display_manager_i_Instance.c8
backward_node_1 = reach backward display_manager_i_Instance.manager.warning_fuel_status
backward_node_5 = reach backward display_manager_i_Instance.manager.warning_aircraft_speed
backward_node_6 = reach backward display_manager_i_Instance.monitor.cin3
backward_node_7 = reach backward display_manager_i_Instance.manager.warning_altitude
backward_node_11 = reach backward display_manager_i_Instance.manager.warning_engines_status
source_target_node_3 = reach from display_manager_i_Instance.infos.altitude_processing to display_manager_i_Instance.manager.infos_page
source_target_node_0 = reach from display_manager_i_Instance.manager to display_manager_i_Instance.monitor.fuel2
source_target_node_6 = reach from display_manager_i_Instance.monitor.pitot1 to display_manager_i_Instance.c7
source_target_node_17 = reach from display_manager_i_Instance.manager.critical_page to display_manager_i_Instance.monitor.pitots
source_target_node_16 = reach from display_manager_i_Instance.infos.c2 to display_manager_i_Instance.c3
source_target_node_13 = reach from display_manager_i_Instance.monitor.pitot2 to display_manager_i_Instance.platform.cpu
source_target_node_2 = reach from display_manager_i_Instance.platform.mem.s2 to display_manager_i_Instance.monitor.cin1
source_target_node_9 = reach from display_manager_i_Instance.infos.c4 to display_manager_i_Instance.manager.warning_altitude
source_target_node_15 = reach from display_manager_i_Instance.renderer.c2 to display_manager_i_Instance.manager.critical_engines_status
source_target_node_1 = reach from display_manager_i_Instance.monitor to display_manager_i_Instance.monitor.cin3
source_target_node_8 = reach from display_manager_i_Instance.monitor.pitot2 to display_manager_i_Instance.platform.cpu
source_target_node_4 = reach from display_manager_i_Instance.c7 to display_manager_i_Instance.monitor.engines
source_target_node_5 = reach from display_manager_i_Instance.platform.cpu.part1 to display_manager_i_Instance.monitor.fuel2
source_target_node_18 = reach from display_manager_i_Instance.c0 to display_manager_i_Instance.c0
source_target_node_7 = reach from display_manager_i_Instance.c2 to display_manager_i_Instance.manager.warning_engines_status
source_target_node_19 = reach from display_manager_i_Instance.monitor.cout0 to display_manager_i_Instance.c8
source_target_node_14 = reach from display_manager_i_Instance.infos to display_manager_i_Instance.monitor.engines
source_target_node_12 = reach from display_manager_i_Instance.manager.critical_fuel_status to display_manager_i_Instance.platform.mem.s2
source_target_node_11 = reach from display_manager_i_Instance.platform.mem.s2 to display_manager_i_Instance.monitor.cin3
source_target_node_20 = reach from display_manager_i_Instance.infos.c3 to display_manager_i_Instance.infos.c1
source_target_node_10 = reach from display_manager_i_Instance.infos.c5 to display_manager_i_Instance.manager.infos_page
path_node_15 = reach paths from display_manager_i_Instance.platform.mem.s4 to display_manager_i_Instance.monitor.pitots
path_node_13 = reach paths from display_manager_i_Instance.renderer.c2 to display_manager_i_Instance.manager.critical_pitot_status
path_node_8 = reach paths from display_manager_i_Instance.manager.infos to display_manager_i_Instance.renderer
path_node_12 = reach paths from display_manager_i_Instance.infos.c5 to display_manager_i_Instance.infos.c2
path_node_17 = reach paths from display_manager_i_Instance.platform.cpu to display_manager_i_Instance.monitor.engine1
path_node_5 = reach paths from display_manager_i_Instance.infos.c3 to display_manager_i_Instance.c8
path_node_19 = reach paths from display_manager_i_Instance.c2 to display_manager_i_Instance.monitor.engines
path_node_3 = reach paths from display_manager_i_Instance.renderer.infos to display_manager_i_Instance.infos
path_node_18 = reach paths from display_manager_i_Instance.manager.warning_page to display_manager_i_Instance.manager.critical_fuel_status
path_node_0 = reach paths from display_manager_i_Instance.renderer to display_manager_i_Instance.c0
path_node_4 = reach paths from display_manager_i_Instance.manager.warning.severity_level to display_manager_i_Instance.c3
path_node_16 = reach paths from display_manager_i_Instance.manager to display_manager_i_Instance.manager.critical
path_node_6 = reach paths from display_manager_i_Instance.c2 to display_manager_i_Instance.manager.infos_fuel_status
path_node_9 = reach paths from display_manager_i_Instance.c4 to display_manager_i_Instance.infos.wind_sensor
path_node_11 = reach paths from display_manager_i_Instance.infos to display_manager_i_Instance.monitor.pitot1
path_node_10 = reach paths from display_manager_i_Instance.infos.gps_sensor to display_manager_i_Instance.manager.infos_engines_status
path_node_7 = reach paths from display_manager_i_Instance.manager.warning_engines_status to display_manager_i_Instance.infos.wind_processing
path_node_2 = reach paths from display_manager_i_Instance.monitor.cout1 to display_manager_i_Instance.platform.mem
path_node_20 = reach paths from display_manager_i_Instance.manager.infos_engines_status to display_manager_i_Instance.manager.infos_pitot_status
path_node_1 = reach paths from display_manager_i_Instance.infos.c2 to display_manager_i_Instance.monitor.engine2
path_node_14 = reach paths from display_manager_i_Instance.manager.critical_aircraft_speed to display_manager_i_Instance.platform.cpu.part4
forward_port_8 = reach forward display_manager_i_Instance.manager.warning.severity_level.memory_IN
forward_port_16 = reach forward display_manager_i_Instance.manager.infos_altitude.in
forward_port_20 = reach forward display_manager_i_Instance.manager.critical_altitude.out
forward_port_6 = reach forward display_manager_i_Instance.manager.critical.severity_level.memory_IN
forward_port_19 = reach forward display_manager_i_Instance.manager.critical_page.in
forward_port_14 = reach forward display_manager_i_Instance.monitor.fuel1.memory_IN
forward_port_12 = reach forward display_manager_i_Instance.renderer.warning.memory_OUT
forward_port_0 = reach forward display_manager_i_Instance.manager.warning_wind_speed.in
forward_port_15 = reach forward display_manager_i_Instance.platform.mem.s3.bindings_IN
forward_port_17 = reach forward display_manager_i_Instance.monitor.cin1.in
forward_port_13 = reach forward display_manager_i_Instance.infos.altitude_sensor.alt
forward_port_4 = reach forward display_manager_i_Instance.infos.altitude_processing.processor_OUT
forward_port_1 = reach forward display_manager_i_Instance.manager.critical_pitot_status.out
forward_port_7 = reach forward display_manager_i_Instance.renderer.warning.processor_OUT
forward_port_9 = reach forward display_manager_i_Instance.infos.memory_IN
forward_port_18 = reach forward display_manager_i_Instance.manager.warning.altitude
forward_port_3 = reach forward display_manager_i_Instance.monitor.pitot2.memory_OUT
forward_port_2 = reach forward display_manager_i_Instance.infos.wind_sensor.sensed
forward_port_5 = reach forward display_manager_i_Instance.monitor.cout2.out
forward_port_10 = reach forward display_manager_i_Instance.infos.aircraft_speed
forward_port_11 = reach forward display_manager_i_Instance.infos.speed_processing.pos
backward_port_5 = reach backward display_manager_i_Instance.manager.critical.fuel_status
backward_port_13 = reach backward display_manager_i_Instance.renderer.infos.processor_IN
backward_port_19 = reach backward display_manager_i_Instance.renderer.warning.memory_IN
backward_port_2 = reach backward display_manager_i_Instance.platform.cpu.part1.bindings_OUT
backward_port_8 = reach backward display_manager_i_Instance.manager.critical_aircraft_speed.in
backward_port_20 = reach backward display_manager_i_Instance.c2.in
backward_port_1 = reach backward display_manager_i_Instance.manager.infos_wind_speed.out
backward_port_0 = reach backward display_manager_i_Instance.renderer.c2.in
backward_port_6 = reach backward display_manager_i_Instance.monitor.engine2.processor_OUT
backward_port_3 = reach backward display_manager_i_Instance.monitor.engine1.memory_IN
backward_port_15 = reach backward display_manager_i_Instance.monitor.engine2.processor_OUT
backward_port_10 = reach backward display_manager_i_Instance.infos.gps_sensor.processor_IN
backward_port_18 = reach backward display_manager_i_Instance.monitor.cin0.in
backward_port_12 = reach backward display_manager_i_Instance.monitor.cout1.in
backward_port_11 = reach backward display_manager_i_Instance.renderer.warning.memory_OUT
backward_port_16 = reach backward display_manager_i_Instance.manager.infos_engines_status.out
backward_port_4 = reach backward display_manager_i_Instance.c1.out
backward_port_14 = reach backward display_manager_i_Instance.renderer.c0.out
backward_port_17 = reach backward display_manager_i_Instance.infos.aircraft_speed
backward_port_9 = reach backward display_manager_i_Instance.renderer.infos.processor_OUT
backward_port_7 = reach backward display_manager_i_Instance.renderer.page_critical
source_target_port_12 = reach from display_manager_i_Instance.infos.c3.in to display_manager_i_Instance.manager.critical_engines_status.out
source_target_port_14 = reach from display_manager_i_Instance.monitor.pitot1.memory_IN to display_manager_i_Instance.manager.infos_wind_speed.out
source_target_port_8 = reach from display_manager_i_Instance.monitor.engine2.status to display_manager_i_Instance.renderer.processor_IN
source_target_port_4 = reach from display_manager_i_Instance.manager.infos_page.out to display_manager_i_Instance.manager.warning.processor_IN
source_target_port_7 = reach from display_manager_i_Instance.manager.infos_wind_speed.out to display_manager_i_Instance.manager.infos.wind_speed
source_target_port_0 = reach from display_manager_i_Instance.manager.warning.altitude to display_manager_i_Instance.monitor.engines.memory_IN
source_target_port_11 = reach from display_manager_i_Instance.monitor.cout2.in to display_manager_i_Instance.c3.in
source_target_port_5 = reach from display_manager_i_Instance.manager.warning.wind_speed to display_manager_i_Instance.monitor.cin2.in
source_target_port_2 = reach from display_manager_i_Instance.manager.warning_altitude.out to display_manager_i_Instance.manager.critical_page.in
source_target_port_13 = reach from display_manager_i_Instance.c6.out to display_manager_i_Instance.renderer.critical.memory_IN
source_target_port_10 = reach from display_manager_i_Instance.platform.cpu.part1.bindings_IN to display_manager_i_Instance.monitor.fuels.memory_IN
source_target_port_6 = reach from display_manager_i_Instance.monitor.engine2.memory_OUT to display_manager_i_Instance.monitor.pitot2.processor_IN
source_target_port_20 = reach from display_manager_i_Instance.infos.wind_processing.processor_OUT to display_manager_i_Instance.renderer.warning.memory_IN
source_target_port_1 = reach from display_manager_i_Instance.platform.cpu.part4.bindings_OUT to display_manager_i_Instance.manager.warning_pitot_status.out
source_target_port_16 = reach from display_manager_i_Instance.monitor.engine1.processor_OUT to display_manager_i_Instance.monitor.cout0.out
source_target_port_3 = reach from display_manager_i_Instance.renderer.critical.page to display_manager_i_Instance.c1.in
source_target_port_19 = reach from display_manager_i_Instance.renderer.page_info to display_manager_i_Instance.c7.in
source_target_port_15 = reach from display_manager_i_Instance.manager.critical_page.in to display_manager_i_Instance.monitor.fuels.processor_OUT
source_target_port_17 = reach from display_manager_i_Instance.platform.mem.s3.bindings_OUT to display_manager_i_Instance.monitor.engines.memory_IN
source_target_port_18 = reach from display_manager_i_Instance.monitor.fuel2.level to display_manager_i_Instance.manager.page_critical
source_target_port_9 = reach from display_manager_i_Instance.infos.c2.out to display_manager_i_Instance.c7.out
path_port_5 = reach paths from display_manager_i_Instance.monitor.engines.engine2 to display_manager_i_Instance.monitor.fuels.memory_IN
path_port_14 = reach paths from display_manager_i_Instance.manager.critical_page.in to display_manager_i_Instance.c5.in
path_port_18 = reach paths from display_manager_i_Instance.monitor.engine1.processor_IN to display_manager_i_Instance.infos.wind_processing.sensed
path_port_1 = reach paths from display_manager_i_Instance.manager.critical_altitude.out to display_manager_i_Instance.infos.altitude_sensor.processor_OUT
path_port_4 = reach paths from display_manager_i_Instance.manager.warning.processor_OUT to display_manager_i_Instance.platform.cpu.part2.bindings_OUT
path_port_20 = reach paths from display_manager_i_Instance.renderer.critical.processor_OUT to display_manager_i_Instance.monitor.fuels.memory_IN
path_port_9 = reach paths from display_manager_i_Instance.monitor.pitot2.memory_IN to display_manager_i_Instance.monitor.engine1.processor_OUT
path_port_2 = reach paths from display_manager_i_Instance.infos.altitude_sensor.memory_IN to display_manager_i_Instance.manager.critical_aircraft_speed.out
path_port_3 = reach paths from display_manager_i_Instance.manager.critical_pitot_status.in to display_manager_i_Instance.infos.memory_IN
path_port_13 = reach paths from display_manager_i_Instance.renderer.critical.page to display_manager_i_Instance.monitor.cin0.in
path_port_8 = reach paths from display_manager_i_Instance.manager.warning.memory_IN to display_manager_i_Instance.monitor.fuel1.memory_IN
path_port_6 = reach paths from display_manager_i_Instance.infos.altitude_sensor.alt to display_manager_i_Instance.renderer.infos.page
path_port_19 = reach paths from display_manager_i_Instance.platform.cpu.part3.bindings_OUT to display_manager_i_Instance.renderer.critical.processor_OUT
path_port_7 = reach paths from display_manager_i_Instance.monitor.cout0.out to display_manager_i_Instance.manager.infos.memory_OUT
path_port_12 = reach paths from display_manager_i_Instance.manager.infos_engines_status.out to display_manager_i_Instance.monitor.fuels.level1
path_port_17 = reach paths from display_manager_i_Instance.manager.critical_altitude.out to display_manager_i_Instance.manager.critical.processor_IN
path_port_16 = reach paths from display_manager_i_Instance.monitor.fuel1.level to display_manager_i_Instance.manager.page_critical
path_port_10 = reach paths from display_manager_i_Instance.monitor.fuels.level1 to display_manager_i_Instance.infos.c1.out
path_port_15 = reach paths from display_manager_i_Instance.manager.infos_altitude.in to display_manager_i_Instance.monitor.engine2.memory_OUT
path_port_0 = reach paths from display_manager_i_Instance.infos.aircraft_speed to display_manager_i_Instance.infos.wind_processing.sensed
path_port_11 = reach paths from display_manager_i_Instance.monitor.fuels.level1 to display_manager_i_Instance.manager.critical.processor_INforward_node_12  = 1699, 4318, 2120, 4937, 9521, 2043, 1392, 783, 9303, 8151, 4426
forward_node_7  = 6648, 2792, 4579, 6386, 4759, 2907, 9232, 8183, 6968, 1459, 5391
forward_node_14  = 2480, 970, 8385, 6714, 3077, 4620, 5983, 1772, 27262, 3876, 6513
forward_node_1  = 6635, 9095, 3593, 8788, 5095, 6931, 7462, 3969, 9277, 2374, 6321
forward_node_5  = 6371, 6095, 8998, 830, 1029, 6600, 7258, 1392, 7621, 6581, 5277
forward_node_9  = 3366, 7101, 4179, 11154, 19010, 2624, 3424, 2493, 4423, 9106, 6688
forward_node_4  = 8673, 8984, 3075, 4144, 3844, 7599, 2065, 6894, 8158, 3729, 5716
forward_node_20  = 2270, 7979, 9691, 2127, 7049, 624, 2741, 8365, 1216, 1985, 4404
forward_node_13  = 1076, 5896, 1480, 5557, 6125, 9069, 8541, 3085, 5974, 4571, 5137
forward_node_17  = 7934, 3578, 7291, 6328, 8734, 5374, 726, 8992, 1809, 8864, 5963
forward_node_10  = 9023, 1236, 2466, 3530, 7690, 4676, 9411, 6245, 9429, 989, 5469
forward_node_6  = 8795, 8768, 2482, 8519, 6664, 9109, 6143, 47, 6779, 1017, 5832
forward_node_11  = 5522, 1825, 5083, 1470, 3051, 8462, 15335, 3580, 2428, 7122, 5387
forward_node_0  = 8299, 6495, 659, 2559, 2393, 1386, 8688, 5930, 654, 5973, 4303
forward_node_16  = 6967, 4962, 2672, 10011, 4041, 10343, 2106, 9325, 3333, 7484, 6124
forward_node_8  = 4211, 849, 8489, 8114, 4499, 6042, 4231, 4697, 6412, 2927, 5047
forward_node_3  = 476, 7785, 6608, 8474, 274, 10346, 3682, 8697, 3727, 7801, 5787
forward_node_15  = 10325, 2499, 6713, 7501, 1761, 4567, 6737, 5218, 5010, 706, 5103
forward_node_18  = 5005, 5084, 5802, 3414, 6624, 3888, 5085, 7701, 3291, 5180, 5107
forward_node_2  = 3337, 29628, 5930, 8530, 3999, 9160, 5274, 113, 1283, 1269, 6852
forward_node_19  = 2601, 2567, 789, 223, 399, 784, 7780, 1546, 7072, 1209, 2497
total =  = 5397

backward_node_9  = 2062, 965, 4164, 96, 1725, 2969, 327, 8386, 620, 1119, 2243
backward_node_16  = 5464, 1803, 3345, 2126, 5050, 7132, 1183, 8248, 5748, 4034, 4413
backward_node_3  = 2194, 8531, 3640, 6419, 2976, 11145, 1442, 6907, 7227, 3011, 5349
backward_node_8  = 8561, 3709, 1354, 7721, 1140, 2773, 6179, 2643, 1490, 6489, 4205
backward_node_0  = 1243, 6171, 6157, 6266, 5375, 8051, 5440, 1907, 608, 3122, 4434
backward_node_18  = 2365, 6242, 5317, 3964, 5207, 8386, 8248, 355, 610, 2336, 4303
backward_node_19  = 7483, 7441, 5220, 3134, 2781, 7478, 5362, 5568, 2454, 7561, 5448
backward_node_13  = 6583, 392, 313, 6695, 84, 9976, 3582, 2722, 3350, 6856, 4055
backward_node_12  = 2586, 902, 8070, 5085, 1664, 8262, 329, 2945, 3387, 1170, 3440
backward_node_2  = 3324, 2654, 6249, 5817, 8528, 3911, 4485, 4554, 4626, 1005, 4515
backward_node_20  = 4360, 8057, 2341, 4804, 7709, 5683, 7417, 1757, 3325, 5766, 5121
backward_node_15  = 1774, 4040, 8048, 6776, 77, 4398, 51, 2634, 7968, 2250, 3801
backward_node_14  = 1124, 5169, 8092, 1251, 4049, 1277, 2724, 3957, 6451, 8583, 4267
backward_node_17  = 7688, 2952, 8809, 6710, 7139, 4293, 7150, 629, 6659, 4539, 5656
backward_node_4  = 6399, 950, 4463, 6805, 1767, 8473, 32639, 8154, 1542, 4465, 7565
backward_node_10  = 6345, 6108, 7196, 8788, 6257, 2101, 3334, 6604, 8535, 1963, 5723
backward_node_1  = 1502, 644, 3479, 3618, 4118, 358, 7886, 5778, 6980, 4047, 3841
backward_node_5  = 1768, 5144, 586, 365, 1344, 4703, 7845, 857, 7685, 2899, 3319
backward_node_6  = 4735, 7328, 4180, 92, 1715, 4359, 5363, 568, 7406, 1167, 3691
backward_node_7  = 1270, 3948, 307, 6269, 369, 8065, 8303, 7378, 307, 2568, 3878
backward_node_11  = 4543, 354, 4034, 3352, 6337, 4537, 1850, 8591, 3734, 4877, 4220
total =  = 4451

source_target_node_3  = 2194, 11733, 6867, 2304, 4695, 5978, 16738, 1909, 18453, 12308, 8317
source_target_node_0  = 19643, 5306, 2928, 6805, 13619, 723, 11691, 11602, 20099, 14746, 10716
source_target_node_6  = 9695, 13479, 17901, 17505, 10054, 14092, 14847, 13454, 15193, 17186, 14340
source_target_node_17  = 21471, 10049, 7895, 12586, 1482, 20104, 6308, 3992, 408, 6561, 9085
source_target_node_16  = 5880, 2043, 13432, 8870, 13156, 10997, 10495, 14397, 2434, 8430, 9013
source_target_node_13  = 2887, 6368, 1288, 14866, 10824, 3347, 12382, 15390, 5561, 4542, 7745
source_target_node_2  = 2964, 13709, 2300, 4090, 6212, 19677, 10005, 5902, 8038, 1916, 7481
source_target_node_9  = 8073, 14887, 4719, 8180, 1211, 20660, 9236, 3569, 11821, 15480, 9783
source_target_node_15  = 14212, 3603, 12290, 468, 12553, 8856, 17528, 15935, 18495, 10131, 11407
source_target_node_1  = 17976, 15497, 12778, 15980, 15284, 12768, 8107, 8745, 1446, 1091, 10967
source_target_node_8  = 17448, 2886, 9521, 7964, 3081, 10045, 5856, 2703, 19385, 5484, 8437
source_target_node_4  = 364, 4904, 13959, 6646, 6145, 12500, 5184, 9283, 2654, 10441, 7208
source_target_node_5  = 4821, 3555, 12142, 84, 12042, 6148, 16999, 8886, 4489, 5346, 7451
source_target_node_18  = 7373, 8923, 8543, 4856, 17430, 2430, 35817, 16447, 4497, 6661, 11297
source_target_node_7  = 18695, 1286, 7272, 16727, 11573, 4205, 4709, 17171, 6425, 3850, 9191
source_target_node_19  = 18959, 8123, 11061, 4007, 16752, 7672, 3667, 7566, 7807, 13773, 9938
source_target_node_14  = 5036, 4645, 2165, 13984, 5612, 8420, 13479, 9845, 3556, 2940, 6968
source_target_node_12  = 19198, 3202, 414, 12931, 6422, 24705, 2064, 7948, 16835, 7210, 10092
source_target_node_11  = 4648, 10677, 35739, 6129, 11850, 1550, 17330, 14686, 1308, 14281, 11819
source_target_node_20  = 3792, 10271, 3694, 9515, 2233, 1408, 11643, 10992, 8922, 1879, 6434
source_target_node_10  = 14539, 17857, 15983, 12553, 8372, 19783, 1722, 5834, 11604, 9820, 11806
total =  = 9499

path_node_15  = 4831, 2849, 2656, 5530, 4048, 9508, 3196, 2046, 1318, 1691, 3767
path_node_13  = 4792, 3582, 2045, 798, 3433, 5287, 3144, 3899, 4333, 1835, 3314
path_node_8  = 5501, 5536, 5353, 2315, 3838, 2950, 2643, 2659, 4293, 3646, 3873
path_node_12  = 2859, 1066, 4892, 955, 6957, 5034, 5533, 146, 4462, 1138, 3304
path_node_17  = 441, 2854, 1668, 5345, 4423, 275, 2420, 1864, 1473, 5786, 2654
path_node_5  = 3111, 5649, 2800, 1187, 4623, 5609, 2000, 2454, 5740, 5177, 3835
path_node_19  = 3665, 3374, 943, 4162, 4047, 3972, 1288, 4082, 668, 4867, 3106
path_node_3  = 4298, 1820, 5324, 2361, 3154, 221, 2405, 389, 180, 913, 2106
path_node_18  = 3655, 1426, 1645, 1416, 4586, 2397, 6279, 3832, 1235, 338, 2680
path_node_0  = 2661, 825, 383, 5548, 2769, 2188, 1560, 1429, 5443, 931, 2373
path_node_4  = 4759, 5690, 2031, 655, 2278, 5594, 2531, 1539, 1548, 3822, 3044
path_node_16  = 10717, 5108, 4667, 3787, 2059, 1810, 4685, 5770, 3077, 3133, 4481
path_node_6  = 3865, 2334, 5540, 440, 634, 4505, 4926, 1042, 444, 4714, 2844
path_node_9  = 25879, 414, 2425, 2026, 5589, 2759, 2041, 3112, 5191, 596, 5003
path_node_11  = 699, 2708, 3016, 5905, 3575, 4547, 5784, 2895, 3857, 4977, 3796
path_node_10  = 5503, 2654, 3377, 5030, 5731, 3746, 575, 819, 3365, 3932, 3473
path_node_7  = 5950, 558, 5000, 5143, 327, 5224, 2850, 353, 4049, 1105, 3055
path_node_2  = 4375, 1132, 1378, 4261, 4305, 2007, 7632, 1887, 5090, 5515, 3758
path_node_20  = 836, 3100, 1808, 1299, 326, 5174, 618, 5564, 1465, 4469, 2465
path_node_1  = 662, 1697, 720, 1877, 2873, 3400, 1016, 3714, 1071, 1486, 1851
path_node_14  = 2968, 1309, 1115, 499, 3071, 4621, 3051, 2778, 4628, 344, 2438
total =  = 3200

forward_port_8  = 70376, 46160, 42590, 15468, 2884, 72335, 2503, 4802, 20481, 38893, 31649
forward_port_16  = 19568, 46597, 74560, 25073, 18485, 47613, 7125, 27531, 91192, 18984, 37672
forward_port_20  = 76399, 99551, 28489, 75601, 16544, 62667, 46756, 82898, 43744, 57466, 59011
forward_port_6  = 73806, 67997, 92436, 27315, 82949, 62723, 30981, 47371, 2406, 46255, 53423
forward_port_19  = 29666, 55060, 16203, 92870, 3595, 73525, 84944, 12925, 72434, 65903, 50712
forward_port_14  = 69640, 100024, 38525, 90387, 10468, 13244, 20781, 49877, 79007, 5696, 47764
forward_port_12  = 43847, 34872, 39416, 36670, 29071, 52651, 85514, 15407, 108721, 71433, 51760
forward_port_0  = 73048, 64377, 2891, 30758, 50058, 78220, 9776, 2838, 33492, 33278, 37873
forward_port_15  = 24259, 50443, 55619, 32303, 43511, 21257, 4284, 65546, 37514, 79138, 41387
forward_port_17  = 42939, 23287, 49411, 6995, 77939, 37910, 81422, 40629, 8390, 52634, 42155
forward_port_13  = 68591, 72151, 88084, 52582, 62780, 31533, 82758, 21292, 58884, 68474, 60712
forward_port_4  = 35560, 9382, 102218, 13485, 55423, 6132, 15980, 91237, 54781, 96838, 48103
forward_port_1  = 44140, 26916, 57816, 99361, 19232, 16139, 43185, 77576, 66900, 18117, 46938
forward_port_7  = 16673, 9979, 28906, 93405, 47071, 107324, 30061, 11367, 46928, 13601, 40531
forward_port_9  = 82104, 40819, 15552, 45801, 38564, 76942, 39468, 61989, 46662, 62734, 51063
forward_port_18  = 22230, 61632, 75734, 34612, 46972, 80241, 22927, 14457, 47804, 74346, 48095
forward_port_3  = 55221, 41052, 96807, 91215, 72404, 45483, 88468, 25701, 32666, 17463, 56648
forward_port_2  = 6197, 57897, 8697, 65523, 55899, 80738, 64869, 11471, 42729, 39569, 43358
forward_port_5  = 9721, 30523, 32086, 39699, 40716, 24621, 40971, 32437, 72361, 26893, 35002
forward_port_10  = 28251, 3373, 18979, 84712, 82394, 44080, 50239, 86500, 17087, 27177, 44279
forward_port_11  = 15928, 54081, 25718, 21927, 25853, 81747, 28916, 64836, 14318, 55269, 38859
total =  = 46047

backward_port_5  = 48234, 119704, 5810, 103808, 20334, 6114, 98656, 68172, 26632, 78633, 57609
backward_port_13  = 126291, 79323, 52677, 91356, 95544, 90695, 69542, 40221, 41047, 17694, 70439
backward_port_19  = 48627, 33364, 21747, 37325, 15829, 18823, 70392, 84496, 54434, 189425, 57446
backward_port_2  = 37909, 138388, 60737, 95038, 129889, 83705, 133081, 18846, 4197, 24237, 72602
backward_port_8  = 25933, 16332, 28508, 39213, 38760, 55342, 36406, 112129, 93564, 23790, 46997
backward_port_20  = 91413, 115216, 29642, 101171, 56126, 77677, 26632, 18834, 45018, 29975, 59170
backward_port_1  = 33192, 41791, 10430, 134847, 128286, 120846, 135155, 71647, 131306, 120316, 92781
backward_port_0  = 9422, 50705, 90723, 95080, 30474, 135938, 79679, 85877, 22705, 131388, 73199
backward_port_6  = 33286, 63012, 94609, 24278, 35611, 75127, 3008, 89719, 49317, 21449, 48941
backward_port_3  = 51064, 75875, 73303, 131880, 59577, 58798, 113727, 23899, 26255, 33567, 64794
backward_port_15  = 124070, 9704, 32480, 103885, 18222, 37241, 6038, 121762, 145947, 32921, 63227
backward_port_10  = 11853, 43545, 16948, 20969, 43176, 86139, 82070, 29256, 122319, 99340, 55561
backward_port_18  = 93153, 15323, 3002, 2583, 117401, 3043, 11488, 17692, 126541, 71799, 46202
backward_port_12  = 29020, 64674, 113418, 97758, 116068, 117595, 8644, 49000, 6885, 92127, 69518
backward_port_11  = 90024, 119547, 82814, 40791, 73165, 52164, 95152, 120802, 84041, 53473, 81197
backward_port_16  = 57659, 2808, 26880, 161413, 40759, 39910, 98342, 75177, 160097, 93399, 75644
backward_port_4  = 128129, 6937, 34743, 104094, 40377, 21504, 123934, 146063, 72576, 55126, 73348
backward_port_14  = 121729, 64561, 108928, 129660, 53112, 122735, 158778, 141952, 114961, 113276, 112969
backward_port_17  = 25049, 5088, 7852, 18524, 60649, 107020, 152928, 31734, 2317, 2358, 41351
backward_port_9  = 23337, 40460, 48119, 51791, 142802, 57048, 63260, 107434, 66404, 69031, 66968
backward_port_7  = 67324, 93999, 87362, 79608, 118822, 69411, 22831, 11068, 95052, 42012, 68748
total =  = 66605

source_target_port_12  = 205771, 43419, 150586, 108098, 205495, 49170, 75411, 158380, 192803, 18288, 120742
source_target_port_14  = 13866, 145079, 132871, 124809, 120174, 255288, 22018, 157629, 296484, 40105, 130832
source_target_port_8  = 188208, 200957, 203275, 267586, 66298, 114536, 174856, 124564, 29672, 85286, 145523
source_target_port_4  = 274055, 81887, 108494, 135795, 121854, 210903, 176212, 56144, 150500, 176914, 149275
source_target_port_7  = 248702, 252319, 18404, 165726, 6753, 6535, 271073, 180811, 238357, 260130, 164881
source_target_port_0  = 24647, 245123, 110874, 52730, 122399, 87630, 7303, 190733, 182749, 212467, 123665
source_target_port_11  = 221342, 246626, 167201, 253279, 207348, 48320, 82483, 94501, 150087, 140662, 161184
source_target_port_5  = 100191, 141480, 52244, 191819, 74873, 211860, 88697, 185097, 42908, 29547, 111871
source_target_port_2  = 94044, 16973, 121389, 38058, 115792, 135971, 106717, 198892, 151482, 303449, 128276
source_target_port_13  = 188670, 88829, 141995, 236347, 132098, 23231, 41275, 196029, 111424, 102071, 126196
source_target_port_10  = 62128, 296375, 68625, 253052, 18473, 200564, 251276, 264602, 94342, 10582, 152001
source_target_port_6  = 49970, 40048, 171654, 66166, 281370, 66249, 287624, 11241, 123055, 256874, 135425
source_target_port_20  = 241276, 244681, 42695, 145342, 247305, 195121, 177334, 35881, 195142, 62506, 158728
source_target_port_1  = 228358, 263633, 324607, 91061, 68755, 38874, 248744, 15850, 258146, 175423, 171345
source_target_port_16  = 251808, 68110, 14193, 76670, 145194, 211355, 123691, 65880, 172631, 222153, 135168
source_target_port_3  = 276356, 179948, 49331, 257005, 40713, 221585, 157516, 173938, 155536, 159016, 167094
source_target_port_19  = 76067, 24767, 236158, 264039, 201505, 81357, 206634, 157386, 260742, 194669, 170332
source_target_port_15  = 242128, 234506, 106635, 87595, 26480, 320944, 216731, 140046, 134743, 23324, 153313
source_target_port_17  = 183791, 75694, 296500, 197870, 37138, 233122, 199040, 41742, 6149, 266043, 153708
source_target_port_18  = 39943, 113828, 91321, 24078, 293637, 185196, 252813, 282929, 99776, 235036, 161855
source_target_port_9  = 134701, 208662, 272168, 196415, 285098, 287420, 67182, 90601, 60154, 127502, 172990
total =  = 147352

path_port_5  = timeout, timeout, timeout, timeout, timeout, timeout, timeout, timeout, timeout, timeout, timeout
path_port_14  = timeout, timeout, timeout, timeout, timeout, timeout, timeout, timeout, timeout, timeout, timeout
path_port_18  = timeout, timeout, timeout, timeout, timeout, timeout, timeout, timeout, timeout, timeout, timeout
path_port_1  = timeout, timeout, timeout, timeout, timeout, timeout, timeout, timeout, timeout, timeout, timeout
path_port_4  = timeout, timeout, timeout, timeout, timeout, timeout, timeout, timeout, timeout, timeout, timeout
path_port_20  = timeout, timeout, timeout, timeout, timeout, timeout, timeout, timeout, timeout, timeout, timeout
path_port_9  = timeout, timeout, timeout, timeout, timeout, timeout, timeout, timeout, timeout, timeout, timeout
path_port_2  = timeout, timeout, timeout, timeout, timeout, timeout, timeout, timeout, timeout, timeout, timeout
path_port_3  = timeout, timeout, timeout, timeout, timeout, timeout, timeout, timeout, timeout, timeout, timeout
path_port_13  = timeout, timeout, timeout, timeout, timeout, timeout, timeout, timeout, timeout, timeout, timeout
path_port_8  = timeout, timeout, timeout, timeout, timeout, timeout, timeout, timeout, timeout, timeout, timeout
path_port_6  = timeout, timeout, timeout, timeout, timeout, timeout, timeout, timeout, timeout, timeout, timeout
path_port_19  = timeout, timeout, timeout, timeout, timeout, timeout, timeout, timeout, timeout, timeout, timeout
path_port_7  = timeout, timeout, timeout, timeout, timeout, timeout, timeout, timeout, timeout, timeout, timeout
path_port_12  = timeout, timeout, timeout, timeout, timeout, timeout, timeout, timeout, timeout, timeout, timeout
path_port_17  = timeout, timeout, timeout, timeout, timeout, timeout, timeout, timeout, timeout, timeout, timeout
path_port_16  = timeout, timeout, timeout, timeout, timeout, timeout, timeout, timeout, timeout, timeout, timeout
path_port_10  = timeout, timeout, timeout, timeout, timeout, timeout, timeout, timeout, timeout, timeout, timeout
path_port_15  = timeout, timeout, timeout, timeout, timeout, timeout, timeout, timeout, timeout, timeout, timeout
path_port_0  = timeout, timeout, timeout, timeout, timeout, timeout, timeout, timeout, timeout, timeout, timeout
path_port_11  = timeout, timeout, timeout, timeout, timeout, timeout, timeout, timeout, timeout, timeout, timeout
total =  = 0