#graphs, #height, #components, #connections, #ports, #nodes, #edges, #flows
4, 3, 14, 52, 177, 92, 104, 82
forward_node_11 = reach forward isolette_single_sensor_Instance.thermostat.tdt
forward_node_6 = reach forward isolette_single_sensor_Instance.thermostat.monitor_temperature.mlat
forward_node_9 = reach forward isolette_single_sensor_Instance.a2ts
forward_node_18 = reach forward isolette_single_sensor_Instance.thermostat.regulate_temperature.mldt
forward_node_14 = reach forward isolette_single_sensor_Instance.thermostat.regulate_temperature.mudt
forward_node_5 = reach forward isolette_single_sensor_Instance.thermostat.regulate_temperature.mudt
forward_node_12 = reach forward isolette_single_sensor_Instance.thermostat
forward_node_10 = reach forward isolette_single_sensor_Instance.thermostat.trs
forward_node_8 = reach forward isolette_single_sensor_Instance.thermostat.regulate_temperature.rrmh
forward_node_1 = reach forward isolette_single_sensor_Instance.thermostat.tudt
forward_node_15 = reach forward isolette_single_sensor_Instance.ct
forward_node_7 = reach forward isolette_single_sensor_Instance.udt
forward_node_16 = reach forward isolette_single_sensor_Instance.a2ts
forward_node_3 = reach forward isolette_single_sensor_Instance.thermostat.monitor_temperature.manage_monitor_mode
forward_node_13 = reach forward isolette_single_sensor_Instance.thermostat.monitor_temperature.maul
forward_node_20 = reach forward isolette_single_sensor_Instance.thermostat
forward_node_4 = reach forward isolette_single_sensor_Instance.thermostat.regulate_temperature.rif
forward_node_19 = reach forward isolette_single_sensor_Instance.thermostat.regulate_temperature.rcth
forward_node_2 = reach forward isolette_single_sensor_Instance.oi_FORWARD
forward_node_0 = reach forward isolette_single_sensor_Instance.udt
forward_node_17 = reach forward isolette_single_sensor_Instance.oi_FORWARD
backward_node_9 = reach backward isolette_single_sensor_Instance.thermostat.regulate_temperature.rdt
backward_node_10 = reach backward isolette_single_sensor_Instance.thermostat.monitor_temperature.mlat
backward_node_0 = reach backward isolette_single_sensor_Instance.thermostat.tms
backward_node_20 = reach backward isolette_single_sensor_Instance.a2ts
backward_node_11 = reach backward isolette_single_sensor_Instance.thermostat.regulate_temperature.manage_regulator_mode
backward_node_2 = reach backward isolette_single_sensor_Instance.thermostat.regulate_temperature.rrmi
backward_node_5 = reach backward isolette_single_sensor_Instance.rs
backward_node_4 = reach backward isolette_single_sensor_Instance.thermostat.tf
backward_node_17 = reach backward isolette_single_sensor_Instance.thermostat.regulate_temperature.manage_regulator_interface
backward_node_8 = reach backward isolette_single_sensor_Instance.dt
backward_node_7 = reach backward isolette_single_sensor_Instance.thermostat.tdt
backward_node_12 = reach backward isolette_single_sensor_Instance.thermostat.regulate_temperature.manage_heat_source
backward_node_1 = reach backward isolette_single_sensor_Instance.thermostat.monitor_temperature
backward_node_13 = reach backward isolette_single_sensor_Instance.thermostat.ta
backward_node_18 = reach backward isolette_single_sensor_Instance.udt
backward_node_14 = reach backward isolette_single_sensor_Instance.dt
backward_node_3 = reach backward isolette_single_sensor_Instance.thermostat.regulate_temperature.rcti
backward_node_15 = reach backward isolette_single_sensor_Instance.thermostat.regulate_temperature.rudt
backward_node_16 = reach backward isolette_single_sensor_Instance.thermostat.tudt
backward_node_19 = reach backward isolette_single_sensor_Instance.thermostat.monitor_temperature.muat
backward_node_6 = reach backward isolette_single_sensor_Instance.thermostat.tdt
source_target_node_0 = reach from isolette_single_sensor_Instance.thermostat.tctr to isolette_single_sensor_Instance.thermostat.regulate_temperature.rrmi
source_target_node_3 = reach from isolette_single_sensor_Instance.ldt to isolette_single_sensor_Instance.thermostat.tctr
source_target_node_13 = reach from isolette_single_sensor_Instance.thermostat.monitor_temperature.mlat to isolette_single_sensor_Instance.thermostat.regulate_temperature.rctm
source_target_node_15 = reach from isolette_single_sensor_Instance.thermostat.monitor_temperature.manage_monitor_mode to isolette_single_sensor_Instance.thermostat.monitor_temperature.mmma
source_target_node_9 = reach from isolette_single_sensor_Instance.thermostat to isolette_single_sensor_Instance.thermostat.regulate_temperature.rrs
source_target_node_19 = reach from isolette_single_sensor_Instance.thermostat.monitor_temperature.mcti to isolette_single_sensor_Instance.thermostat.monitor_temperature.mmmi
source_target_node_2 = reach from isolette_single_sensor_Instance.thermostat.monitor_temperature.maul to isolette_single_sensor_Instance.thermostat
source_target_node_12 = reach from isolette_single_sensor_Instance.al to isolette_single_sensor_Instance.temperature_sensor
source_target_node_6 = reach from isolette_single_sensor_Instance.hc to isolette_single_sensor_Instance.thermostat.monitor_temperature.mctm
source_target_node_1 = reach from isolette_single_sensor_Instance.thermostat.regulate_temperature.rif to isolette_single_sensor_Instance.thermostat.regulate_temperature.manage_regulator_interface
source_target_node_5 = reach from isolette_single_sensor_Instance.thermostat.monitor_temperature.mall to isolette_single_sensor_Instance.thermostat.regulate_temperature.rudt
source_target_node_18 = reach from isolette_single_sensor_Instance.thermostat.tms to isolette_single_sensor_Instance.thermostat.monitor_temperature.manage_monitor_mode
source_target_node_16 = reach from isolette_single_sensor_Instance.thermostat.tldt to isolette_single_sensor_Instance.thermostat.monitor_temperature.mf
source_target_node_8 = reach from isolette_single_sensor_Instance.thermostat.regulate_temperature.rrmh to isolette_single_sensor_Instance.thermostat.regulate_temperature.manage_regulator_interface
source_target_node_10 = reach from isolette_single_sensor_Instance.thermostat.monitor_temperature.mmma to isolette_single_sensor_Instance.thermostat.tctm
source_target_node_4 = reach from isolette_single_sensor_Instance.thermostat.regulate_temperature.rrmi to isolette_single_sensor_Instance.thermostat.monitor_temperature.mmmi
source_target_node_20 = reach from isolette_single_sensor_Instance.thermostat.regulate_temperature.rif to isolette_single_sensor_Instance.thermostat.regulate_temperature.manage_regulator_interface
source_target_node_7 = reach from isolette_single_sensor_Instance.temperature_sensor to isolette_single_sensor_Instance.thermostat.regulate_temperature.manage_heat_source
source_target_node_17 = reach from isolette_single_sensor_Instance.thermostat.regulate_temperature.mldt to isolette_single_sensor_Instance.uat
source_target_node_11 = reach from isolette_single_sensor_Instance.thermostat.monitor_temperature.mlat to isolette_single_sensor_Instance.thermostat.tctr
source_target_node_14 = reach from isolette_single_sensor_Instance.hs to isolette_single_sensor_Instance.al
path_node_4 = reach paths from isolette_single_sensor_Instance.thermostat.trs to isolette_single_sensor_Instance.thermostat.monitor_temperature.muat
path_node_12 = reach paths from isolette_single_sensor_Instance.thermostat.regulate_temperature.rif to isolette_single_sensor_Instance.thermostat.regulate_temperature.manage_regulator_mode
path_node_1 = reach paths from isolette_single_sensor_Instance.udt to isolette_single_sensor_Instance.thermostat.monitor_temperature.mcti
path_node_18 = reach paths from isolette_single_sensor_Instance.operator_interface to isolette_single_sensor_Instance.thermostat.regulate_temperature.rhc
path_node_5 = reach paths from isolette_single_sensor_Instance.thermostat.regulate_temperature.rif to isolette_single_sensor_Instance.thermostat.monitor_temperature.mcta
path_node_15 = reach paths from isolette_single_sensor_Instance.thermostat.tlat to isolette_single_sensor_Instance.udt
path_node_0 = reach paths from isolette_single_sensor_Instance.thermostat.tctm to isolette_single_sensor_Instance.lat
path_node_17 = reach paths from isolette_single_sensor_Instance.thermostat.monitor_temperature.mcta to isolette_single_sensor_Instance.thermostat.regulate_temperature.manage_regulator_interface
path_node_19 = reach paths from isolette_single_sensor_Instance.thermostat.regulate_temperature.rrmh to isolette_single_sensor_Instance.thermostat.regulate_temperature.mudt
path_node_13 = reach paths from isolette_single_sensor_Instance.thermostat.regulate_temperature.rdt to isolette_single_sensor_Instance.thermostat
path_node_7 = reach paths from isolette_single_sensor_Instance.thermostat.monitor_temperature.mms to isolette_single_sensor_Instance.thermostat.regulate_temperature.rudt
path_node_9 = reach paths from isolette_single_sensor_Instance.thermostat.monitor_temperature.muat to isolette_single_sensor_Instance.thermostat.monitor_temperature
path_node_6 = reach paths from isolette_single_sensor_Instance.thermostat.regulate_temperature.rhc to isolette_single_sensor_Instance.operator_interface
path_node_16 = reach paths from isolette_single_sensor_Instance.thermostat.monitor_temperature.mf to isolette_single_sensor_Instance.thermostat.regulate_temperature.rrmh
path_node_20 = reach paths from isolette_single_sensor_Instance.thermostat.detect_regulator_fail to isolette_single_sensor_Instance.thermostat.monitor_temperature.mf
path_node_11 = reach paths from isolette_single_sensor_Instance.thermostat.tuat to isolette_single_sensor_Instance.rs
path_node_8 = reach paths from isolette_single_sensor_Instance.temperature_sensor to isolette_single_sensor_Instance.thermostat.regulate_temperature.rctm
path_node_3 = reach paths from isolette_single_sensor_Instance.thermostat.tldt to isolette_single_sensor_Instance.thermostat.monitor_temperature.manage_monitor_mode
path_node_2 = reach paths from isolette_single_sensor_Instance.udt to isolette_single_sensor_Instance.thermostat.monitor_temperature.mall
path_node_10 = reach paths from isolette_single_sensor_Instance.thermostat.monitor_temperature.mall to isolette_single_sensor_Instance.oi_BACKWARD
path_node_14 = reach paths from isolette_single_sensor_Instance.thermostat.regulate_temperature to isolette_single_sensor_Instance.dt
forward_port_12 = reach forward isolette_single_sensor_Instance.thermostat.regulate_temperature.mldt.out
forward_port_11 = reach forward isolette_single_sensor_Instance.thermostat.detect_regulator_fail.internal_failure
forward_port_6 = reach forward isolette_single_sensor_Instance.thermostat.regulate_temperature.mldt.in
forward_port_17 = reach forward isolette_single_sensor_Instance.thermostat.monitor_temperature.manage_monitor_interface.monitor_status
forward_port_4 = reach forward isolette_single_sensor_Instance.thermostat.monitor_temperature.mall.out
forward_port_10 = reach forward isolette_single_sensor_Instance.operator_interface.lower_desired_temperature
forward_port_13 = reach forward isolette_single_sensor_Instance.thermostat.regulate_temperature.displayed_temp
forward_port_18 = reach forward isolette_single_sensor_Instance.thermostat.regulate_temperature.rif.in
forward_port_20 = reach forward isolette_single_sensor_Instance.thermostat.monitor_temperature.mcta.in
forward_port_8 = reach forward isolette_single_sensor_Instance.thermostat.monitor_temperature.manage_alarm.current_temperature
forward_port_16 = reach forward isolette_single_sensor_Instance.thermostat.alarm
forward_port_7 = reach forward isolette_single_sensor_Instance.thermostat.regulate_temperature.manage_regulator_interface.regulator_status
forward_port_1 = reach forward isolette_single_sensor_Instance.thermostat.display_temperature
forward_port_15 = reach forward isolette_single_sensor_Instance.thermostat.thc.out
forward_port_2 = reach forward isolette_single_sensor_Instance.hs.out
forward_port_0 = reach forward isolette_single_sensor_Instance.oi_BACKWARD.out
forward_port_19 = reach forward isolette_single_sensor_Instance.thermostat.regulate_temperature.manage_regulator_mode.interface_failure
forward_port_3 = reach forward isolette_single_sensor_Instance.thermostat.tuat.in
forward_port_14 = reach forward isolette_single_sensor_Instance.uat.in
forward_port_5 = reach forward isolette_single_sensor_Instance.thermostat.tf.out
forward_port_9 = reach forward isolette_single_sensor_Instance.oi_BACKWARD.in
backward_port_7 = reach backward isolette_single_sensor_Instance.thermostat.trs.in
backward_port_13 = reach backward isolette_single_sensor_Instance.thermostat.regulate_temperature.manage_regulator_interface.displayed_temp
backward_port_0 = reach backward isolette_single_sensor_Instance.thermostat.regulate_temperature.rdt.out
backward_port_11 = reach backward isolette_single_sensor_Instance.thermostat.regulate_temperature.manage_regulator_interface.regulator_status
backward_port_9 = reach backward isolette_single_sensor_Instance.thermostat.tctm.out
backward_port_1 = reach backward isolette_single_sensor_Instance.thermostat.regulate_temperature.rdt.out
backward_port_6 = reach backward isolette_single_sensor_Instance.thermostat.tf.out
backward_port_12 = reach backward isolette_single_sensor_Instance.thermostat.monitor_temperature.manage_alarm.upper_alarm_temperature
backward_port_19 = reach backward isolette_single_sensor_Instance.control_monitor_alarm_IN
backward_port_20 = reach backward isolette_single_sensor_Instance.thermostat.monitor_temperature.current_temperature
backward_port_5 = reach backward isolette_single_sensor_Instance.operator_interface.control_monitor_alarm_OUT
backward_port_16 = reach backward isolette_single_sensor_Instance.thermostat.regulate_temperature.manage_regulator_interface.regulator_mode
backward_port_14 = reach backward isolette_single_sensor_Instance.thermostat.trs.in
backward_port_15 = reach backward isolette_single_sensor_Instance.thermostat.monitor_status
backward_port_17 = reach backward isolette_single_sensor_Instance.thermostat.regulate_temperature.rrmi.out
backward_port_2 = reach backward isolette_single_sensor_Instance.oi_BACKWARD.out
backward_port_18 = reach backward isolette_single_sensor_Instance.thermostat.regulate_temperature.rcti.out
backward_port_3 = reach backward isolette_single_sensor_Instance.operator_interface.lower_desired_temperature
backward_port_10 = reach backward isolette_single_sensor_Instance.thermostat.monitor_temperature.maul.out
backward_port_4 = reach backward isolette_single_sensor_Instance.thermostat.monitor_temperature.mall.out
backward_port_8 = reach backward isolette_single_sensor_Instance.thermostat.monitor_temperature.manage_alarm.current_temperature
source_target_port_18 = reach from isolette_single_sensor_Instance.thermostat.regulate_temperature.rif.in to isolette_single_sensor_Instance.heat_source.heat_control
source_target_port_14 = reach from isolette_single_sensor_Instance.thermostat.upper_desired_temperature to isolette_single_sensor_Instance.thermostat.monitor_temperature.manage_monitor_interface.monitor_mode
source_target_port_8 = reach from isolette_single_sensor_Instance.thermostat.regulate_temperature.rcth.in to isolette_single_sensor_Instance.thermostat.monitor_temperature.mmma.in
source_target_port_2 = reach from isolette_single_sensor_Instance.thermostat.regulate_temperature.rdt.out to isolette_single_sensor_Instance.thermostat.monitor_temperature.mcta.out
source_target_port_20 = reach from isolette_single_sensor_Instance.thermostat.tdt.out to isolette_single_sensor_Instance.ldt.out
source_target_port_11 = reach from isolette_single_sensor_Instance.thermostat.upper_desired_temperature to isolette_single_sensor_Instance.thermostat.monitor_temperature.mf.out
source_target_port_3 = reach from isolette_single_sensor_Instance.thermostat.monitor_temperature.monitor_status to isolette_single_sensor_Instance.a2ts.in
source_target_port_6 = reach from isolette_single_sensor_Instance.thermostat.regulate_temperature.rldt.out to isolette_single_sensor_Instance.hs.in
source_target_port_5 = reach from isolette_single_sensor_Instance.hs.out to isolette_single_sensor_Instance.thermostat.trs.in
source_target_port_17 = reach from isolette_single_sensor_Instance.thermostat.monitor_temperature.mctm.out to isolette_single_sensor_Instance.operator_interface.upper_desired_temperature
source_target_port_10 = reach from isolette_single_sensor_Instance.thermostat.tuat.in to isolette_single_sensor_Instance.thermostat.monitor_temperature.malrm.out
source_target_port_16 = reach from isolette_single_sensor_Instance.operator_interface.lower_desired_temperature to isolette_single_sensor_Instance.thermostat.monitor_temperature.mcti.in
source_target_port_13 = reach from isolette_single_sensor_Instance.rs.out to isolette_single_sensor_Instance.thermostat.regulate_temperature.rdt.in
source_target_port_15 = reach from isolette_single_sensor_Instance.thermostat.monitor_temperature.mms.out to isolette_single_sensor_Instance.thermostat.regulate_temperature.rrmh.in
source_target_port_0 = reach from isolette_single_sensor_Instance.thermostat.monitor_temperature.manage_monitor_interface.monitor_status to isolette_single_sensor_Instance.thermostat.regulate_temperature.manage_regulator_interface.lower_desired_temp
source_target_port_7 = reach from isolette_single_sensor_Instance.thermostat.regulate_temperature.current_temperature to isolette_single_sensor_Instance.thermostat.monitor_temperature.mctm.out
source_target_port_1 = reach from isolette_single_sensor_Instance.thermostat.regulate_temperature.rhc.in to isolette_single_sensor_Instance.hs.out
source_target_port_4 = reach from isolette_single_sensor_Instance.thermostat.monitor_temperature.manage_monitor_mode.monitor_mode to isolette_single_sensor_Instance.thermostat.monitor_temperature.mall.in
source_target_port_9 = reach from isolette_single_sensor_Instance.thermostat.regulate_temperature.rif.out to isolette_single_sensor_Instance.thermostat.regulate_temperature.rctm.in
source_target_port_12 = reach from isolette_single_sensor_Instance.temperature_sensor.current_temperature to isolette_single_sensor_Instance.air_temperature
source_target_port_19 = reach from isolette_single_sensor_Instance.thermostat.monitor_temperature.manage_alarm.alarm_control to isolette_single_sensor_Instance.thermostat.monitor_temperature.manage_monitor_interface.interface_failure
path_port_8 = reach paths from isolette_single_sensor_Instance.temperature_sensor.current_temperature to isolette_single_sensor_Instance.thermostat.detect_regulator_fail.internal_failure
path_port_13 = reach paths from isolette_single_sensor_Instance.thermostat.tms.in to isolette_single_sensor_Instance.thermostat.tuat.out
path_port_19 = reach paths from isolette_single_sensor_Instance.thermostat.ta.out to isolette_single_sensor_Instance.thermostat.regulate_temperature.manage_regulator_mode.internal_failure
path_port_5 = reach paths from isolette_single_sensor_Instance.thermostat.regulate_temperature.rif.in to isolette_single_sensor_Instance.operator_interface.upper_desired_temperature
path_port_20 = reach paths from isolette_single_sensor_Instance.thermostat.tms.in to isolette_single_sensor_Instance.thermostat.regulate_temperature.upper_desired_temperature
path_port_9 = reach paths from isolette_single_sensor_Instance.temperature_sensor.air to isolette_single_sensor_Instance.temperature_sensor.air
path_port_6 = reach paths from isolette_single_sensor_Instance.thermostat.monitor_temperature.monitor_status to isolette_single_sensor_Instance.thermostat.monitor_temperature.mmma.in
path_port_17 = reach paths from isolette_single_sensor_Instance.thermostat.tctm.out to isolette_single_sensor_Instance.operator_interface.lower_alarm_temperature
path_port_1 = reach paths from isolette_single_sensor_Instance.thermostat.regulate_temperature.rctm.out to isolette_single_sensor_Instance.thermostat.regulate_temperature.rhc.in
path_port_14 = reach paths from isolette_single_sensor_Instance.thermostat.regulate_temperature.displayed_temp to isolette_single_sensor_Instance.hs.out
path_port_18 = reach paths from isolette_single_sensor_Instance.operator_interface.display_temperature to isolette_single_sensor_Instance.thermostat.tctm.in
path_port_4 = reach paths from isolette_single_sensor_Instance.heat_out to isolette_single_sensor_Instance.thermostat.regulate_temperature.rrs.out
path_port_10 = reach paths from isolette_single_sensor_Instance.thermostat.regulate_temperature.manage_regulator_interface.upper_desired_temp to isolette_single_sensor_Instance.operator_interface.monitor_status
path_port_0 = reach paths from isolette_single_sensor_Instance.thermostat.monitor_temperature.alarm to isolette_single_sensor_Instance.thermostat.monitor_temperature.manage_monitor_mode.interface_failure
path_port_12 = reach paths from isolette_single_sensor_Instance.thermostat.regulate_temperature.rhc.out to isolette_single_sensor_Instance.thermostat.regulate_temperature.manage_regulator_interface.lower_desired_temp
path_port_2 = reach paths from isolette_single_sensor_Instance.thermostat.regulate_temperature.manage_regulator_interface.current_temperature to isolette_single_sensor_Instance.thermostat.regulate_temperature.rrmi.in
path_port_7 = reach paths from isolette_single_sensor_Instance.thermostat.regulate_temperature.rcth.out to isolette_single_sensor_Instance.operator_interface.lower_alarm_temperature
path_port_3 = reach paths from isolette_single_sensor_Instance.thermostat.monitor_status to isolette_single_sensor_Instance.thermostat.monitor_temperature.manage_alarm.current_temperature
path_port_16 = reach paths from isolette_single_sensor_Instance.thermostat.regulate_temperature.heat_control to isolette_single_sensor_Instance.thermostat.monitor_temperature.manage_monitor_interface.current_temperature
path_port_15 = reach paths from isolette_single_sensor_Instance.ms.in to isolette_single_sensor_Instance.operator_interface.control_monitor_alarm_OUT
path_port_11 = reach paths from isolette_single_sensor_Instance.dt.in to isolette_single_sensor_Instance.thermostat.tdt.inforward_node_11  = 15297, 1013, 19396, 13277, 1917, 15943, 15565, 50697, 13564, 15264, 16193
forward_node_6  = 5052, 2222, 6580, 1408, 5436, 18733, 17499, 6791, 8697, 10560, 8297
forward_node_9  = 3652, 12806, 14053, 11285, 8969, 14657, 52855, 20062, 5503, 1074, 14491
forward_node_18  = 5502, 7396, 10319, 11038, 21568, 12347, 6559, 6933, 7489, 16517, 10566
forward_node_14  = 12531, 3774, 15632, 12034, 22044, 9719, 15528, 1264, 59490, 59820, 21183
forward_node_5  = 1468, 3683, 4982, 11764, 75363, 12989, 7694, 10950, 1719, 10418, 14103
forward_node_12  = 6793, 5935, 2907, 13648, 16462, 4909, 11900, 13354, 10307, 49705, 13592
forward_node_10  = 41797, 21750, 10849, 4839, 21011, 8716, 1053, 14664, 14907, 16130, 15571
forward_node_8  = 371, 14458, 15341, 3118, 3354, 15131, 9196, 4919, 13865, 45966, 12571
forward_node_1  = 13685, 7163, 17513, 5953, 8643, 9768, 10247, 19435, 10118, 12869, 11539
forward_node_15  = 2572, 19405, 3919, 8178, 18196, 11319, 14233, 1102, 51005, 7204, 13713
forward_node_7  = 1281, 9129, 6920, 3970, 1079, 15149, 8940, 18144, 17075, 19174, 10086
forward_node_16  = 12710, 5042, 4834, 9255, 21372, 7674, 43342, 2373, 19026, 11126, 13675
forward_node_3  = 12029, 12520, 12593, 2705, 19115, 6321, 2452, 4590, 1341, 23485, 9715
forward_node_13  = 6615, 13723, 18013, 7340, 4397, 17341, 13207, 17035, 4636, 8452, 11075
forward_node_20  = 10043, 3418, 968, 14386, 17446, 1033, 10753, 11647, 2720, 2086, 7450
forward_node_4  = 16595, 28423, 9973, 16615, 19263, 13457, 3965, 8824, 6548, 3644, 12730
forward_node_19  = 15705, 3970, 8049, 12961, 43418, 9337, 6209, 16884, 14302, 10881, 14171
forward_node_2  = 18823, 61100, 51567, 19732, 3021, 2863, 6241, 3419, 10863, 5721, 18335
forward_node_0  = 18133, 123764, 1886, 21142, 6864, 4213, 7417, 13698, 3790, 5966, 20687
forward_node_17  = 4648, 17408, 16142, 10293, 23565, 2175, 16751, 8889, 16645, 4904, 12142
total =  = 13423

backward_node_9  = 10851, 9532, 22202, 11750, 19358, 12807, 18733, 9617, 15286, 9248, 13938
backward_node_10  = 21117, 14844, 14984, 6858, 6968, 3805, 8192, 10874, 15844, 2333, 10581
backward_node_0  = 6289, 15951, 23728, 17835, 17945, 14413, 12566, 19513, 5090, 1283, 13461
backward_node_20  = 3033, 4385, 2020, 7103, 19963, 8739, 3601, 15251, 17255, 2349, 8369
backward_node_11  = 7943, 6715, 6092, 21217, 4272, 16533, 16518, 14284, 7129, 11212, 11191
backward_node_2  = 17361, 4175, 17669, 16115, 12784, 20775, 3426, 5784, 9308, 4632, 11202
backward_node_5  = 42089, 13684, 11655, 28824, 1839, 2881, 9815, 17812, 6016, 18000, 15261
backward_node_4  = 15615, 45876, 59530, 20480, 16423, 8490, 56397, 1088, 16596, 8227, 24872
backward_node_17  = 20436, 12740, 21040, 14078, 5950, 18293, 7043, 4995, 20010, 15458, 14004
backward_node_8  = 3144, 7160, 18322, 20811, 20921, 20572, 17041, 12040, 7912, 18689, 14661
backward_node_7  = 1452, 52477, 9920, 2257, 20973, 5218, 19305, 16268, 2422, 12386, 14267
backward_node_12  = 16127, 1643, 3423, 13631, 11657, 10043, 20845, 2615, 13983, 6337, 10030
backward_node_1  = 8440, 19323, 6795, 4837, 14221, 7559, 5739, 7475, 1200, 17523, 9311
backward_node_13  = 4513, 18926, 23978, 7998, 3185, 6757, 2179, 16371, 19575, 7606, 11108
backward_node_18  = 57146, 17509, 2053, 9837, 9198, 2021, 1109, 21062, 55515, 3211, 17866
backward_node_14  = 2246, 8449, 10813, 15829, 55246, 17412, 4642, 1051, 11238, 8336, 13526
backward_node_3  = 17798, 55186, 3426093, 8604, 16058, 14455, 11625, 11570, 3574, 3529, 356849
backward_node_15  = 19360, 11043, 1077, 1193, 7925, 8684, 10764, 3694, 19967, 15701, 9940
backward_node_16  = 14937, 21464, 12283, 17066, 1049, 13848, 14331, 13911, 3464, 64038, 17639
backward_node_19  = 58193, 5293, 8668, 5814, 10334, 1138, 15861, 20909, 16799, 13659, 15666
backward_node_6  = 6704, 42329, 4573, 3479, 9731, 11381, 9425, 8567, 18939, 19933, 13506
total =  = 29868

source_target_node_0  = 6119, 24935, 18641, 50178, 42416, 84111, 7007, 37626, 8232, 42339, 32160
source_target_node_3  = 7313, 18284, 79534, 56450, 38281, 47404, 46392, 81256, 28730, 20240, 42388
source_target_node_13  = 44364, 7117, 42006, 43542, 18046, 29428, 15703, 25238, 14897, 8997, 24933
source_target_node_15  = 3130, 42949, 8635, 16362, 32597, 15628, 34734, 39851, 71129, 4820, 26983
source_target_node_9  = 40904, 9872, 32939, 6303, 9275, 39667, 22698, 2873, 30650, 37826, 23300
source_target_node_19  = 28802, 92098, 21182, 56504, 33569, 22314, 43757, 80158, 30356, 60986, 46972
source_target_node_2  = 26208, 5919, 80314, 3637, 2623, 35302, 18108, 34872, 5218, 78219, 29042
source_target_node_12  = 29250, 40870, 50204, 56188, 40350, 9753, 12995, 56311, 15260, 1445, 31262
source_target_node_6  = 25632, 43580, 45881, 25595, 43160, 24801, 18091, 20792, 10876, 21126, 27953
source_target_node_1  = 16632, 31427, 13344, 30227, 40515, 32935, 11263, 46463, 3098, 58757, 28466
source_target_node_5  = 37973, 20811, 2654, 20337, 12578, 18242, 51641, 34277, 41128, 18446, 25808
source_target_node_18  = 20989, 30934, 39071, 3368754, 37714, 41588, 54236, 27324, 10485, 13453, 364454
source_target_node_16  = 30492, 33566, 10722, 30700, 22941, 11237, 14469, 8651, 63439, 72017, 29823
source_target_node_8  = 43706, 76354, 69009, 49226, 3812, 24018, 8771, 4180, 28172, 62872, 37012
source_target_node_10  = 12142, 85687, 82892, 32926, 31748, 39512, 30425, 18578, 19964, 26098, 37997
source_target_node_4  = 10502, 3397, 27219, 15942, 20764, 5875, 67035, 18845, 21947, 53167, 24469
source_target_node_20  = 70970, 54888, 5785, 27855, 13255, 3436, 45704, 6926, 18712, 7149, 25468
source_target_node_7  = 34209, 12483, 69150, 46964, 75547, 8505, 2753, 42158, 52410, 29925, 37410
source_target_node_17  = 36817, 47499, 15969, 1797, 5135, 29866, 19320, 28851, 26017, 71683, 28295
source_target_node_11  = 13970, 22615, 25246, 40341, 20273, 12769, 4205, 17126, 13711, 22685, 19294
source_target_node_14  = 22618, 13211, 61613, 32793, 33872, 38715, 27234, 19602, 81812, 33344, 36481
total =  = 46665

path_node_4  = 47767, 261, 46870, 219, 42517, 75683, 63466, 37260, 48353, 89342, 45173
path_node_12  = 4169, 27101, 46823, 47534, 16955, 24134, 55744, 53845, 1707, 66106, 34411
path_node_1  = 48768, 4018, 52731, 1407, 44810, 89664, 11084, 3265730, 40436, 41931, 360057
path_node_18  = 23025, 48038, 2619, 46878, 7954, 33265, 26024, 46825, 34155, 45402, 31418
path_node_5  = 73439, 38152, 3683, 54009, 16394, 85580, 23981, 15032, 497, 40448, 35121
path_node_15  = 20863, 41177, 61893, 56926, 50532, 25729, 4622, 45613, 26054, 21982, 35539
path_node_0  = 21495, 27341, 23842, 39820, 37564, 95065, 72311, 25634, 12828, 42042, 39794
path_node_17  = 2545, 5059, 43684, 518, 17469, 13747, 48802, 619, 42633, 44156, 21923
path_node_19  = 47806, 29152, 87609, 42987, 169, 15864, 8340, 43085, 30524, 32991, 33852
path_node_13  = 71019, 30674, 44504, 3051, 4653, 29466, 6504, 51884, 59870, 22245, 32387
path_node_7  = 41539, 85193, 5093, 3722, 53985, 37730, 37747, 48232, 39582, 40940, 39376
path_node_9  = 7841, 46812, 48710, 27629, 8710, 87385, 75136, 572, 2484, 26329, 33160
path_node_6  = 1224, 5739, 51007, 398, 403, 9429, 80911, 1093, 664, 19196, 17006
path_node_16  = 2421, 4302, 678, 43694, 57609, 20942, 28180, 48113, 1990, 26196, 23412
path_node_20  = 43470, 9237, 468, 54366, 37920, 38909, 82047, 44921, 34899, 4093, 35033
path_node_11  = 76826, 46959, 32316, 17173, 62135, 9096, 86800, 18635, 21737, 15286, 38696
path_node_8  = 57246, 7064, 38085, 93671, 56137, 72443, 22883, 46091, 73844, 3881, 47134
path_node_3  = 586, 4947, 369, 3667, 50732, 51950, 27630, 1008, 26173, 27451, 19451
path_node_2  = 1996, 6355, 42070, 56818, 76089, 47549, 66711, 2212, 1446, 1093, 30233
path_node_10  = 3277437, 2918, 35445, 32866, 2978, 32703, 8157, 4490, 36827, 23373, 345719
path_node_14  = 33485, 17227, 14070, 52400, 16798, 18977, 19373, 37871, 52800, 31345, 29434
total =  = 63253

forward_port_12  = 79578, 14350, 13472, 24861, 13895, 31685, 9592, 36332, 5589, 52287, 28164
forward_port_11  = 9524, 59020, 9331, 38925, 39022, 114495, 103718, 76446, 38607, 41688, 53077
forward_port_6  = 57735, 28468, 60001, 48648, 77063, 31100, 10538, 35470, 63863, 20578, 43346
forward_port_17  = 44509, 87772, 55273, 18765, 61395, 26256, 5496, 39916, 23695, 23524, 38660
forward_port_4  = 37005, 98190, 64342, 49374, 63783, 55864, 72159, 19309, 110567, 9033, 57962
forward_port_10  = 103376, 86191, 4778, 9261, 57985, 13689, 55982, 9500, 14632, 85060, 44045
forward_port_13  = 27692, 29858, 78725, 58682, 8789, 41171, 42710, 93977, 76529, 107515, 56564
forward_port_18  = 22296, 38775, 32735, 43510, 22059, 47501, 74832, 108128, 43331, 80194, 51336
forward_port_20  = 5153, 4933, 90163, 5340, 115426, 30977, 16002, 14095, 9886, 67001, 35897
forward_port_8  = 56881, 95583, 28372, 24578, 25548, 89585, 58863, 51580, 5538, 79021, 51554
forward_port_16  = 13831, 16041, 19426, 29677, 5106, 38310, 107639, 28489, 34035, 18814, 31136
forward_port_7  = 89091, 104603, 13989, 50211, 32322, 70067, 86900, 59001, 54606, 71591, 63238
forward_port_1  = 52813, 51773, 66706, 61809, 16483, 22038, 25396, 59542, 46852, 7629, 41104
forward_port_15  = 90962, 88059, 49616, 446, 92050, 70042, 67800, 14058, 401, 29494, 50292
forward_port_2  = 115180, 15810, 13028, 4723, 35567, 31464, 4800, 72154, 86318, 128026, 50707
forward_port_0  = 68441, 90820, 3483639, 5033, 105767, 33299, 4464, 60171, 47562, 4526, 390372
forward_port_19  = 30686, 9171, 101197, 90798, 81449, 9444, 9467, 65884, 18526, 43864, 46048
forward_port_3  = 38421, 42286, 57900, 65972, 45384, 18021, 98344, 32236, 29351, 36750, 46466
forward_port_14  = 62151, 51330, 45932, 20457, 64844, 122062, 35189, 43520, 68531, 22377, 53639
forward_port_5  = 18595, 29036, 109524, 40141, 42420, 5195, 53783, 65571, 91557, 55489, 51131
forward_port_9  = 35491, 74331, 53468, 5053, 8409, 123, 5108, 3456188, 70187, 21255, 372961
total =  = 78938

backward_port_7  = 139006, 52222, 34298, 119133, 100462, 26731, 71806, 35968, 60987, 54250, 69486
backward_port_13  = 105034, 39909, 137261, 1003, 10633, 71007, 143993, 932, 96952, 107696, 71442
backward_port_0  = 127407, 18415, 105353, 72353, 1044, 27365, 43050, 85106, 1125, 113104, 59432
backward_port_11  = 15759, 125118, 135339, 40954, 78936, 129503, 50710, 17122, 195901, 70626, 85996
backward_port_9  = 18406, 99039, 105618, 136630, 94366, 22885, 19308, 128912, 121098, 55429, 80169
backward_port_1  = 89591, 87201, 109371, 10310, 81769, 184955, 59774, 17874, 63338, 52908, 75709
backward_port_6  = 131050, 43146, 99110, 40405, 117162, 88374, 19901, 17867, 116003, 94275, 76729
backward_port_12  = 19389, 86263, 16001, 3474576, 44233, 14795, 61319, 123488, 130433, 12444, 398294
backward_port_19  = 120, 39956, 125948, 120995, 66368, 136467, 75508, 111, 124663, 128665, 81880
backward_port_20  = 9467, 38869, 165792, 106787, 66050, 138056, 781, 36901, 165812, 146576, 87509
backward_port_5  = 133019, 11933, 42964, 85483, 81237, 75989, 3587173, 48107, 141974, 159729, 436760
backward_port_16  = 35883, 37224, 60605, 131458, 15684, 46033, 89777, 11640, 192577, 63696, 68457
backward_port_14  = 63806, 123973, 102101, 26191, 28362, 133783, 107952, 26746, 12608, 132305, 75782
backward_port_15  = 125371, 147950, 68504, 98623, 47162, 123239, 94649, 107234, 73076, 3504923, 439073
backward_port_17  = 44914, 152026, 166648, 62517, 121175, 22730, 55536, 165242, 52827, 19789, 86340
backward_port_2  = 117939, 3445643, 116051, 12438, 169313, 163917, 97733, 94182, 74971, 107620, 439980
backward_port_18  = 72054, 99991, 88603, 105095, 79615, 173457, 75594, 77300, 155458, 1169, 92833
backward_port_3  = 26946, 98685, 52462, 125442, 118618, 54055, 17141, 134510, 26087, 30294, 68424
backward_port_10  = 192097, 73232, 17887, 131615, 144634, 109828, 110244, 79983, 17437, 86132, 96308
backward_port_4  = 52621, 50665, 26197, 102389, 61181, 61533, 37298, 69781, 44272, 137284, 64322
backward_port_8  = 176544, 20302, 153993, 110465, 101345, 22277, 94596, 49982, 75594, 830, 80592
total =  = 144548

source_target_port_18  = 313556, 424246, 241194, 150422, 243450, 127646, 60855, 370255, 207622, 245211, 238445
source_target_port_14  = 196967, 240955, 3504624, 155986, 167092, 269043, 3707468, 46121, 147746, 107965, 854396
source_target_port_8  = 105897, 93980, 217670, 300345, 25793, 41016, 180033, 55567, 216055, 321704, 155806
source_target_port_2  = 345263, 65196, 114614, 40990, 104675, 187363, 195825, 320073, 124816, 319318, 181813
source_target_port_20  = 104780, 40635, 184522, 21905, 238649, 18268, 285649, 190738, 346478, 24477, 145610
source_target_port_11  = 233315, 140120, 336529, 191966, 3595280, 326838, 94062, 392464, 69321, 7343, 538723
source_target_port_3  = 6125, 171702, 55247, 115081, 192873, 169071, 327783, 301329, 97195, 28069, 146447
source_target_port_6  = 50073, 120373, 280043, 226477, 254441, 47555, 149546, 230833, 289757, 139595, 178869
source_target_port_5  = 322324, 165552, 245146, 82890, 190501, 237508, 293630, 125672, 214528, 357717, 223546
source_target_port_17  = 290388, 56321, 186774, 291235, 217461, 276376, 226703, 123197, 260792, 3713755, 564300
source_target_port_10  = 228852, 229292, 180326, 191049, 220450, 342654, 238270, 83948, 81687, 121978, 191850
source_target_port_16  = 296043, 172996, 97091, 97707, 6730, 116524, 313038, 264815, 393870, 259896, 201871
source_target_port_13  = 57476, 223605, 82766, 156595, 34994, 3730086, 210865, 141753, 3380995, 77650, 809678
source_target_port_15  = 152659, 365152, 28645, 211913, 102476, 147505, 128574, 17314, 318035, 167764, 164003
source_target_port_0  = 229494, 23003, 368318, 113583, 51743, 196714, 73253, 39132, 132314, 200719, 142827
source_target_port_7  = 13046, 402089, 90272, 252279, 15508, 277320, 7240, 127076, 76505, 202766, 146410
source_target_port_1  = 27887, 232061, 19046, 196844, 277936, 289904, 34013, 342111, 188680, 88183, 169666
source_target_port_4  = 451999, 79868, 126396, 81268, 73417, 57421, 133189, 165061, 58386, 208680, 143568
source_target_port_9  = 77973, 205159, 134664, 251813, 298449, 94905, 345416, 249518, 40599, 278083, 197657
source_target_port_12  = 34285, 124782, 69775, 264612, 142025, 202227, 42231, 219441, 11904, 247019, 135830
source_target_port_19  = 168791, 317513, 164879, 3619453, 323462, 73264, 30118, 111596, 34017, 298524, 514161
total =  = 287879

path_port_8  = timeout, timeout, timeout, timeout, timeout, timeout, timeout, timeout, timeout, timeout, timeout
path_port_13  = timeout, timeout, timeout, timeout, timeout, timeout, timeout, timeout, timeout, timeout, timeout
path_port_19  = timeout, timeout, timeout, timeout, timeout, timeout, timeout, timeout, timeout, timeout, timeout
path_port_5  = timeout, timeout, timeout, timeout, timeout, timeout, timeout, timeout, timeout, timeout, timeout
path_port_20  = timeout, timeout, timeout, timeout, timeout, timeout, timeout, timeout, timeout, timeout, timeout
path_port_9  = timeout, timeout, timeout, timeout, timeout, timeout, timeout, timeout, timeout, timeout, timeout
path_port_6  = timeout, timeout, timeout, timeout, timeout, timeout, timeout, timeout, timeout, timeout, timeout
path_port_17  = timeout, timeout, timeout, timeout, timeout, timeout, timeout, timeout, timeout, timeout, timeout
path_port_1  = timeout, timeout, timeout, timeout, timeout, timeout, timeout, timeout, timeout, timeout, timeout
path_port_14  = timeout, timeout, timeout, timeout, timeout, timeout, timeout, timeout, timeout, timeout, timeout
path_port_18  = timeout, timeout, timeout, timeout, timeout, timeout, timeout, timeout, timeout, timeout, timeout
path_port_4  = timeout, timeout, timeout, timeout, timeout, timeout, timeout, timeout, timeout, timeout, timeout
path_port_10  = timeout, timeout, timeout, timeout, timeout, timeout, timeout, timeout, timeout, timeout, timeout
path_port_0  = timeout, timeout, timeout, timeout, timeout, timeout, timeout, timeout, timeout, timeout, timeout
path_port_12  = timeout, timeout, timeout, timeout, timeout, timeout, timeout, timeout, timeout, timeout, timeout
path_port_2  = timeout, timeout, timeout, timeout, timeout, timeout, timeout, timeout, timeout, timeout, timeout
path_port_7  = timeout, timeout, timeout, timeout, timeout, timeout, timeout, timeout, timeout, timeout, timeout
path_port_3  = timeout, timeout, timeout, timeout, timeout, timeout, timeout, timeout, timeout, timeout, timeout
path_port_16  = timeout, timeout, timeout, timeout, timeout, timeout, timeout, timeout, timeout, timeout, timeout
path_port_15  = timeout, timeout, timeout, timeout, timeout, timeout, timeout, timeout, timeout, timeout, timeout
path_port_11  = timeout, timeout, timeout, timeout, timeout, timeout, timeout, timeout, timeout, timeout, timeout
total =  = 0