#graphs, #height, #components, #connections, #ports, #nodes, #edges, #flows
4, 4, 19, 48, 224, 87, 96, 115
forward_node_1 = reach forward UAS_Impl_Instance.UAV.MCMP.PROC_SW.c1
forward_node_2 = reach forward UAS_Impl_Instance.UAV.c2
forward_node_6 = reach forward UAS_Impl_Instance.UAV.MCMP.bac6_BACKWARD
forward_node_7 = reach forward UAS_Impl_Instance.RFB
forward_node_9 = reach forward UAS_Impl_Instance.UAV.MCMP.PROC_SW.c1
forward_node_11 = reach forward UAS_Impl_Instance.UAV.c4
forward_node_3 = reach forward UAS_Impl_Instance.UAV.MCMP.PROC_SW.c5_b
forward_node_8 = reach forward UAS_Impl_Instance.UAV.c4
forward_node_0 = reach forward UAS_Impl_Instance.UAV.MCMP.c1
forward_node_16 = reach forward UAS_Impl_Instance.UAV.MCMP.PROC_SW.c10
forward_node_14 = reach forward UAS_Impl_Instance.UAV.SBUS
forward_node_19 = reach forward UAS_Impl_Instance.UAV.MCMP.PROC_SW.c8
forward_node_12 = reach forward UAS_Impl_Instance.UAV.MCMP.PROC_SW.c5_b
forward_node_20 = reach forward UAS_Impl_Instance.UAV.MCMP.bac5_BACKWARD
forward_node_18 = reach forward UAS_Impl_Instance.UAV.c3
forward_node_15 = reach forward UAS_Impl_Instance.UAV.MCMP.PROC_SW.FPLN_VALID
forward_node_17 = reach forward UAS_Impl_Instance.UAV.MCMP.c5
forward_node_10 = reach forward UAS_Impl_Instance.UAV.MCMP.PROC_SW.c1
forward_node_5 = reach forward UAS_Impl_Instance.UAV.MCMP.PROC_SW.c8
forward_node_13 = reach forward UAS_Impl_Instance.UAV.c1
forward_node_4 = reach forward UAS_Impl_Instance.UAV.MCMP.bac4_FORWARD
backward_node_15 = reach backward UAS_Impl_Instance.bac1_FORWARD
backward_node_17 = reach backward UAS_Impl_Instance.UAV.MCMP.bac3_FORWARD
backward_node_7 = reach backward UAS_Impl_Instance.UAV.MCMP.bac3_FORWARD
backward_node_11 = reach backward UAS_Impl_Instance.UAV.MCMP.bac6_FORWARD
backward_node_20 = reach backward UAS_Impl_Instance.UAV.MCMP.bac2_BACKWARD
backward_node_2 = reach backward UAS_Impl_Instance.UAV.MCMP.PROC_SW.FLT
backward_node_6 = reach backward UAS_Impl_Instance.UAV.MCMP.bac4_BACKWARD
backward_node_14 = reach backward UAS_Impl_Instance.UAV.MCMP.bac5_BACKWARD
backward_node_10 = reach backward UAS_Impl_Instance.UAV.MCMP.BUS_HW
backward_node_1 = reach backward UAS_Impl_Instance.UAV.MCMP.PROC_SW.c9
backward_node_12 = reach backward UAS_Impl_Instance.UAV.MCMP.PROC_SW.c2
backward_node_8 = reach backward UAS_Impl_Instance.bac2_BACKWARD
backward_node_9 = reach backward UAS_Impl_Instance.UAV.MCMP.PROC_SW.WPM
backward_node_0 = reach backward UAS_Impl_Instance.UAV.MCMP.PROC_SW.c3
backward_node_3 = reach backward UAS_Impl_Instance.UAV.MCMP.bac1_FORWARD
backward_node_13 = reach backward UAS_Impl_Instance.UAV.MCMP.bac3_FORWARD
backward_node_5 = reach backward UAS_Impl_Instance.UAV
backward_node_4 = reach backward UAS_Impl_Instance.UAV.MCMP.UART_HW
backward_node_16 = reach backward UAS_Impl_Instance.UAV.MCMP.PROC_SW.c1
backward_node_19 = reach backward UAS_Impl_Instance.UAV.MCMP.bac1_FORWARD
backward_node_18 = reach backward UAS_Impl_Instance.UAV.MCMP.bac1_BACKWARD
source_target_node_0 = reach from UAS_Impl_Instance.bac2_FORWARD to UAS_Impl_Instance.UAV.MCMP.PROC_SW.c5_a
source_target_node_11 = reach from UAS_Impl_Instance.UAV.MCMP.bac2_FORWARD to UAS_Impl_Instance.UAV.c3
source_target_node_4 = reach from UAS_Impl_Instance.UAV.MCMP.MEM_HW to UAS_Impl_Instance.UAV.MCMP.c6
source_target_node_7 = reach from UAS_Impl_Instance.bac2_FORWARD to UAS_Impl_Instance.UAV.MCMP.PROC_SW.c5_a
source_target_node_9 = reach from UAS_Impl_Instance.UAV.MCMP.bac4_FORWARD to UAS_Impl_Instance.UAV.MCMP.UART_HW
source_target_node_1 = reach from UAS_Impl_Instance.UAV.MCMP.PROC_SW.c7 to UAS_Impl_Instance.UAV.c4
source_target_node_12 = reach from UAS_Impl_Instance.UAV.MCMP.PROC_SW.c1 to UAS_Impl_Instance.UAV.MCMP.PROC_SW.c2
source_target_node_3 = reach from UAS_Impl_Instance.UAV.MCMP.bac6_FORWARD to UAS_Impl_Instance.GND
source_target_node_5 = reach from UAS_Impl_Instance.c2 to UAS_Impl_Instance.UAV.MCMP.c8
source_target_node_13 = reach from UAS_Impl_Instance.UAV.MCMP.UART_HW to UAS_Impl_Instance.UAV.bac2_FORWARD
source_target_node_14 = reach from UAS_Impl_Instance.bac2_BACKWARD to UAS_Impl_Instance.UAV.FCTL
source_target_node_18 = reach from UAS_Impl_Instance.UAV.MCMP.PROC_SW.c5_b to UAS_Impl_Instance.UAV.MCMP.c3
source_target_node_8 = reach from UAS_Impl_Instance.c2 to UAS_Impl_Instance.UAV.MCMP.bac4_BACKWARD
source_target_node_19 = reach from UAS_Impl_Instance.UAV.MCMP.MEM_HW to UAS_Impl_Instance.UAV.MCMP.PROC_HW
source_target_node_20 = reach from UAS_Impl_Instance.UAV.MCMP.c4 to UAS_Impl_Instance.UAV.MCMP.bac6_BACKWARD
source_target_node_6 = reach from UAS_Impl_Instance.UAV.MCMP.bac3_FORWARD to UAS_Impl_Instance.UAV.MCMP.PROC_SW.c5_b
source_target_node_16 = reach from UAS_Impl_Instance.UAV.MCMP.UART_HW to UAS_Impl_Instance.UAV.MCMP.PROC_HW
source_target_node_10 = reach from UAS_Impl_Instance.UAV.c4 to UAS_Impl_Instance.UAV.MCMP.bac3_FORWARD
source_target_node_2 = reach from UAS_Impl_Instance.UAV.MCMP.PROC_SW.c7 to UAS_Impl_Instance.UAV.MCMP.PROC_SW.c4
source_target_node_17 = reach from UAS_Impl_Instance.UAV.MCMP.PROC_SW.FLT to UAS_Impl_Instance.UAV.c2
source_target_node_15 = reach from UAS_Impl_Instance.UAV.MCMP.bac1_FORWARD to UAS_Impl_Instance.UAV.c4
path_node_14 = reach paths from UAS_Impl_Instance.UAV.MCMP.c6 to UAS_Impl_Instance.UAV.MCMP.PROC_HW
path_node_18 = reach paths from UAS_Impl_Instance.UAV.SBUS to UAS_Impl_Instance.UAV.MCMP.PROC_SW.c11
path_node_1 = reach paths from UAS_Impl_Instance.UAV.bac1_BACKWARD to UAS_Impl_Instance.UAV
path_node_4 = reach paths from UAS_Impl_Instance.UAV.MCMP.PROC_SW.c5_a to UAS_Impl_Instance.UAV.MCMP.bac6_BACKWARD
path_node_15 = reach paths from UAS_Impl_Instance.bac1_FORWARD to UAS_Impl_Instance.UAV.MCMP.c5
path_node_17 = reach paths from UAS_Impl_Instance.UAV.MCMP.bac4_BACKWARD to UAS_Impl_Instance.UAV.MCMP.bac6_BACKWARD
path_node_2 = reach paths from UAS_Impl_Instance.bac2_BACKWARD to UAS_Impl_Instance.bac2_BACKWARD
path_node_0 = reach paths from UAS_Impl_Instance.UAV.MCMP.c2 to UAS_Impl_Instance.UAV.MCMP.c6
path_node_8 = reach paths from UAS_Impl_Instance.UAV.MCMP.PROC_SW.c5_b to UAS_Impl_Instance.UAV.MCMP.PROC_SW.c2
path_node_16 = reach paths from UAS_Impl_Instance.UAV.c3 to UAS_Impl_Instance.UAV.MCMP.PROC_SW.c1
path_node_3 = reach paths from UAS_Impl_Instance.UAV to UAS_Impl_Instance.bac1_FORWARD
path_node_19 = reach paths from UAS_Impl_Instance.UAV.MCMP.c5 to UAS_Impl_Instance.GND
path_node_7 = reach paths from UAS_Impl_Instance.UAV.MCMP.bac3_FORWARD to UAS_Impl_Instance.UAV.MCMP.PROC_SW
path_node_9 = reach paths from UAS_Impl_Instance.UAV.c3 to UAS_Impl_Instance.UAV.MCMP.bac5_FORWARD
path_node_6 = reach paths from UAS_Impl_Instance.UAV.MCMP.bac6_BACKWARD to UAS_Impl_Instance.UAV.MCMP.PROC_SW.c4
path_node_12 = reach paths from UAS_Impl_Instance.UAV.MCMP.bac3_FORWARD to UAS_Impl_Instance.UAV.MCMP.PROC_SW.c5_a
path_node_11 = reach paths from UAS_Impl_Instance.UAV.bac3 to UAS_Impl_Instance.UAV.MCMP.PROC_SW.c5
path_node_10 = reach paths from UAS_Impl_Instance.UAV.MCMP.RADIO_HW to UAS_Impl_Instance.UAV.MCMP.bac5_BACKWARD
path_node_13 = reach paths from UAS_Impl_Instance.UAV.MCMP.c6 to UAS_Impl_Instance.UAV.MCMP.RADIO_HW
path_node_5 = reach paths from UAS_Impl_Instance.UAV.MCMP.PROC_SW to UAS_Impl_Instance.UAV.SBUS
path_node_20 = reach paths from UAS_Impl_Instance.UAV.MCMP.PROC_SW.c9 to UAS_Impl_Instance.UAV.MCMP.c4
forward_port_17 = reach forward UAS_Impl_Instance.UAV.bac2_BACKWARD.in
forward_port_8 = reach forward UAS_Impl_Instance.bac2_BACKWARD.in
forward_port_12 = reach forward UAS_Impl_Instance.UAV.MCMP.bac4_BACKWARD.out
forward_port_9 = reach forward UAS_Impl_Instance.UAV.MCMP.PROC_SW.WPM.waypoint
forward_port_7 = reach forward UAS_Impl_Instance.UAV.MCMP.PROC_SW.c9.in
forward_port_16 = reach forward UAS_Impl_Instance.UAV.MCMP.bac3_BACKWARD.out
forward_port_18 = reach forward UAS_Impl_Instance.UAV.MCMP.c1.in
forward_port_10 = reach forward UAS_Impl_Instance.UAV.MCMP.UART_HW.MCA_IN
forward_port_20 = reach forward UAS_Impl_Instance.UAV.MCMP.RADIO_HW.MCA_OUT
forward_port_1 = reach forward UAS_Impl_Instance.UAV.MCMP.recv_map
forward_port_11 = reach forward UAS_Impl_Instance.UAV.MCMP.c6.in
forward_port_15 = reach forward UAS_Impl_Instance.UAV.MCMP.c5.BIND_OUT
forward_port_2 = reach forward UAS_Impl_Instance.UAV.bac3.out
forward_port_6 = reach forward UAS_Impl_Instance.UAV.MCMP.PROC_SW.c5.in
forward_port_0 = reach forward UAS_Impl_Instance.UAV.bac2_BACKWARD.in
forward_port_4 = reach forward UAS_Impl_Instance.UAV.MCMP.c3.BIND_OUT
forward_port_5 = reach forward UAS_Impl_Instance.GND.RFA_IN
forward_port_13 = reach forward UAS_Impl_Instance.UAV.MCMP.PROC_SW.c1.out
forward_port_19 = reach forward UAS_Impl_Instance.UAV.MCMP.PROC_SW.c5_b.in
forward_port_3 = reach forward UAS_Impl_Instance.UAV.MCMP.PROC_SW.FLT.memory_IN
forward_port_14 = reach forward UAS_Impl_Instance.UAV.MCMP.PROC_SW.RADIO.memory_IN
backward_port_10 = reach backward UAS_Impl_Instance.UAV.MCMP.PROC_SW.FLT.processor_OUT
backward_port_0 = reach backward UAS_Impl_Instance.UAV.MCMP.PROC_SW.RADIO.send_status_in
backward_port_8 = reach backward UAS_Impl_Instance.UAV.MCMP.PROC_SW.FPLN.memory_OUT
backward_port_18 = reach backward UAS_Impl_Instance.UAV.FCTL.UARTA_IN
backward_port_3 = reach backward UAS_Impl_Instance.UAV.bac3.out
backward_port_7 = reach backward UAS_Impl_Instance.UAV.MCMP.BUS_HW.bindings_OUT
backward_port_2 = reach backward UAS_Impl_Instance.UAV.MCMP.PROC_SW.RADIO.processor_IN
backward_port_5 = reach backward UAS_Impl_Instance.UAV.FCTL.UARTA_OUT
backward_port_12 = reach backward UAS_Impl_Instance.UAV.MCMP.PROC_HW.bindings_OUT
backward_port_16 = reach backward UAS_Impl_Instance.UAV.MCMP.bac4_BACKWARD.in
backward_port_11 = reach backward UAS_Impl_Instance.UAV.FCTL.position_status
backward_port_6 = reach backward UAS_Impl_Instance.UAV.SBUS.ACCESS_IN
backward_port_17 = reach backward UAS_Impl_Instance.UAV.MCMP.UART_HW.waypoint_in
backward_port_4 = reach backward UAS_Impl_Instance.UAV.MCMP.PROC_SW.FLT.filter_out
backward_port_13 = reach backward UAS_Impl_Instance.bac2_BACKWARD.out
backward_port_19 = reach backward UAS_Impl_Instance.UAV.MCMP.PROC_SW.RADIO.send_status_in
backward_port_20 = reach backward UAS_Impl_Instance.UAV.c3.BIND_OUT
backward_port_1 = reach backward UAS_Impl_Instance.c1.in
backward_port_14 = reach backward UAS_Impl_Instance.UAV.MCMP.bac6_BACKWARD.out
backward_port_9 = reach backward UAS_Impl_Instance.UAV.MCMP.c5.in
backward_port_15 = reach backward UAS_Impl_Instance.UAV.MCMP.c4.in
source_target_port_2 = reach from UAS_Impl_Instance.UAV.FCTL.waypoint to UAS_Impl_Instance.UAV.MCMP.c4.out
source_target_port_16 = reach from UAS_Impl_Instance.UAV.MCMP.UART_HW.UARTA_IN to UAS_Impl_Instance.UAV.MCMP.PROC_SW.c11.in
source_target_port_8 = reach from UAS_Impl_Instance.bac1_FORWARD.in to UAS_Impl_Instance.UAV.MCMP.PROC_SW.c5_b.in
source_target_port_9 = reach from UAS_Impl_Instance.UAV.MCMP.bac6_FORWARD.out to UAS_Impl_Instance.UAV.MCMP.bac2_BACKWARD.in
source_target_port_11 = reach from UAS_Impl_Instance.UAV.MCMP.UART_HW.position_status_out to UAS_Impl_Instance.UAV.SBUS.ACCESS_IN
source_target_port_5 = reach from UAS_Impl_Instance.bac1_BACKWARD.out to UAS_Impl_Instance.UAV.MCMP.c3.BIND_OUT
source_target_port_4 = reach from UAS_Impl_Instance.bac1_FORWARD.out to UAS_Impl_Instance.UAV.MCMP.RADIO_HW.send_status_in
source_target_port_18 = reach from UAS_Impl_Instance.UAV.c1.out to UAS_Impl_Instance.RFB.bindings_IN
source_target_port_13 = reach from UAS_Impl_Instance.UAV.MCMP.PROC_SW.UART.position_status_out to UAS_Impl_Instance.UAV.MCMP.c2.out
source_target_port_10 = reach from UAS_Impl_Instance.UAV.bac1_BACKWARD.out to UAS_Impl_Instance.UAV.MCMP.c6.in
source_target_port_20 = reach from UAS_Impl_Instance.UAV.MCMP.bac3_BACKWARD.out to UAS_Impl_Instance.UAV.bac1_BACKWARD.out
source_target_port_19 = reach from UAS_Impl_Instance.UAV.MCMP.c4.in to UAS_Impl_Instance.c1.in
source_target_port_17 = reach from UAS_Impl_Instance.UAV.MCMP.bac3_BACKWARD.out to UAS_Impl_Instance.UAV.bac1_FORWARD.in
source_target_port_7 = reach from UAS_Impl_Instance.UAV.bac2_BACKWARD.in to UAS_Impl_Instance.UAV.MCMP.PROC_SW.FPLN_VALID.flight_plan_out
source_target_port_1 = reach from UAS_Impl_Instance.UAV.MCMP.PROC_SW.FPLN.position_status to UAS_Impl_Instance.UAV.MCMP.RFA_OUT
source_target_port_0 = reach from UAS_Impl_Instance.UAV.recv_map to UAS_Impl_Instance.UAV.MCMP.bac2_FORWARD.in
source_target_port_12 = reach from UAS_Impl_Instance.UAV.MCMP.PROC_SW.c6.out to UAS_Impl_Instance.UAV.MCMP.PROC_SW.position_status
source_target_port_15 = reach from UAS_Impl_Instance.UAV.MCMP.c3.out to UAS_Impl_Instance.UAV.MCMP.RADIO_HW.send_status_out
source_target_port_6 = reach from UAS_Impl_Instance.UAV.MCMP.RADIO_HW.MCA_OUT to UAS_Impl_Instance.UAV.MCMP.bac5_BACKWARD.in
source_target_port_3 = reach from UAS_Impl_Instance.UAV.MCMP.bac5_BACKWARD.in to UAS_Impl_Instance.UAV.MCMP.PROC_SW.waypoint
source_target_port_14 = reach from UAS_Impl_Instance.UAV.MCMP.MEM_HW.MCA_IN to UAS_Impl_Instance.UAV.MCMP.PROC_HW.bindings_IN
path_port_2 = reach paths from UAS_Impl_Instance.bac1_BACKWARD.in to UAS_Impl_Instance.UAV.MCMP.PROC_SW.WPM.processor_OUT
path_port_18 = reach paths from UAS_Impl_Instance.UAV.MCMP.PROC_SW.c3.out to UAS_Impl_Instance.UAV.MCMP.PROC_SW.UART.position_status_out
path_port_20 = reach paths from UAS_Impl_Instance.UAV.MCMP.UART_HW.UARTA_OUT to UAS_Impl_Instance.UAV.MCMP.c7.out
path_port_6 = reach paths from UAS_Impl_Instance.UAV.MCMP.PROC_SW.c5.out to UAS_Impl_Instance.UAV.MCMP.PROC_SW.RADIO.memory_OUT
path_port_7 = reach paths from UAS_Impl_Instance.UAV.MCMP.PROC_SW.FLT.processor_OUT to UAS_Impl_Instance.UAV.MCMP.RADIO_HW.send_status_out
path_port_11 = reach paths from UAS_Impl_Instance.UAV.MCMP.UART_HW.UARTA_OUT to UAS_Impl_Instance.UAV.MCMP.PROC_SW.WPM.position_status
path_port_10 = reach paths from UAS_Impl_Instance.c2.BIND_IN to UAS_Impl_Instance.UAV.MCMP.PROC_SW.FPLN.memory_OUT
path_port_19 = reach paths from UAS_Impl_Instance.UAV.MCMP.bac6_FORWARD.in to UAS_Impl_Instance.UAV.MCMP.MEM_HW.MCA_OUT
path_port_14 = reach paths from UAS_Impl_Instance.UAV.c2.in to UAS_Impl_Instance.c1.out
path_port_3 = reach paths from UAS_Impl_Instance.UAV.MCMP.PROC_SW.FLT.processor_OUT to UAS_Impl_Instance.UAV.MCMP.PROC_SW.FLT.processor_OUT
path_port_12 = reach paths from UAS_Impl_Instance.UAV.MCMP.MEM_HW.bindings_IN to UAS_Impl_Instance.UAV.MCMP.c5.BIND_IN
path_port_13 = reach paths from UAS_Impl_Instance.UAV.MCMP.PROC_SW.c5.out to UAS_Impl_Instance.UAV.MCMP.PROC_SW.FPLN.position_status
path_port_4 = reach paths from UAS_Impl_Instance.UAV.MCMP.PROC_SW.c5_b.in to UAS_Impl_Instance.UAV.c4.BIND_OUT
path_port_16 = reach paths from UAS_Impl_Instance.UAV.MCMP.UARTA_IN to UAS_Impl_Instance.UAV.MCMP.bac6_FORWARD.in
path_port_1 = reach paths from UAS_Impl_Instance.UAV.MCMP.UART_HW.MCA_IN to UAS_Impl_Instance.UAV.RFA_OUT
path_port_5 = reach paths from UAS_Impl_Instance.UAV.MCMP.PROC_SW.c4.out to UAS_Impl_Instance.bac2_BACKWARD.in
path_port_9 = reach paths from UAS_Impl_Instance.c2.BIND_IN to UAS_Impl_Instance.UAV.MCMP.PROC_SW.recv_map
path_port_0 = reach paths from UAS_Impl_Instance.GND.RFA_IN to UAS_Impl_Instance.UAV.MCMP.c2.BIND_OUT
path_port_17 = reach paths from UAS_Impl_Instance.UAV.send_status to UAS_Impl_Instance.UAV.MCMP.PROC_SW.c2.out
path_port_8 = reach paths from UAS_Impl_Instance.UAV.MCMP.RADIO_HW.MCA_IN to UAS_Impl_Instance.UAV.MCMP.PROC_HW.bindings_OUT
path_port_15 = reach paths from UAS_Impl_Instance.UAV.MCMP.RADIO_HW.RFA_OUT to UAS_Impl_Instance.UAV.MCMP.PROC_SW.c8.outforward_node_1  = 2373, 6337, 34292, 33002, 7003, 37965, 44017, 21823, 37031, 21001, 24484
forward_node_2  = 18730, 927, 20180, 3739, 23639, 14656, 16180, 25954, 29765, 4699, 15846
forward_node_6  = 20921, 14057, 26416, 15482, 14551, 4228, 27427, 7424, 27035, 1290, 15883
forward_node_7  = 24630, 21739, 27768, 29625, 27672, 35251, 5437, 25875, 23231, 2902, 22413
forward_node_9  = 11198, 3451, 8918, 24700, 12900, 23776, 14882, 38197, 29374, 13330, 18072
forward_node_11  = 51192, 4360, 10876, 1303, 8009, 2874, 6102, 18798, 19100, 18232, 14084
forward_node_3  = 4915, 25544, 4648, 15600, 17917, 6423, 4467, 28989, 15215, 15203, 13892
forward_node_8  = 12462, 48142, 17842, 24378, 8769, 47628, 7009, 23680, 45401, 44590, 27990
forward_node_0  = 2554344, 20088, 30288, 2913, 15606, 8077, 23492, 4622, 27102, 11859, 269839
forward_node_16  = 8778, 15838, 18389, 40702, 10471, 11486, 13128, 9156, 1927, 50523, 18039
forward_node_14  = 13845, 21438, 24761, 32455, 22848, 23966, 2506831, 18747, 8604, 4160, 267765
forward_node_19  = 50074, 18222, 6255, 25577, 30146, 43126, 51096, 6452, 16821, 25725, 27349
forward_node_12  = 45977, 41985, 2531, 6388, 4924, 13744, 17930, 2275, 4093, 6828, 14667
forward_node_20  = 11163, 6727, 12766, 33528, 6773, 11456, 17860, 23559, 45503, 1083, 17041
forward_node_18  = 18273, 10705, 395945, 12014, 72810, 21479, 21506, 24567, 2505915, 43906, 312712
forward_node_15  = 34476, 24763, 29069, 8491, 26558, 35956, 2449, 17623, 33461, 16821, 22966
forward_node_17  = 24635, 7834, 29675, 34722, 35880, 2329, 39877, 33108, 7802, 33093, 24895
forward_node_10  = 40869, 9776, 23290, 28069, 2613, 19788, 9062, 23001, 6393, 21562, 18442
forward_node_5  = 48547, 57283, 69916, 32780, 19897, 16339, 45141, 31638, 29919, 22907, 37436
forward_node_13  = 17567, 37573, 20748, 2511484, 26494, 20462, 37449, 26490, 44552, 2126, 274494
forward_node_4  = 15307, 12625, 26363, 51037, 22138, 10445, 271842, 31553, 12540, 24815, 47866
total =  = 71722

backward_node_15  = 801, 31759, 13969, 32821, 26335, 2414047, 45296, 4401, 12557, 41828, 262381
backward_node_17  = 12295, 2060, 10811, 39729, 22065, 9609, 22614, 11029, 14974, 5170, 15035
backward_node_7  = 33186, 24306, 56590, 42085, 25336, 35042, 18886, 33060, 17041, 3647, 28917
backward_node_11  = 39913, 6092, 38869, 35180, 38796, 18931, 32935, 7353, 11319, 29369, 25875
backward_node_20  = 368421, 3523, 3187, 6831, 21448, 30251, 13129, 15102, 28723, 39242, 52985
backward_node_2  = 24847, 20710, 5395, 29504, 13857, 8061, 17069, 34059, 6128, 20070, 17970
backward_node_6  = 5674, 32655, 30041, 42404, 1721, 14515, 31020, 33422, 290260, 2204, 48391
backward_node_14  = 18195, 30586, 37210, 6667, 3453, 36987, 11071, 21941, 8421, 12347, 18687
backward_node_10  = 12896, 15037, 9509, 2059, 7421, 13644, 2580, 31155, 10015, 27328, 13164
backward_node_1  = 22526, 48523, 22590, 18767, 17169, 33535, 15317, 9439, 2220, 32121, 22220
backward_node_12  = 46467, 19333, 19744, 14569, 12868, 30219, 32433, 4019, 35260, 15296, 23020
backward_node_8  = 16632, 33268, 8196, 33499, 22844, 19898, 30910, 62615, 11497, 30104, 26946
backward_node_9  = 9903, 13603, 2440213, 48774, 5179, 4357, 4321, 16439, 4016, 47371, 259417
backward_node_0  = 16348, 19231, 24605, 23798, 9621, 2147, 41999, 12685, 39770, 24741, 21494
backward_node_3  = 20055, 38263, 16634, 9090, 32529, 12606, 5985, 29981, 38528, 8019, 21169
backward_node_13  = 7767, 22252, 6885, 51324, 28237, 28503, 18419, 37655, 33960, 16851, 25185
backward_node_5  = 8349, 37957, 14767, 32193, 15068, 32706, 823, 40577, 2433720, 46700, 266286
backward_node_4  = 4339, 16730, 42124, 18132, 23995, 45851, 8113, 40925, 27945, 30660, 25881
backward_node_16  = 2537, 4672, 17369, 24725, 30379, 5784, 30056, 1842, 15117, 42025, 17450
backward_node_19  = 40347, 7720, 1946, 4185, 31410, 16030, 20597, 18875, 19668, 6369, 16714
backward_node_18  = 2379046, 13898, 13429, 31006, 34702, 298552, 34507, 6395, 32450, 17999, 286198
total =  = 71208

source_target_node_0  = 16833, 395824, 9212, 20463, 31054, 9572, 96596, 61759, 25829, 70805, 73794
source_target_node_11  = 26258, 3154, 13947, 24539, 100636, 80272, 404074, 95734, 17700, 3415, 76972
source_target_node_4  = 22630, 98971, 53436, 419133, 39050, 112871, 21612, 75050, 9844, 78280, 93087
source_target_node_7  = 20065, 46443, 5850, 86111, 81190, 89718, 6027, 105083, 82928, 376076, 89949
source_target_node_9  = 88065, 39261, 106897, 49646, 17905, 62218, 32791, 414355, 108701, 18684, 93852
source_target_node_1  = 36883, 103865, 34353, 2463896, 24478, 91948, 33848, 6252, 78802, 73479, 294780
source_target_node_12  = 62977, 19031, 64342, 7008, 2566336, 33316, 22317, 81441, 42991, 2532121, 543188
source_target_node_3  = 395376, 75625, 29175, 52949, 435861, 2557763, 71635, 96543, 17379, 34976, 376728
source_target_node_5  = 65816, 37011, 2507135, 3066, 87604, 75866, 37567, 2739, 95428, 20400, 293263
source_target_node_13  = 72186, 49339, 62339, 74675, 2834, 3163, 2974, 31134, 31576, 32273, 36249
source_target_node_14  = 2431666, 90532, 47119, 34125, 79846, 50369, 25073, 27344, 391758, 30625, 320845
source_target_node_18  = 32803, 25046, 33199, 12224, 13665, 35608, 82288, 102905, 2601663, 24204, 296360
source_target_node_8  = 17890, 27981, 29477, 19676, 27939, 67106, 99906, 90512, 15677, 41802, 43796
source_target_node_19  = 28340, 2490904, 22317, 71407, 29783, 427982, 99346, 48484, 4020, 99891, 332247
source_target_node_20  = 95016, 22513, 100141, 93534, 100882, 33778, 23658, 2551052, 29219, 79800, 312959
source_target_node_6  = 7601, 7078, 53452, 35894, 7104, 85484, 54938, 22050, 22812, 13697, 31011
source_target_node_16  = 40853, 44097, 17894, 61548, 65921, 31512, 40839, 9927, 35947, 27488, 37602
source_target_node_10  = 77775, 20912, 402474, 37820, 68742, 6149, 43568, 38410, 101487, 6313, 80365
source_target_node_2  = 47954, 32344, 25271, 53801, 22108, 23690, 31956, 17934, 80105, 106986, 44214
source_target_node_17  = 3375, 31071, 75312, 58676, 35194, 57317, 2591392, 14115, 62534, 18042, 294702
source_target_node_15  = 13212, 34843, 3103, 92981, 57070, 49507, 9279, 25802, 6647, 93642, 38608
total =  = 181170

path_node_14  = 36662, 77999, 3649, 40254, 115157, 4095, 91847, 98108, 99211, 33414, 60039
path_node_18  = 106769, 449826, 20569, 35222, 2663106, 77996, 92086, 7398, 31134, 377011, 386111
path_node_1  = 29259, 21526, 91227, 466906, 64701, 67628, 18151, 101621, 89232, 53334, 100358
path_node_4  = 54665, 64559, 449000, 90147, 75226, 21674, 57374, 17480, 100183, 96895, 102720
path_node_15  = 53664, 110069, 72800, 83380, 32700, 80859, 46366, 404882, 38244, 18015, 94097
path_node_17  = 18538, 70914, 18542, 31530, 18369, 71533, 72931, 100700, 3324, 86293, 49267
path_node_2  = 18880, 87911, 11482, 40805, 60525, 20781, 107242, 102080, 95217, 106723, 65164
path_node_0  = 37313, 45056, 3224, 59378, 106991, 31005, 23728, 31848, 41467, 23743, 40375
path_node_8  = 83582, 59260, 16310, 81927, 67290, 2582903, 19589, 22406, 56640, 91877, 308178
path_node_16  = 81749, 381756, 41565, 46075, 5432, 104506, 29154, 4699, 93335, 88027, 87629
path_node_3  = 28768, 74927, 12418, 7575, 40626, 19942, 414370, 75065, 107448, 44675, 82581
path_node_19  = 2570850, 73487, 127811, 2514184, 74702, 4073, 3687, 29498, 2445769, 4079, 784814
path_node_7  = 49551, 42738, 28783, 31884, 16668, 111300, 20071, 78046, 6802, 2464670, 285051
path_node_9  = 87436, 42481, 34363, 48315, 87316, 102758, 97692, 13781, 27088, 8091, 54932
path_node_6  = 6213, 24174, 35267, 84561, 379, 19061, 69244, 42858, 19480, 200, 30143
path_node_12  = 5575, 2513542, 100664, 63107, 50257, 24808, 48552, 38312, 5722, 95243, 294578
path_node_11  = 112847, 81747, 67366, 2631018, 9573, 30640, 38770, 46152, 23007, 108701, 314982
path_node_10  = 106029, 2604739, 75306, 37890, 78275, 16301, 70222, 36301, 380740, 30065, 343586
path_node_13  = 6777, 90493, 33074, 45528, 43682, 28424, 26270, 50887, 102390, 93360, 52088
path_node_5  = 414533, 29357, 53083, 17147, 452145, 57367, 36673, 2459459, 22072, 27951, 356978
path_node_20  = 90361, 91616, 44539, 19267, 44344, 425277, 2468294, 10161, 23030, 32478, 324936
total =  = 200886

forward_port_17  = 7157748, 3503594, 98984, 1511613, 3936715, timeout, timeout, timeout, timeout, timeout, timeout
forward_port_8  = 3351044, 820693, 3089286, 463705, 341536, 4148919, 1247156, 192203, 6851124, 6991585, 2749725
forward_port_12  = 3490845, 487145, 4045076, 616162, 4747540, 4339171, 6654179, 7046237, 6614186, timeout, timeout
forward_port_9  = 6523598, 3846195, 4369978, 3721357, 7105248, 8444963, 4880836, 7163228, 468276, 419669, 4694334
forward_port_7  = 509264, 4157063, 3613768, 371245, 3937341, 752984, 6753733, 712331, 639634, 6449052, 2789641
forward_port_16  = 4074994, 3864299, 4521026, 266053, 693720, 3434589, 937902, 107274, 6594847, 5705081, 3019978
forward_port_18  = 4210840, 4482084, 4277871, 4065543, 4065416, 6173724, 190047, 4726139, 6909859, 7632815, 4673433
forward_port_10  = 4389510, 3609869, 3598398, 3971646, 177250, 253472, 5129735, 2103849, 1070395, 577064, 2488118
forward_port_20  = 2585600, 7045259, 6572380, 194839, 257622, 4935024, timeout, timeout, timeout, timeout, timeout
forward_port_1  = 7348249, 3259204, 3219358, 4491858, 3805935, 3306633, 7074979, 6311257, 1196559, 5355805, 4536983
forward_port_11  = 338529, 243687, 2966282, 6775251, 6853069, 94328, 4518736, 7171600, 6366930, 1707821, 3703623
forward_port_15  = 4278885, 599084, 7003667, 7060541, 4079213, 3697274, 7297441, 6546085, 290244, 8670229, 4952266
forward_port_2  = 247137, 176088, 350138, 4503810, 3446310, 3695009, timeout, timeout, timeout, timeout, timeout
forward_port_6  = 4113656, 3405106, 260224, 973550, 7114985, 160567, 4128490, 1020334, 288538, 6851469, 2831691
forward_port_0  = 3162854, 419556, 3776138, 3800333, 4104286, 657369, 6013297, 5543848, 6615755, 6620458, 4071389
forward_port_4  = 3268402, 3805766, 1179059, 3949879, 4289589, 9379572, timeout, timeout, timeout, timeout, timeout
forward_port_5  = 83762, 7212882, 6737417, 95024, 2563451, 4627058, 88604, 5472479, 6451795, 4447772, 3778024
forward_port_13  = 3802746, 4329544, 3702017, 3306473, 3278787, 2868092, 7182994, 999230, 5390781, 6818914, 4167957
forward_port_19  = 1097285, 3750240, 4121979, 4868619, 3738309, 496498, 5844588, 5544569, 4607860, 7657862, 4172780
forward_port_3  = 3860662, 94928, 628549, 3858436, 3579641, 5737639, 1703807, 1836708, 6137521, 699434, 2813732
forward_port_14  = 576921, 2893904, 930198, 3085283, 514171, 3775513, 249599, 8056831, 6566271, 706691, 2735538
total =  = 3636200

backward_port_10  = timeout, timeout, timeout, timeout, timeout, timeout, timeout, timeout, timeout, timeout, timeout
backward_port_0  = timeout, timeout, timeout, timeout, timeout, timeout, timeout, timeout, timeout, timeout, timeout
backward_port_8  = timeout, timeout, timeout, timeout, timeout, timeout, timeout, timeout, timeout, timeout, timeout
backward_port_18  = timeout, timeout, timeout, timeout, timeout, timeout, timeout, timeout, timeout, timeout, timeout
backward_port_3  = timeout, timeout, timeout, timeout, timeout, timeout, timeout, timeout, timeout, timeout, timeout
backward_port_7  = timeout, timeout, timeout, timeout, timeout, timeout, timeout, timeout, timeout, timeout, timeout
backward_port_2  = timeout, timeout, timeout, timeout, timeout, timeout, timeout, timeout, timeout, timeout, timeout
backward_port_5  = timeout, timeout, timeout, timeout, timeout, timeout, timeout, timeout, timeout, timeout, timeout
backward_port_12  = timeout, timeout, timeout, timeout, timeout, timeout, timeout, timeout, timeout, timeout, timeout
backward_port_16  = timeout, timeout, timeout, timeout, timeout, timeout, timeout, timeout, timeout, timeout, timeout
backward_port_11  = timeout, timeout, timeout, timeout, timeout, timeout, timeout, timeout, timeout, timeout, timeout
backward_port_6  = timeout, timeout, timeout, timeout, timeout, timeout, timeout, timeout, timeout, timeout, timeout
backward_port_17  = timeout, timeout, timeout, timeout, timeout, timeout, timeout, timeout, timeout, timeout, timeout
backward_port_4  = timeout, timeout, timeout, timeout, timeout, timeout, timeout, timeout, timeout, timeout, timeout
backward_port_13  = timeout, timeout, timeout, timeout, timeout, timeout, timeout, timeout, timeout, timeout, timeout
backward_port_19  = timeout, timeout, timeout, timeout, timeout, timeout, timeout, timeout, timeout, timeout, timeout
backward_port_20  = timeout, timeout, timeout, timeout, timeout, timeout, timeout, timeout, timeout, timeout, timeout
backward_port_1  = timeout, timeout, timeout, timeout, timeout, timeout, timeout, timeout, timeout, timeout, timeout
backward_port_14  = timeout, timeout, timeout, timeout, timeout, timeout, timeout, timeout, timeout, timeout, timeout
backward_port_9  = timeout, timeout, timeout, timeout, timeout, timeout, timeout, timeout, timeout, timeout, timeout
backward_port_15  = timeout, timeout, timeout, timeout, timeout, timeout, timeout, timeout, timeout, timeout, timeout
total =  = 0

source_target_port_2  = timeout, timeout, timeout, timeout, timeout, timeout, timeout, timeout, timeout, timeout, timeout
source_target_port_16  = timeout, timeout, timeout, timeout, timeout, timeout, timeout, timeout, timeout, timeout, timeout
source_target_port_8  = timeout, timeout, timeout, timeout, timeout, timeout, timeout, timeout, timeout, timeout, timeout
source_target_port_9  = timeout, timeout, timeout, timeout, timeout, timeout, timeout, timeout, timeout, timeout, timeout
source_target_port_11  = timeout, timeout, timeout, timeout, timeout, timeout, timeout, timeout, timeout, timeout, timeout
source_target_port_5  = timeout, timeout, timeout, timeout, timeout, timeout, timeout, timeout, timeout, timeout, timeout
source_target_port_4  = timeout, timeout, timeout, timeout, timeout, timeout, timeout, timeout, timeout, timeout, timeout
source_target_port_18  = timeout, timeout, timeout, timeout, timeout, timeout, timeout, timeout, timeout, timeout, timeout
source_target_port_13  = timeout, timeout, timeout, timeout, timeout, timeout, timeout, timeout, timeout, timeout, timeout
source_target_port_10  = timeout, timeout, timeout, timeout, timeout, timeout, timeout, timeout, timeout, timeout, timeout
source_target_port_20  = timeout, timeout, timeout, timeout, timeout, timeout, timeout, timeout, timeout, timeout, timeout
source_target_port_19  = timeout, timeout, timeout, timeout, timeout, timeout, timeout, timeout, timeout, timeout, timeout
source_target_port_17  = timeout, timeout, timeout, timeout, timeout, timeout, timeout, timeout, timeout, timeout, timeout
source_target_port_7  = timeout, timeout, timeout, timeout, timeout, timeout, timeout, timeout, timeout, timeout, timeout
source_target_port_1  = timeout, timeout, timeout, timeout, timeout, timeout, timeout, timeout, timeout, timeout, timeout
source_target_port_0  = timeout, timeout, timeout, timeout, timeout, timeout, timeout, timeout, timeout, timeout, timeout
source_target_port_12  = timeout, timeout, timeout, timeout, timeout, timeout, timeout, timeout, timeout, timeout, timeout
source_target_port_15  = timeout, timeout, timeout, timeout, timeout, timeout, timeout, timeout, timeout, timeout, timeout
source_target_port_6  = timeout, timeout, timeout, timeout, timeout, timeout, timeout, timeout, timeout, timeout, timeout
source_target_port_3  = timeout, timeout, timeout, timeout, timeout, timeout, timeout, timeout, timeout, timeout, timeout
source_target_port_14  = timeout, timeout, timeout, timeout, timeout, timeout, timeout, timeout, timeout, timeout, timeout
total =  = 0

path_port_2  = timeout, timeout, timeout, timeout, timeout, timeout, timeout, timeout, timeout, timeout, timeout
path_port_18  = timeout, timeout, timeout, timeout, timeout, timeout, timeout, timeout, timeout, timeout, timeout
path_port_20  = timeout, timeout, timeout, timeout, timeout, timeout, timeout, timeout, timeout, timeout, timeout
path_port_6  = timeout, timeout, timeout, timeout, timeout, timeout, timeout, timeout, timeout, timeout, timeout
path_port_7  = timeout, timeout, timeout, timeout, timeout, timeout, timeout, timeout, timeout, timeout, timeout
path_port_11  = timeout, timeout, timeout, timeout, timeout, timeout, timeout, timeout, timeout, timeout, timeout
path_port_10  = timeout, timeout, timeout, timeout, timeout, timeout, timeout, timeout, timeout, timeout, timeout
path_port_19  = timeout, timeout, timeout, timeout, timeout, timeout, timeout, timeout, timeout, timeout, timeout
path_port_14  = timeout, timeout, timeout, timeout, timeout, timeout, timeout, timeout, timeout, timeout, timeout
path_port_3  = timeout, timeout, timeout, timeout, timeout, timeout, timeout, timeout, timeout, timeout, timeout
path_port_12  = timeout, timeout, timeout, timeout, timeout, timeout, timeout, timeout, timeout, timeout, timeout
path_port_13  = timeout, timeout, timeout, timeout, timeout, timeout, timeout, timeout, timeout, timeout, timeout
path_port_4  = timeout, timeout, timeout, timeout, timeout, timeout, timeout, timeout, timeout, timeout, timeout
path_port_16  = timeout, timeout, timeout, timeout, timeout, timeout, timeout, timeout, timeout, timeout, timeout
path_port_1  = timeout, timeout, timeout, timeout, timeout, timeout, timeout, timeout, timeout, timeout, timeout
path_port_5  = timeout, timeout, timeout, timeout, timeout, timeout, timeout, timeout, timeout, timeout, timeout
path_port_9  = timeout, timeout, timeout, timeout, timeout, timeout, timeout, timeout, timeout, timeout, timeout
path_port_0  = timeout, timeout, timeout, timeout, timeout, timeout, timeout, timeout, timeout, timeout, timeout
path_port_17  = timeout, timeout, timeout, timeout, timeout, timeout, timeout, timeout, timeout, timeout, timeout
path_port_8  = timeout, timeout, timeout, timeout, timeout, timeout, timeout, timeout, timeout, timeout, timeout
path_port_15  = timeout, timeout, timeout, timeout, timeout, timeout, timeout, timeout, timeout, timeout, timeout
total =  = 0