#graphs, #height, #components, #connections, #ports, #nodes, #edges, #flows
11, 2, 32, 55, 243, 136, 110, 230
forward_node_3 = reach forward integration_implementation1_Instance.speed_controller.c1
forward_node_19 = reach forward integration_implementation1_Instance.warning_alert
forward_node_10 = reach forward integration_implementation1_Instance.obstacle_detection.thr
forward_node_4 = reach forward integration_implementation1_Instance.speed_controller.c4
forward_node_17 = reach forward integration_implementation1_Instance.c200
forward_node_9 = reach forward integration_implementation1_Instance.c120
forward_node_11 = reach forward integration_implementation1_Instance.c040
forward_node_13 = reach forward integration_implementation1_Instance.emergency_detection
forward_node_0 = reach forward integration_implementation1_Instance.c110
forward_node_2 = reach forward integration_implementation1_Instance.obstacle_distance_evaluation.c2
forward_node_15 = reach forward integration_implementation1_Instance.speed_threshold_calculation
forward_node_8 = reach forward integration_implementation1_Instance.image_acquisition.thr_acq
forward_node_12 = reach forward integration_implementation1_Instance.speed_estimate.c1
forward_node_6 = reach forward integration_implementation1_Instance.c110
forward_node_14 = reach forward integration_implementation1_Instance.acceleration
forward_node_1 = reach forward integration_implementation1_Instance.radar_acquisition.thr
forward_node_16 = reach forward integration_implementation1_Instance.obstacle_distance_evaluation.thr
forward_node_7 = reach forward integration_implementation1_Instance.speed_estimate
forward_node_5 = reach forward integration_implementation1_Instance.c010
forward_node_18 = reach forward integration_implementation1_Instance.acceleration
forward_node_20 = reach forward integration_implementation1_Instance.warning_activation.c1
backward_node_0 = reach backward integration_implementation1_Instance.warning_activation.c1
backward_node_5 = reach backward integration_implementation1_Instance.c190
backward_node_4 = reach backward integration_implementation1_Instance.position_voter.c2
backward_node_16 = reach backward integration_implementation1_Instance.speed_controller.c2
backward_node_9 = reach backward integration_implementation1_Instance.speed_threshold_calculation.thr
backward_node_3 = reach backward integration_implementation1_Instance.warning_activation
backward_node_8 = reach backward integration_implementation1_Instance.warning_activation.c0
backward_node_14 = reach backward integration_implementation1_Instance.speed_controller
backward_node_17 = reach backward integration_implementation1_Instance.c070
backward_node_13 = reach backward integration_implementation1_Instance.acceleration
backward_node_12 = reach backward integration_implementation1_Instance.speed_estimate.thr
backward_node_2 = reach backward integration_implementation1_Instance.radar_acquisition.c1
backward_node_15 = reach backward integration_implementation1_Instance.radar_acquisition.c1
backward_node_10 = reach backward integration_implementation1_Instance.speed_controller.c0
backward_node_7 = reach backward integration_implementation1_Instance.speed_controller
backward_node_20 = reach backward integration_implementation1_Instance.b1_FORWARD
backward_node_19 = reach backward integration_implementation1_Instance.c160
backward_node_6 = reach backward integration_implementation1_Instance.c020
backward_node_1 = reach backward integration_implementation1_Instance.obstacle_distance_evaluation.thr
backward_node_11 = reach backward integration_implementation1_Instance.c210
backward_node_18 = reach backward integration_implementation1_Instance.c030
source_target_node_16 = reach from integration_implementation1_Instance.position_voter.c0 to integration_implementation1_Instance.image_acquisition.thr_acq
source_target_node_18 = reach from integration_implementation1_Instance.brake to integration_implementation1_Instance.obstacle_detection.c1
source_target_node_17 = reach from integration_implementation1_Instance.position_voter.c2 to integration_implementation1_Instance.image_acquisition.thr_acq
source_target_node_6 = reach from integration_implementation1_Instance.c200 to integration_implementation1_Instance.c050
source_target_node_11 = reach from integration_implementation1_Instance.b0_BACKWARD to integration_implementation1_Instance.radar_acquisition
source_target_node_10 = reach from integration_implementation1_Instance.warning_activation.c0 to integration_implementation1_Instance.position_voter.c0
source_target_node_13 = reach from integration_implementation1_Instance.b1_FORWARD to integration_implementation1_Instance.b0_BACKWARD
source_target_node_0 = reach from integration_implementation1_Instance.image_acquisition to integration_implementation1_Instance.speed_controller
source_target_node_1 = reach from integration_implementation1_Instance.c180 to integration_implementation1_Instance.position_voter.c1
source_target_node_19 = reach from integration_implementation1_Instance.b0_FORWARD to integration_implementation1_Instance.position_voter.c1
source_target_node_3 = reach from integration_implementation1_Instance.warning_alert to integration_implementation1_Instance.image_acquisition.c0
source_target_node_7 = reach from integration_implementation1_Instance.obstacle_detection.c1 to integration_implementation1_Instance.wheel_sensor
source_target_node_2 = reach from integration_implementation1_Instance.position_voter.c2 to integration_implementation1_Instance.obstacle_detection
source_target_node_14 = reach from integration_implementation1_Instance.c140 to integration_implementation1_Instance.warning_activation.c0
source_target_node_12 = reach from integration_implementation1_Instance.position_voter.thr to integration_implementation1_Instance.image_acquisition.c1
source_target_node_5 = reach from integration_implementation1_Instance.b1_BACKWARD to integration_implementation1_Instance.speed_threshold_calculation.c1
source_target_node_8 = reach from integration_implementation1_Instance.speed_estimate.c0 to integration_implementation1_Instance.speed_threshold_calculation.thr
source_target_node_4 = reach from integration_implementation1_Instance.ecu1 to integration_implementation1_Instance.obstacle_distance_evaluation.c0
source_target_node_20 = reach from integration_implementation1_Instance.obstacle_distance_evaluation.c0 to integration_implementation1_Instance.speed_threshold_calculation
source_target_node_15 = reach from integration_implementation1_Instance.position_voter to integration_implementation1_Instance.warning_activation.c0
source_target_node_9 = reach from integration_implementation1_Instance.speed_estimate.c0 to integration_implementation1_Instance.c170
path_node_20 = reach paths from integration_implementation1_Instance.c090 to integration_implementation1_Instance.speed_estimate.thr
path_node_11 = reach paths from integration_implementation1_Instance.c020 to integration_implementation1_Instance.emergency_detection.thr
path_node_9 = reach paths from integration_implementation1_Instance.speed_estimate.thr to integration_implementation1_Instance.c190
path_node_0 = reach paths from integration_implementation1_Instance.obstacle_distance_evaluation.c1 to integration_implementation1_Instance.b1_FORWARD
path_node_13 = reach paths from integration_implementation1_Instance.speed_threshold_calculation.thr to integration_implementation1_Instance.c210
path_node_2 = reach paths from integration_implementation1_Instance.can to integration_implementation1_Instance.speed_estimate.c1
path_node_1 = reach paths from integration_implementation1_Instance.emergency_detection.c0 to integration_implementation1_Instance.c070
path_node_7 = reach paths from integration_implementation1_Instance.speed_controller.c3 to integration_implementation1_Instance.speed_controller.c1
path_node_18 = reach paths from integration_implementation1_Instance.speed_threshold_calculation.c0 to integration_implementation1_Instance.speed_threshold_calculation.c1
path_node_15 = reach paths from integration_implementation1_Instance.c030 to integration_implementation1_Instance.speed_threshold_calculation.thr
path_node_16 = reach paths from integration_implementation1_Instance.c090 to integration_implementation1_Instance.ecu1
path_node_6 = reach paths from integration_implementation1_Instance.emergency_detection.c0 to integration_implementation1_Instance.image_acquisition
path_node_3 = reach paths from integration_implementation1_Instance.warning_alert to integration_implementation1_Instance.warning_activation.c0
path_node_8 = reach paths from integration_implementation1_Instance.warning_activation to integration_implementation1_Instance.speed_controller.c4
path_node_17 = reach paths from integration_implementation1_Instance.speed_threshold_calculation.c1 to integration_implementation1_Instance.c000
path_node_5 = reach paths from integration_implementation1_Instance.b1_FORWARD to integration_implementation1_Instance.radar_acquisition.c0
path_node_19 = reach paths from integration_implementation1_Instance.c070 to integration_implementation1_Instance.speed_controller.c3
path_node_4 = reach paths from integration_implementation1_Instance.c060 to integration_implementation1_Instance.radar_acquisition.thr
path_node_14 = reach paths from integration_implementation1_Instance.image_acquisition.c1 to integration_implementation1_Instance.ecu2
path_node_10 = reach paths from integration_implementation1_Instance.speed_estimate to integration_implementation1_Instance.c000
path_node_12 = reach paths from integration_implementation1_Instance.obstacle_distance_evaluation.thr to integration_implementation1_Instance.obstacle_detection.thr
forward_port_17 = reach forward integration_implementation1_Instance.c150.BIND_OUT
forward_port_11 = reach forward integration_implementation1_Instance.ecu2.bindings_OUT
forward_port_14 = reach forward integration_implementation1_Instance.radar_acquisition.c1.out
forward_port_5 = reach forward integration_implementation1_Instance.c170.in
forward_port_20 = reach forward integration_implementation1_Instance.ecu1.socket_IN
forward_port_0 = reach forward integration_implementation1_Instance.c040.in
forward_port_4 = reach forward integration_implementation1_Instance.speed_estimate.processor_IN
forward_port_13 = reach forward integration_implementation1_Instance.c200.out
forward_port_1 = reach forward integration_implementation1_Instance.radar_acquisition.thr.processor_IN
forward_port_15 = reach forward integration_implementation1_Instance.b0_BACKWARD.out
forward_port_9 = reach forward integration_implementation1_Instance.speed_threshold_calculation.c2.out
forward_port_6 = reach forward integration_implementation1_Instance.speed_controller.c0.in
forward_port_8 = reach forward integration_implementation1_Instance.obstacle_distance_evaluation.current_speed
forward_port_16 = reach forward integration_implementation1_Instance.gps2.position
forward_port_3 = reach forward integration_implementation1_Instance.warning_activation.activate_warning
forward_port_19 = reach forward integration_implementation1_Instance.speed_threshold_calculation.thr.processor_IN
forward_port_18 = reach forward integration_implementation1_Instance.speed_controller.processor_IN
forward_port_7 = reach forward integration_implementation1_Instance.speed_controller.threshold
forward_port_12 = reach forward integration_implementation1_Instance.ecu2.socket_OUT
forward_port_2 = reach forward integration_implementation1_Instance.c120.in
forward_port_10 = reach forward integration_implementation1_Instance.speed_threshold_calculation.thr.processor_IN
backward_port_5 = reach backward integration_implementation1_Instance.c130.BIND_OUT
backward_port_20 = reach backward integration_implementation1_Instance.ecu2.socket_IN
backward_port_11 = reach backward integration_implementation1_Instance.c130.out
backward_port_7 = reach backward integration_implementation1_Instance.obstacle_detection.camera
backward_port_8 = reach backward integration_implementation1_Instance.c110.out
backward_port_6 = reach backward integration_implementation1_Instance.speed_threshold_calculation.thr.processor_IN
backward_port_12 = reach backward integration_implementation1_Instance.speed_threshold_calculation.threshold
backward_port_0 = reach backward integration_implementation1_Instance.c130.BIND_OUT
backward_port_9 = reach backward integration_implementation1_Instance.obstacle_distance_evaluation.c1.out
backward_port_13 = reach backward integration_implementation1_Instance.can.ACCESS_OUT
backward_port_3 = reach backward integration_implementation1_Instance.speed_threshold_calculation.thr.processor_OUT
backward_port_2 = reach backward integration_implementation1_Instance.warning_activation.thr.activate_warning
backward_port_1 = reach backward integration_implementation1_Instance.obstacle_distance_evaluation.c2.in
backward_port_16 = reach backward integration_implementation1_Instance.image_acquisition.c1.out
backward_port_18 = reach backward integration_implementation1_Instance.c190.in
backward_port_10 = reach backward integration_implementation1_Instance.radar_acquisition.thr.obstacle_detected
backward_port_14 = reach backward integration_implementation1_Instance.obstacle_detection.c0.in
backward_port_15 = reach backward integration_implementation1_Instance.speed_controller.position
backward_port_19 = reach backward integration_implementation1_Instance.speed_threshold_calculation.thr.position
backward_port_17 = reach backward integration_implementation1_Instance.obstacle_distance_evaluation.processor_IN
backward_port_4 = reach backward integration_implementation1_Instance.c100.out
source_target_port_13 = reach from integration_implementation1_Instance.radar_acquisition.thr.obstacle_distance to integration_implementation1_Instance.emergency_detection.thr.processor_IN
source_target_port_2 = reach from integration_implementation1_Instance.speed_threshold_calculation.thr.position to integration_implementation1_Instance.image_acquisition.thr_acq.processor_IN
source_target_port_18 = reach from integration_implementation1_Instance.c180.in to integration_implementation1_Instance.speed_threshold_calculation.c0.out
source_target_port_1 = reach from integration_implementation1_Instance.c030.out to integration_implementation1_Instance.emergency_detection.processor_OUT
source_target_port_17 = reach from integration_implementation1_Instance.c190.out to integration_implementation1_Instance.warning_activation.thr.emergency_detected
source_target_port_19 = reach from integration_implementation1_Instance.c190.out to integration_implementation1_Instance.c150.BIND_IN
source_target_port_16 = reach from integration_implementation1_Instance.warning_activation.thr.emergency_detected to integration_implementation1_Instance.acceleration.cmd
source_target_port_7 = reach from integration_implementation1_Instance.emergency_detection.thr.obstacle_distance to integration_implementation1_Instance.c150.in
source_target_port_4 = reach from integration_implementation1_Instance.speed_controller.position to integration_implementation1_Instance.c150.BIND_OUT
source_target_port_5 = reach from integration_implementation1_Instance.speed_controller.c2.out to integration_implementation1_Instance.speed_estimate.c1.out
source_target_port_3 = reach from integration_implementation1_Instance.speed_controller.emergency_detected to integration_implementation1_Instance.speed_controller.threshold
source_target_port_20 = reach from integration_implementation1_Instance.speed_controller.processor_IN to integration_implementation1_Instance.obstacle_distance_evaluation.c2.in
source_target_port_9 = reach from integration_implementation1_Instance.speed_estimate.speed to integration_implementation1_Instance.c080.BIND_OUT
source_target_port_12 = reach from integration_implementation1_Instance.image_acquisition.c1.out to integration_implementation1_Instance.image_acquisition.thr_acq.picture
source_target_port_8 = reach from integration_implementation1_Instance.image_acquisition.c1.out to integration_implementation1_Instance.c140.in
source_target_port_11 = reach from integration_implementation1_Instance.c180.BIND_IN to integration_implementation1_Instance.speed_threshold_calculation.c2.out
source_target_port_0 = reach from integration_implementation1_Instance.position_voter.thr.processor_IN to integration_implementation1_Instance.radar_acquisition.c1.out
source_target_port_14 = reach from integration_implementation1_Instance.warning_activation.thr.activate_warning to integration_implementation1_Instance.speed_controller.c4.in
source_target_port_6 = reach from integration_implementation1_Instance.c130.in to integration_implementation1_Instance.obstacle_distance_evaluation.obstacle_distance
source_target_port_10 = reach from integration_implementation1_Instance.position_voter.processor_OUT to integration_implementation1_Instance.warning_activation.thr.processor_OUT
source_target_port_15 = reach from integration_implementation1_Instance.warning_activation.thr.emergency_detected to integration_implementation1_Instance.b1_FORWARD.out
path_port_0 = reach paths from integration_implementation1_Instance.image_acquisition.thr_acq.processor_IN to integration_implementation1_Instance.obstacle_detection.radar
path_port_7 = reach paths from integration_implementation1_Instance.c080.out to integration_implementation1_Instance.c120.BIND_OUT
path_port_16 = reach paths from integration_implementation1_Instance.emergency_detection.thr.emergency_detected to integration_implementation1_Instance.b1_BACKWARD.out
path_port_2 = reach paths from integration_implementation1_Instance.emergency_detection.c1.in to integration_implementation1_Instance.warning_activation.activate_warning
path_port_12 = reach paths from integration_implementation1_Instance.c160.out to integration_implementation1_Instance.speed_estimate.speed
path_port_6 = reach paths from integration_implementation1_Instance.emergency_detection.processor_IN to integration_implementation1_Instance.obstacle_detection.c2.out
path_port_10 = reach paths from integration_implementation1_Instance.speed_threshold_calculation.thr.processor_IN to integration_implementation1_Instance.speed_controller.c3.out
path_port_13 = reach paths from integration_implementation1_Instance.c160.out to integration_implementation1_Instance.speed_estimate.thr.laser_sensor
path_port_11 = reach paths from integration_implementation1_Instance.image_acquisition.c1.out to integration_implementation1_Instance.speed_estimate.thr.speed
path_port_17 = reach paths from integration_implementation1_Instance.speed_estimate.wheel_sensor to integration_implementation1_Instance.c080.BIND_IN
path_port_9 = reach paths from integration_implementation1_Instance.c110.in to integration_implementation1_Instance.c050.in
path_port_1 = reach paths from integration_implementation1_Instance.speed_controller.processor_IN to integration_implementation1_Instance.wheel_sensor.speed
path_port_20 = reach paths from integration_implementation1_Instance.emergency_detection.c1.in to integration_implementation1_Instance.emergency_detection.c2.out
path_port_19 = reach paths from integration_implementation1_Instance.emergency_detection.c0.out to integration_implementation1_Instance.c000.out
path_port_4 = reach paths from integration_implementation1_Instance.obstacle_detection.c1.in to integration_implementation1_Instance.obstacle_detection.thr.processor_IN
path_port_18 = reach paths from integration_implementation1_Instance.obstacle_distance_evaluation.c1.out to integration_implementation1_Instance.laser_sensor.speed
path_port_3 = reach paths from integration_implementation1_Instance.b0_FORWARD.out to integration_implementation1_Instance.image_acquisition.picture
path_port_15 = reach paths from integration_implementation1_Instance.emergency_detection.c0.in to integration_implementation1_Instance.obstacle_detection.processor_OUT
path_port_14 = reach paths from integration_implementation1_Instance.speed_estimate.wheel_sensor to integration_implementation1_Instance.speed_controller.thr.cmd
path_port_8 = reach paths from integration_implementation1_Instance.b1_BACKWARD.in to integration_implementation1_Instance.emergency_detection.c2.out
path_port_5 = reach paths from integration_implementation1_Instance.image_acquisition.picture to integration_implementation1_Instance.c180.inforward_node_3  = timeout, timeout, timeout, timeout, timeout, timeout, timeout, timeout, timeout, timeout, timeout
forward_node_19  = timeout, timeout, timeout, timeout, timeout, timeout, timeout, timeout, timeout, timeout, timeout
forward_node_10  = timeout, timeout, timeout, timeout, timeout, timeout, timeout, timeout, timeout, timeout, timeout
forward_node_4  = timeout, timeout, timeout, timeout, timeout, timeout, timeout, timeout, timeout, timeout, timeout
forward_node_17  = timeout, timeout, timeout, timeout, timeout, timeout, timeout, timeout, timeout, timeout, timeout
forward_node_9  = timeout, timeout, timeout, timeout, timeout, timeout, timeout, timeout, timeout, timeout, timeout
forward_node_11  = timeout, timeout, timeout, timeout, timeout, timeout, timeout, timeout, timeout, timeout, timeout
forward_node_13  = timeout, timeout, timeout, timeout, timeout, timeout, timeout, timeout, timeout, timeout, timeout
forward_node_0  = timeout, timeout, timeout, timeout, timeout, timeout, timeout, timeout, timeout, timeout, timeout
forward_node_2  = timeout, timeout, timeout, timeout, timeout, timeout, timeout, timeout, timeout, timeout, timeout
forward_node_15  = timeout, timeout, timeout, timeout, timeout, timeout, timeout, timeout, timeout, timeout, timeout
forward_node_8  = timeout, timeout, timeout, timeout, timeout, timeout, timeout, timeout, timeout, timeout, timeout
forward_node_12  = timeout, timeout, timeout, timeout, timeout, timeout, timeout, timeout, timeout, timeout, timeout
forward_node_6  = timeout, timeout, timeout, timeout, timeout, timeout, timeout, timeout, timeout, timeout, timeout
forward_node_14  = timeout, timeout, timeout, timeout, timeout, timeout, timeout, timeout, timeout, timeout, timeout
forward_node_1  = timeout, timeout, timeout, timeout, timeout, timeout, timeout, timeout, timeout, timeout, timeout
forward_node_16  = timeout, timeout, timeout, timeout, timeout, timeout, timeout, timeout, timeout, timeout, timeout
forward_node_7  = timeout, timeout, timeout, timeout, timeout, timeout, timeout, timeout, timeout, timeout, timeout
forward_node_5  = timeout, timeout, timeout, timeout, timeout, timeout, timeout, timeout, timeout, timeout, timeout
forward_node_18  = timeout, timeout, timeout, timeout, timeout, timeout, timeout, timeout, timeout, timeout, timeout
forward_node_20  = timeout, timeout, timeout, timeout, timeout, timeout, timeout, timeout, timeout, timeout, timeout
total =  = 0

backward_node_0  = timeout, timeout, timeout, timeout, timeout, timeout, timeout, timeout, timeout, timeout, timeout
backward_node_5  = timeout, timeout, timeout, timeout, timeout, timeout, timeout, timeout, timeout, timeout, timeout
backward_node_4  = timeout, timeout, timeout, timeout, timeout, timeout, timeout, timeout, timeout, timeout, timeout
backward_node_16  = timeout, timeout, timeout, timeout, timeout, timeout, timeout, timeout, timeout, timeout, timeout
backward_node_9  = timeout, timeout, timeout, timeout, timeout, timeout, timeout, timeout, timeout, timeout, timeout
backward_node_3  = timeout, timeout, timeout, timeout, timeout, timeout, timeout, timeout, timeout, timeout, timeout
backward_node_8  = timeout, timeout, timeout, timeout, timeout, timeout, timeout, timeout, timeout, timeout, timeout
backward_node_14  = timeout, timeout, timeout, timeout, timeout, timeout, timeout, timeout, timeout, timeout, timeout
backward_node_17  = timeout, timeout, timeout, timeout, timeout, timeout, timeout, timeout, timeout, timeout, timeout
backward_node_13  = timeout, timeout, timeout, timeout, timeout, timeout, timeout, timeout, timeout, timeout, timeout
backward_node_12  = timeout, timeout, timeout, timeout, timeout, timeout, timeout, timeout, timeout, timeout, timeout
backward_node_2  = timeout, timeout, timeout, timeout, timeout, timeout, timeout, timeout, timeout, timeout, timeout
backward_node_15  = timeout, timeout, timeout, timeout, timeout, timeout, timeout, timeout, timeout, timeout, timeout
backward_node_10  = timeout, timeout, timeout, timeout, timeout, timeout, timeout, timeout, timeout, timeout, timeout
backward_node_7  = timeout, timeout, timeout, timeout, timeout, timeout, timeout, timeout, timeout, timeout, timeout
backward_node_20  = timeout, timeout, timeout, timeout, timeout, timeout, timeout, timeout, timeout, timeout, timeout
backward_node_19  = timeout, timeout, timeout, timeout, timeout, timeout, timeout, timeout, timeout, timeout, timeout
backward_node_6  = timeout, timeout, timeout, timeout, timeout, timeout, timeout, timeout, timeout, timeout, timeout
backward_node_1  = timeout, timeout, timeout, timeout, timeout, timeout, timeout, timeout, timeout, timeout, timeout
backward_node_11  = timeout, timeout, timeout, timeout, timeout, timeout, timeout, timeout, timeout, timeout, timeout
backward_node_18  = timeout, timeout, timeout, timeout, timeout, timeout, timeout, timeout, timeout, timeout, timeout
total =  = 0

source_target_node_16  = 50943, 8684, 3965, 9334, 1072, 9161, 615, 6544, 4517, 871, 9570
source_target_node_18  = 46710, 1669, 4319, 5084, 1883, 3664, 289307, 284, 4504, 278, 35770
source_target_node_17  = 35358, 8036, 1254, 4593, 5948, 45195, 16698, 13331, 9379, 7444, 14723
source_target_node_6  = timeout, timeout, timeout, timeout, timeout, timeout, timeout, timeout, timeout, timeout, timeout
source_target_node_11  = 38271, 295716, 598, 8326, 493, 13367, 4913, 6791, 9264, 18562, 39630
source_target_node_10  = 61977, 2190, 5098, 4441, 1418, 20097, 1930, 4275, 5308, 7932, 11466
source_target_node_13  = 50213, 456, 19922, 480, 1333, 525, 7887, 4209, 5858, 1301, 9218
source_target_node_0  = 43246, 4376, 21399, 6454, 3814, 7227, 3717595, 8531, 3885, 9368, 382589
source_target_node_1  = 32053, 34482, 14997, 9643, 6776, 3669, 3218, 5780, 2712, 8592, 12192
source_target_node_19  = 53445, 21509, 6993, 7239, 9886, 3718, 9635, 1313, 8006, 6038, 12778
source_target_node_3  = 41281, 1844, 8782, 7331, 1534, 1798, 2988, 6631, 4886, 4883, 8195
source_target_node_7  = timeout, timeout, timeout, timeout, timeout, timeout, timeout, timeout, timeout, timeout, timeout
source_target_node_2  = timeout, timeout, timeout, timeout, timeout, timeout, timeout, timeout, timeout, timeout, timeout
source_target_node_14  = 3889730, 5283, 5980, 52168, 8420, 8690, 4595, 3832, 32587, 9062, 402034
source_target_node_12  = 37258, 6257, 3743175, 983, 5818, 13231, 9331, 947, 1971, 13141, 383211
source_target_node_5  = timeout, timeout, timeout, timeout, timeout, timeout, timeout, timeout, timeout, timeout, timeout
source_target_node_8  = 52721, 9494, 2929, 2910, 4842, 1923, 9572, 5675, 9244, 7726, 10703
source_target_node_4  = 40062, 8175, 5771, 1292, 9269, 4295, 9330, 6274, 5191, 4656, 9431
source_target_node_20  = 40118, 1374, 7325, 9901, 8679, 5605, 14036, 2190, 1391, 34441, 12506
source_target_node_15  = 49124, 22484, 8569, 3713, 50215, 3278, 2042, 32940, 37249, 2802, 21241
source_target_node_9  = timeout, timeout, timeout, timeout, timeout, timeout, timeout, timeout, timeout, timeout, timeout
total =  = 85953

path_node_20  = 3271, 9688, 548, 708, 13296, 6423, 8417, 22693, 3908, 3197, 7214
path_node_11  = 15148, 8935, 18319, 5469, 18056, 15002, 21527, 5868, 20493, 1503, 13032
path_node_9  = 16342, 10945, 7083, 17234, 2384, 7855, 5619, 18687, 1656, 6542, 9434
path_node_0  = 6481, 17057, 1732, 23239, 8482, 2278, 6124, 3738, 5501, 3670, 7830
path_node_13  = 301750, 39894, 9689, 9489, 7200, 19361, 628, 3948, 3458, 545, 39596
path_node_2  = 6383, 9792, 1968, 3278, 9366, 4479, 4341, 17410, 18555, 4798, 8037
path_node_1  = 581, 11815, 15484, 18598, 2525, 5378, 7583, 9468, 3848192, 4863, 392448
path_node_7  = 10959, 2898, 8522, 4910, 22611, 5172, 16443, 20574, 8600, 3544, 10423
path_node_18  = 4164, 7504, 16882, 19918, 13469, 2464, 8465, 14939, 4915, 4899, 9761
path_node_15  = 16302, 9253, 5016, 3125, 15806, 1711, 16271, 2422, 14593, 16429, 10092
path_node_16  = 3620, 19796, 5326, 5607, 1058, 8804, 16003, 19615, 8771, 5429, 9402
path_node_6  = 4030, 16201, 311377, 2008, 17674, 6707, 22526, 17247, 3162, 17636, 41856
path_node_3  = 3885, 9301, 5066, 3315, 18500, 27086, 3917, 3317, 8707, 4517, 8761
path_node_8  = 4911, 6951, 30559, 924, 7046, 2957, 13978, 4518, 364, 5529, 7773
path_node_17  = 16761, 7465, 7456, 3833, 20486, 5071, 7336, 4651, 4758, 5098, 8291
path_node_5  = 16850, 16309, 7978, 6468, 6989, 16459, 1023, 3545, 24894, 4948, 10546
path_node_19  = 11183, 17787, 2937, 6219, 10427, 3784, 14926, 1039, 5247, 8130, 8167
path_node_4  = 14865, 4908, 1202, 9419, 9069, 2669, 12201, 6220, 8340, 14908, 8380
path_node_14  = 2790, 14455, 3425, 12680, 9484, 4727, 20237, 3121, 2391, 2260, 7557
path_node_10  = 17047, 2970, 23887, 19737, 5564, 319568, 3815, 17627, 24740, 46480, 48143
path_node_12  = 4849, 21963, 8426, 4108, 728, 14692, 1097, 15104, 9611, 3017, 8359
total =  = 32147

forward_port_17  = 8624894, 8672180, 4786114, 134198, 4856794, 8751832, 9508880, 4307981, 5107547, 5442524, 6019294
forward_port_11  = 4554572, 151932, 4935049, 9643229, 4957262, 753083, 4470571, 4893094, 4119149, 261829, 3873977
forward_port_14  = 4577694, 4318603, 500105, 9123863, 8726819, 9491666, 5177401, 475745, 445036, 5439677, 4827660
forward_port_5  = 251725, 8912470, 5209278, 9449743, 9392187, 4671873, 9308622, 5183475, 340265, 9003584, 6172322
forward_port_20  = 9366197, 5049405, 4489429, 4980550, 629651, 5141652, 9518760, 9377342, 5235708, 727493, 5451618
forward_port_0  = 9537212, 4718582, 8439215, 144545, 9533254, 421294, 9045230, 157395, 9020234, 4851904, 5586886
forward_port_4  = 4194150, 8662491, 142654, 392396, 4842713, 4700688, 9686245, 5004536, timeout, timeout, timeout
forward_port_13  = 8928991, 425802, 4428739, 8971979, 8959639, 4359825, 4734521, 4801547, 4747538, 5174249, 5553283
forward_port_1  = 4085138, 9104860, 9117711, 280666, 9075361, 9389430, 4773201, 5325045, 4986094, 4495631, 6063313
forward_port_15  = 5409177, 777870, 9265580, 9174766, 4710468, 4795962, 141631, 9376916, timeout, timeout, timeout
forward_port_9  = 5002573, 4808311, 4391303, 9120984, 4703259, 4878070, 4212815, 9316701, 9470614, 9255593, 6516022
forward_port_6  = 9233658, 4053027, 8898871, 621, 370169, 9198403, 373273, 5225313, 9572372, 4603855, 5152956
forward_port_8  = 386182, 9449070, 504658, 4953833, 8776091, 9525, 4713562, 155578, 5058004, 121005, 3412750
forward_port_16  = 4907412, timeout, timeout, timeout, timeout, timeout, timeout, timeout, timeout, timeout, timeout
forward_port_3  = timeout, timeout, timeout, timeout, timeout, timeout, timeout, timeout, timeout, timeout, timeout
forward_port_19  = 9046748, 636734, 4380515, 8835421, 147440, 4050836, 4757649, 261271, 4518271, 9259906, 4589479
forward_port_18  = 8918345, 9334904, 9092165, 9168892, 4711587, 4635403, 9416260, 4295138, 4614539, 5279964, 6946719
forward_port_7  = 8914610, 4380967, 9160193, 9085641, 9496241, 4663066, 80033, 645239, 9345153, 1239461, 5701060
forward_port_12  = 141731, 8533917, 4001723, 630550, 4092420, 4400850, 9508590, 1096176, 5085438, 4982579, 4247397
forward_port_2  = 4305977, 3973887, 9226373, 9133041, 4349294, 9567651, 161019, 4571958, 271818, 382795, 4594381
forward_port_10  = 8395341, 9489554, 5035717, 4300556, 9389748, 9392563, 5341232, 1497194, 5238052, 5272438, 6335239
total =  = 5355550

backward_port_5  = 5338767, 9643590, 5390582, 5385966, 464307, 5275151, 5087827, 938315, 476529, 179962, 3818099
backward_port_20  = 4899080, 5243266, 4898773, 496614, 5124938, 321191, 4963348, 541201, 1033743, 675145, 2819729
backward_port_11  = 5261424, 5075103, 5573993, 9426670, 186066, 4795827, 342806, 5249888, 749973, 5567337, 4222908
backward_port_7  = timeout, timeout, timeout, timeout, timeout, timeout, timeout, timeout, timeout, timeout, timeout
backward_port_8  = 9835277, 4793992, 9632126, timeout, timeout, timeout, timeout, timeout, timeout, timeout, timeout
backward_port_6  = timeout, timeout, timeout, timeout, timeout, timeout, timeout, timeout, timeout, timeout, timeout
backward_port_12  = timeout, timeout, timeout, timeout, timeout, timeout, timeout, timeout, timeout, timeout, timeout
backward_port_0  = 9566846, 52, 892263, 1588, 5197462, 5499599, timeout, timeout, timeout, timeout, timeout
backward_port_9  = timeout, timeout, timeout, timeout, timeout, timeout, timeout, timeout, timeout, timeout, timeout
backward_port_13  = timeout, timeout, timeout, timeout, timeout, timeout, timeout, timeout, timeout, timeout, timeout
backward_port_3  = 216615, 9740068, 679514, 5201290, 4895323, 5257840, 634755, 5081575, 4826219, 351482, 3688468
backward_port_2  = timeout, timeout, timeout, timeout, timeout, timeout, timeout, timeout, timeout, timeout, timeout
backward_port_1  = 5089348, 302246, 4305697, 9363722, 9909649, 5292723, 5487748, 4614492, 5422414, 231990, 5002002
backward_port_16  = 1018741, 5229424, 5567290, 4683069, 9579126, 1587, 501352, 4968669, 5133298, 156172, 3683872
backward_port_18  = 933199, 9867505, 4021, timeout, timeout, timeout, timeout, timeout, timeout, timeout, timeout
backward_port_10  = 5283310, 9567346, 479893, 283336, 499204, 878585, 5290933, 5445590, 152371, 172188, 2805275
backward_port_14  = 9604070, 9605105, 5223446, 2397, 9799022, 2113, 5801147, 5627179, 5154137, 2230, 5082084
backward_port_15  = 4512160, timeout, timeout, timeout, timeout, timeout, timeout, timeout, timeout, timeout, timeout
backward_port_19  = 5165342, 9944466, 4693747, 4875400, 5077044, 5399714, 212941, 5342470, 420686, 5431338, 4656314
backward_port_17  = 9182292, 4716186, 155559, 516993, 5635963, 690102, 858437, 5398420, 131, 4737652, 3189173
backward_port_4  = 5127013, 4266082, 5434103, 172419, 5333775, 5054641, 5309876, 9869875, 203656, 5208849, 4598028
total =  = 3960541

source_target_port_13  = 5641764, 4885498, 313741, 4227498, 400683, 8614915, 8389911, 8773906, 144370, 8903400, 5029568
source_target_port_2  = 188674, 4353908, 4436400, 4630111, 4115889, 8176, 5180150, 4444461, 4671402, 8755045, 4078421
source_target_port_18  = 878345, 5043414, 1289273, 4443431, 212476, 4480322, 4324091, 436322, 8802054, 8698219, 3860794
source_target_port_1  = timeout, timeout, timeout, timeout, timeout, timeout, timeout, timeout, timeout, timeout, timeout
source_target_port_17  = timeout, timeout, timeout, timeout, timeout, timeout, timeout, timeout, timeout, timeout, timeout
source_target_port_19  = 6332228, 4936520, 4531303, 4525337, 3603, 3656, 4706298, 4327485, 84733, 4096764, 3354792
source_target_port_16  = 411887, 4478844, 4358334, 242421, 4797061, 4654497, 226431, 4655180, 8545573, 4581101, 3695132
source_target_port_7  = 5572500, 4556919, 3977215, 160271, 4397836, 10514, 4403297, 8550675, 4390987, 8822177, 4484239
source_target_port_4  = 5539858, 5195746, 490698, 3675093, 4600479, 323907, 928419, 4885018, 360526, 5081033, 3108077
source_target_port_5  = 6547522, 4351587, 4522183, 4939527, 2885, 148764, 4060824, 4224929, 5004198, 1020, 3380343
source_target_port_3  = timeout, timeout, timeout, timeout, timeout, timeout, timeout, timeout, timeout, timeout, timeout
source_target_port_20  = 5912356, 4724578, 924839, 4709947, 4625224, 122665, 4844266, 4787132, 713205, 291687, 3165589
source_target_port_9  = timeout, timeout, timeout, timeout, timeout, timeout, timeout, timeout, timeout, timeout, timeout
source_target_port_12  = timeout, timeout, timeout, timeout, timeout, timeout, timeout, timeout, timeout, timeout, timeout
source_target_port_8  = timeout, timeout, timeout, timeout, timeout, timeout, timeout, timeout, timeout, timeout, timeout
source_target_port_11  = timeout, timeout, timeout, timeout, timeout, timeout, timeout, timeout, timeout, timeout, timeout
source_target_port_0  = 5103354, 5129130, 4484890, 8612250, 4477216, 4616238, 8611575, 4338357, 4496209, 867125, 5073634
source_target_port_14  = 193164, 8296838, 456111, 356460, 4336240, 4084141, 4503189, 3746659, 3819804, 3971468, 3376407
source_target_port_6  = timeout, timeout, timeout, timeout, timeout, timeout, timeout, timeout, timeout, timeout, timeout
source_target_port_10  = timeout, timeout, timeout, timeout, timeout, timeout, timeout, timeout, timeout, timeout, timeout
source_target_port_15  = 5754347, 625978, 181714, 4780876, 8644561, 4173173, 4065851, 4553073, 4080975, 4290822, 4115137
total =  = 3893511

path_port_0  = timeout, timeout, timeout, timeout, timeout, timeout, timeout, timeout, timeout, timeout, timeout
path_port_7  = timeout, timeout, timeout, timeout, timeout, timeout, timeout, timeout, timeout, timeout, timeout
path_port_16  = 361140, timeout, timeout, timeout, timeout, timeout, timeout, timeout, timeout, timeout, timeout
path_port_2  = timeout, timeout, timeout, timeout, timeout, timeout, timeout, timeout, timeout, timeout, timeout
path_port_12  = timeout, timeout, timeout, timeout, timeout, timeout, timeout, timeout, timeout, timeout, timeout
path_port_6  = timeout, timeout, timeout, timeout, timeout, timeout, timeout, timeout, timeout, timeout, timeout
path_port_10  = timeout, timeout, timeout, timeout, timeout, timeout, timeout, timeout, timeout, timeout, timeout
path_port_13  = timeout, timeout, timeout, timeout, timeout, timeout, timeout, timeout, timeout, timeout, timeout
path_port_11  = timeout, timeout, timeout, timeout, timeout, timeout, timeout, timeout, timeout, timeout, timeout
path_port_17  = timeout, timeout, timeout, timeout, timeout, timeout, timeout, timeout, timeout, timeout, timeout
path_port_9  = timeout, timeout, timeout, timeout, timeout, timeout, timeout, timeout, timeout, timeout, timeout
path_port_1  = timeout, timeout, timeout, timeout, timeout, timeout, timeout, timeout, timeout, timeout, timeout
path_port_20  = timeout, timeout, timeout, timeout, timeout, timeout, timeout, timeout, timeout, timeout, timeout
path_port_19  = timeout, timeout, timeout, timeout, timeout, timeout, timeout, timeout, timeout, timeout, timeout
path_port_4  = timeout, timeout, timeout, timeout, timeout, timeout, timeout, timeout, timeout, timeout, timeout
path_port_18  = timeout, timeout, timeout, timeout, timeout, timeout, timeout, timeout, timeout, timeout, timeout
path_port_3  = timeout, timeout, timeout, timeout, timeout, timeout, timeout, timeout, timeout, timeout, timeout
path_port_15  = timeout, timeout, timeout, timeout, timeout, timeout, timeout, timeout, timeout, timeout, timeout
path_port_14  = timeout, timeout, timeout, timeout, timeout, timeout, timeout, timeout, timeout, timeout, timeout
path_port_8  = timeout, timeout, timeout, timeout, timeout, timeout, timeout, timeout, timeout, timeout, timeout
path_port_5  = timeout, timeout, timeout, timeout, timeout, timeout, timeout, timeout, timeout, timeout, timeout
total =  = 0