#graphs, #height, #components, #connections, #ports, #nodes, #edges, #flows
2, 2, 37, 102, 803, 142, 204, 0
forward_node_0 = reach forward act_i_Instance.uxas_p.conn69
forward_node_10 = reach forward act_i_Instance.uxas_p.conn0
forward_node_19 = reach forward act_i_Instance.uxas_p.conn38
forward_node_3 = reach forward act_i_Instance.uxas_p.conn4
forward_node_8 = reach forward act_i_Instance.uxas_p.conn88
forward_node_13 = reach forward act_i_Instance.uxas_p.conn28
forward_node_14 = reach forward act_i_Instance.uxas_p.conn63
forward_node_12 = reach forward act_i_Instance.uxas_p.conn50
forward_node_11 = reach forward act_i_Instance.uxas_p.conn55
forward_node_2 = reach forward act_i_Instance.uxas_p.conn3
forward_node_16 = reach forward act_i_Instance.uxas_p.conn71
forward_node_4 = reach forward act_i_Instance.uxas_p.SensorManagerService
forward_node_1 = reach forward act_i_Instance.uxas_p.conn90
forward_node_15 = reach forward act_i_Instance.uxas_p.MessageLoggerDataService
forward_node_9 = reach forward act_i_Instance.uxas_p.conn110
forward_node_18 = reach forward act_i_Instance.uxas_p.conn57
forward_node_20 = reach forward act_i_Instance.uxas_p.conn114
forward_node_5 = reach forward act_i_Instance.uxas_p.conn103
forward_node_17 = reach forward act_i_Instance.uxas_p.conn33
forward_node_7 = reach forward act_i_Instance.uxas_p.conn95
forward_node_6 = reach forward act_i_Instance.uxas_p.conn108
backward_node_8 = reach backward act_i_Instance.uxas_p.conn64
backward_node_2 = reach backward act_i_Instance.uxas_p.conn35
backward_node_11 = reach backward act_i_Instance.uxas_p.conn84
backward_node_20 = reach backward act_i_Instance.uxas_p.CmasiLineSearchTask
backward_node_17 = reach backward act_i_Instance.uxas_p.conn41
backward_node_6 = reach backward act_i_Instance.uxas_p.conn87
backward_node_12 = reach backward act_i_Instance.uxas_p.conn111
backward_node_10 = reach backward act_i_Instance.uxas_p.conn114
backward_node_18 = reach backward act_i_Instance.uxas_p.conn66
backward_node_14 = reach backward act_i_Instance.uxas_p.conn81
backward_node_1 = reach backward act_i_Instance.uxas_p.BatchSummaryService
backward_node_5 = reach backward act_i_Instance.uxas_p.SerialAutomationRequestTestService
backward_node_4 = reach backward act_i_Instance.uxas_p.conn93
backward_node_0 = reach backward act_i_Instance.uxas_p.conn60
backward_node_7 = reach backward act_i_Instance.uxas_p.conn69
backward_node_15 = reach backward act_i_Instance.uxas_p.conn52
backward_node_13 = reach backward act_i_Instance.uxas_p.conn116
backward_node_3 = reach backward act_i_Instance.uxas_p.conn76
backward_node_16 = reach backward act_i_Instance.uxas_p.conn8
backward_node_19 = reach backward act_i_Instance.uxas_p.conn94
backward_node_9 = reach backward act_i_Instance.uxas_p.conn59
source_target_node_19 = reach from act_i_Instance.uxas_p.conn79 to act_i_Instance.uxas_p.conn54
source_target_node_20 = reach from act_i_Instance.uxas_p.conn58 to act_i_Instance.uxas_p.conn82
source_target_node_6 = reach from act_i_Instance.uxas_p.TaskManagerService to act_i_Instance.uxas_p.conn104
source_target_node_7 = reach from act_i_Instance.uxas_p.EscortTask to act_i_Instance.uxas_p.conn105
source_target_node_18 = reach from act_i_Instance.uxas_p.conn107 to act_i_Instance.uxas_p.conn72
source_target_node_5 = reach from act_i_Instance.uxas_p.conn52 to act_i_Instance.uxas_p.conn5
source_target_node_16 = reach from act_i_Instance.uxas_p.conn97 to act_i_Instance.uxas_p.conn61
source_target_node_0 = reach from act_i_Instance.uxas_p.conn69 to act_i_Instance.uxas_p.conn103
source_target_node_1 = reach from act_i_Instance.uxas_p.conn28 to act_i_Instance.uxas_p.conn71
source_target_node_3 = reach from act_i_Instance.uxas_p.CmasiPointSearchTask to act_i_Instance.uxas_p.TaskManagerService
source_target_node_17 = reach from act_i_Instance.uxas_p.conn88 to act_i_Instance.uxas_p.conn64
source_target_node_9 = reach from act_i_Instance.uxas_p.conn64 to act_i_Instance.uxas_p.conn94
source_target_node_10 = reach from act_i_Instance.uxas_p.AutomationDiagramDataService to act_i_Instance.uxas_p.conn58
source_target_node_11 = reach from act_i_Instance.uxas_p.conn64 to act_i_Instance.uxas_p.AssignmentTreeBranchBoundBase
source_target_node_15 = reach from act_i_Instance.uxas_p.conn51 to act_i_Instance.uxas_p.conn47
source_target_node_13 = reach from act_i_Instance.uxas_p.conn55 to act_i_Instance.uxas_p.TaskTrackerService
source_target_node_14 = reach from act_i_Instance.uxas_p.conn100 to act_i_Instance.uxas_p.conn115
source_target_node_4 = reach from act_i_Instance.uxas_p.conn29 to act_i_Instance.uxas_p.AngledAreaSearchTask
source_target_node_12 = reach from act_i_Instance.uxas_p.conn49 to act_i_Instance.uxas_p.conn5
source_target_node_2 = reach from act_i_Instance.uxas_p.conn75 to act_i_Instance.uxas_p.AssignmentCoordinatorTask
source_target_node_8 = reach from act_i_Instance.uxas_p.conn82 to act_i_Instance.uxas_p.TaskServiceBase
path_node_3 = reach paths from act_i_Instance.uxas_p.conn107 to act_i_Instance.uxas_p.Test_SimulationTime
path_node_9 = reach paths from act_i_Instance.uxas_p.Test_SimulationTime to act_i_Instance.uxas_p.conn78
path_node_5 = reach paths from act_i_Instance.uxas_p.conn55 to act_i_Instance.uxas_p.conn30
path_node_8 = reach paths from act_i_Instance.uxas_p.TaskServiceBase to act_i_Instance.uxas_p.conn28
path_node_1 = reach paths from act_i_Instance.uxas_p.BatchSummaryService to act_i_Instance.uxas_p.conn113
path_node_17 = reach paths from act_i_Instance.uxas_p.OverwatchTask to act_i_Instance.uxas_p.conn94
path_node_2 = reach paths from act_i_Instance.uxas_p.conn67 to act_i_Instance.uxas_p.conn103
path_node_6 = reach paths from act_i_Instance.uxas_p.conn88 to act_i_Instance.uxas_p.conn82
path_node_7 = reach paths from act_i_Instance.uxas_p.conn63 to act_i_Instance.uxas_p.conn90
path_node_11 = reach paths from act_i_Instance.uxas_p.conn70 to act_i_Instance.uxas_p.conn1
path_node_20 = reach paths from act_i_Instance.uxas_p.conn100 to act_i_Instance.uxas_p.conn35
path_node_12 = reach paths from act_i_Instance.uxas_p.conn4 to act_i_Instance.uxas_p.conn47
path_node_0 = reach paths from act_i_Instance.uxas_p.conn55 to act_i_Instance.uxas_p.TaskManagerService
path_node_18 = reach paths from act_i_Instance.uxas_p.conn117 to act_i_Instance.uxas_p.PatternSearchTask
path_node_10 = reach paths from act_i_Instance.uxas_p.conn48 to act_i_Instance.uxas_p.AssignmentTreeBranchBoundBase
path_node_16 = reach paths from act_i_Instance.uxas_p.conn54 to act_i_Instance.uxas_p.conn107
path_node_14 = reach paths from act_i_Instance.uxas_p.PatternSearchTask to act_i_Instance.uxas_p.conn114
path_node_19 = reach paths from act_i_Instance.uxas_p.conn57 to act_i_Instance.uxas_p.SendMessagesService
path_node_15 = reach paths from act_i_Instance.uxas_p.conn97 to act_i_Instance.uxas_p.conn84
path_node_13 = reach paths from act_i_Instance.uxas_p.conn114 to act_i_Instance.uxas_p.conn58
path_node_4 = reach paths from act_i_Instance.uxas_p.conn83 to act_i_Instance.uxas_p.PatternSearchTask
forward_port_6 = reach forward act_i_Instance.uxas_p.OverwatchTask.VehicleActionCommand_out
forward_port_14 = reach forward act_i_Instance.uxas_p.conn113.out
forward_port_7 = reach forward act_i_Instance.uxas_p.conn38.out
forward_port_5 = reach forward act_i_Instance.uxas_p.AssignmentCoordinatorTask.TaskComplete_out
forward_port_10 = reach forward act_i_Instance.uxas_p.ImpactLineSearchTask.VehicleActionCommand_out
forward_port_8 = reach forward act_i_Instance.uxas_p.conn48.out
forward_port_12 = reach forward act_i_Instance.uxas_p.BlockadeTask.AirVehicleConfiguration_in
forward_port_9 = reach forward act_i_Instance.uxas_p.CommRelayTask.EntityConfiguration_in
forward_port_19 = reach forward act_i_Instance.uxas_p.CommRelayTask.CreateNewService_in
forward_port_1 = reach forward act_i_Instance.uxas_p.ImpactPointSearchTask.VehicleActionCommand_out
forward_port_16 = reach forward act_i_Instance.uxas_p.PatternSearchTask.TaskInitialized_out
forward_port_3 = reach forward act_i_Instance.uxas_p.conn50.out
forward_port_4 = reach forward act_i_Instance.uxas_p.OsmPlannerService.RouteRequest_in
forward_port_2 = reach forward act_i_Instance.uxas_p.AutomationDiagramDataService.UniqueAutomationResponse_in
forward_port_20 = reach forward act_i_Instance.uxas_p.conn117.in
forward_port_18 = reach forward act_i_Instance.uxas_p.EscortTask.EntityConfiguration_in
forward_port_0 = reach forward act_i_Instance.uxas_p.AssignmentCoordinatorTask.TaskPlanOptions_out
forward_port_17 = reach forward act_i_Instance.uxas_p.conn69.in
forward_port_11 = reach forward act_i_Instance.uxas_p.TaskServiceBase.TaskImplementationResponse_out
forward_port_15 = reach forward act_i_Instance.uxas_p.TaskServiceBase.TaskInitialized_out
forward_port_13 = reach forward act_i_Instance.uxas_p.AssignmentTreeBranchBoundBase.processor_IN
backward_port_6 = reach backward act_i_Instance.uxas_p.AssignmentTreeBranchBoundService.ServiceStatus_out
backward_port_2 = reach backward act_i_Instance.uxas_p.conn35.in
backward_port_14 = reach backward act_i_Instance.uxas_p.conn89.in
backward_port_9 = reach backward act_i_Instance.uxas_p.CommRelayTask.processor_OUT
backward_port_0 = reach backward act_i_Instance.uxas_p.conn30.in
backward_port_10 = reach backward act_i_Instance.uxas_p.conn54.out
backward_port_8 = reach backward act_i_Instance.uxas_p.conn98.in
backward_port_13 = reach backward act_i_Instance.uxas_p.CmasiPointSearchTask.GroundVehicleConfiguration_in
backward_port_5 = reach backward act_i_Instance.uxas_p.ImpactLineSearchTask.SensorFootprintResponse_in
backward_port_12 = reach backward act_i_Instance.uxas_p.ImpactPointSearchTask.AirVehicleState_in
backward_port_15 = reach backward act_i_Instance.uxas_processor.bindings_IN
backward_port_16 = reach backward act_i_Instance.uxas_p.CmasiPointSearchTask.TaskComplete_out
backward_port_1 = reach backward act_i_Instance.uxas_p.BlockadeTask.AirVehicleConfiguration_in
backward_port_18 = reach backward act_i_Instance.uxas_p.OverwatchTask.TaskImplementationResponse_out
backward_port_4 = reach backward act_i_Instance.uxas_p.conn0.in
backward_port_11 = reach backward act_i_Instance.uxas_processor.bindings_IN
backward_port_20 = reach backward act_i_Instance.uxas_p.conn77.out
backward_port_3 = reach backward act_i_Instance.uxas_p.BatchSummaryService.LineOfInterest_in
backward_port_7 = reach backward act_i_Instance.uxas_p.CommRelayTask.GroundVehicleState_in
backward_port_17 = reach backward act_i_Instance.uxas_p.conn3.in
backward_port_19 = reach backward act_i_Instance.uxas_p.conn41.out
source_target_port_2 = reach from act_i_Instance.uxas_p.conn69.out to act_i_Instance.uxas_p.AngledAreaSearchTask.UniqueAutomationResponse_in
source_target_port_15 = reach from act_i_Instance.uxas_p.conn56.in to act_i_Instance.uxas_p.AutomationRequestValidatorService.AutomationResponse_out
source_target_port_9 = reach from act_i_Instance.uxas_p.conn56.out to act_i_Instance.uxas_p.CmasiAreaSearchTask.VehicleActionCommand_out
source_target_port_18 = reach from act_i_Instance.uxas_p.BlockadeTask.UniqueAutomationRequest_in to act_i_Instance.uxas_p.TaskServiceBase.TaskImplementationRequest_in
source_target_port_11 = reach from act_i_Instance.uxas_p.BlockadeTask.TaskImplementationRequest_in to act_i_Instance.uxas_p.conn54.in
source_target_port_20 = reach from act_i_Instance.uxas_p.TaskServiceBase.CreateNewService_in to act_i_Instance.uxas_p.SerialAutomationRequestTestService.ImpactAutomationResponse_in
source_target_port_5 = reach from act_i_Instance.uxas_p.AutomationRequestValidatorService.AreaSearchTask_in to act_i_Instance.uxas_p.PatternSearchTask.VideoRecord_out
source_target_port_16 = reach from act_i_Instance.uxas_p.OsmPlannerService.EgressRouteRequest_in to act_i_Instance.uxas_p.AssignmentCoordinatorTask.VehicleActionCommand_out
source_target_port_7 = reach from act_i_Instance.uxas_p.ImpactPointSearchTask.processor_OUT to act_i_Instance.uxas_p.conn50.out
source_target_port_13 = reach from act_i_Instance.uxas_p.SensorManagerService.RemoveTasks_in to act_i_Instance.uxas_p.TaskServiceBase.processor_OUT
source_target_port_19 = reach from act_i_Instance.uxas_p.OverwatchTask.GroundVehicleState_in to act_i_Instance.uxas_p.conn71.in
source_target_port_1 = reach from act_i_Instance.uxas_p.conn72.out to act_i_Instance.uxas_p.CordonTask.RouteResponse_in
source_target_port_17 = reach from act_i_Instance.uxas_p.ImpactPointSearchTask.VehicleActionCommand_out to act_i_Instance.uxas_p.CordonTask.SurfaceVehicleConfiguration_in
source_target_port_0 = reach from act_i_Instance.uxas_p.RoutePlannerService.GroundVehicleConfiguration_in to act_i_Instance.uxas_p.CordonTask.TaskPlanOptions_out
source_target_port_10 = reach from act_i_Instance.uxas_p.CmasiLineSearchTask.processor_IN to act_i_Instance.uxas_p.CommRelayTask.GroundVehicleConfiguration_in
source_target_port_6 = reach from act_i_Instance.uxas_p.OverwatchTask.SensorFootprintRequests_out to act_i_Instance.uxas_p.ImpactPointSearchTask.SurfaceVehicleConfiguration_in
source_target_port_12 = reach from act_i_Instance.uxas_p.CmasiLineSearchTask.SensorFootprintRequests_out to act_i_Instance.uxas_p.AngledAreaSearchTask.TaskImplementationResponse_out
source_target_port_3 = reach from act_i_Instance.uxas_p.MultiVehicleWatchTask.TaskInitialized_out to act_i_Instance.uxas_p.conn60.in
source_target_port_4 = reach from act_i_Instance.uxas_p.conn79.out to act_i_Instance.uxas_p.ImpactPointSearchTask.TaskComplete_out
source_target_port_14 = reach from act_i_Instance.uxas_p.AutomationRequestValidatorService.GroundVehicleConfiguration_in to act_i_Instance.uxas_p.conn81.in
source_target_port_8 = reach from act_i_Instance.uxas_p.CmasiAreaSearchTask.TaskComplete_out to act_i_Instance.uxas_p.AutomationRequestValidatorService.SurfaceVehicleState_in
path_port_10 = reach paths from act_i_Instance.uxas_p.MultiVehicleWatchTask.UniqueAutomationRequest_in to act_i_Instance.uxas_p.TaskManagerService.CreateNewService_out
path_port_6 = reach paths from act_i_Instance.uxas_p.CommRelayTask.TaskPlanOptions_out to act_i_Instance.uxas_p.TaskManagerService.GroundVehicleConfiguration_in
path_port_8 = reach paths from act_i_Instance.uxas_p.CmasiAreaSearchTask.GroundVehicleConfiguration_in to act_i_Instance.uxas_p.AutomationDiagramDataService.PointOfInterest_in
path_port_7 = reach paths from act_i_Instance.uxas_p.CmasiAreaSearchTask.GroundVehicleState_in to act_i_Instance.uxas_p.Test_SimulationTime.processor_OUT
path_port_1 = reach paths from act_i_Instance.uxas_p.PlanBuilderService.TaskImplementationRequest_out to act_i_Instance.uxas_p.PatternSearchTask.CreateNewService_in
path_port_11 = reach paths from act_i_Instance.uxas_p.OperatingRegionStateService.KeepInZone_in to act_i_Instance.uxas_p.BlockadeTask.TaskActive_out
path_port_2 = reach paths from act_i_Instance.uxas_p.OverwatchTask.GroundVehicleState_in to act_i_Instance.uxas_p.RouteAggregatorService.SurfaceVehicleConfiguration_in
path_port_14 = reach paths from act_i_Instance.uxas_p.conn77.in to act_i_Instance.uxas_p.conn59.in
path_port_0 = reach paths from act_i_Instance.uxas_p.TaskManagerService.PointOfInterest_in to act_i_Instance.uxas_p.OverwatchTask.RouteResponse_in
path_port_17 = reach paths from act_i_Instance.uxas_p.AssignmentCoordinatorTask.TaskComplete_out to act_i_Instance.uxas_p.TaskServiceBase.GroundVehicleConfiguration_in
path_port_4 = reach paths from act_i_Instance.uxas_p.conn0.out to act_i_Instance.uxas_p.PatternSearchTask.TaskImplementationRequest_in
path_port_12 = reach paths from act_i_Instance.uxas_p.RoutePlannerService.RouteRequest_in to act_i_Instance.uxas_p.ImpactLineSearchTask.CreateNewService_in
path_port_13 = reach paths from act_i_Instance.uxas_p.conn49.in to act_i_Instance.uxas_p.BatchSummaryService.AreaOfInterest_in
path_port_3 = reach paths from act_i_Instance.uxas_p.CommRelayTask.SurfaceVehicleConfiguration_in to act_i_Instance.uxas_p.MultiVehicleWatchTask.SurfaceVehicleState_in
path_port_20 = reach paths from act_i_Instance.uxas_p.OverwatchTask.SurfaceVehicleState_in to act_i_Instance.uxas_p.conn86.out
path_port_15 = reach paths from act_i_Instance.uxas_p.BlockadeTask.TaskActive_out to act_i_Instance.uxas_p.RouteAggregatorService.AirVehicleState_in
path_port_16 = reach paths from act_i_Instance.uxas_p.SensorManagerService.processor_IN to act_i_Instance.uxas_p.conn1.out
path_port_9 = reach paths from act_i_Instance.uxas_p.conn58.in to act_i_Instance.uxas_p.conn102.out
path_port_5 = reach paths from act_i_Instance.uxas_p.SerialAutomationRequestTestService.ImpactAutomationRequest_in to act_i_Instance.uxas_p.AssignmentTreeBranchBoundService.ServiceStatus_out
path_port_19 = reach paths from act_i_Instance.uxas_p.TaskManagerService.EntityState_in to act_i_Instance.uxas_p.BatchSummaryService.AirVehicleConfiguration_in
path_port_18 = reach paths from act_i_Instance.uxas_p.EscortTask.SensorFootprintRequests_out to act_i_Instance.uxas_p.conn31.inforward_node_0  = 29857, 6635, 28870, 33655, 21376, 30353, 37027, 7398, 32797, 19338, 24730
forward_node_10  = 38418, 3661, 20590, 41282, 18263, 29533, 32846, 58998, 27052, 36095, 30673
forward_node_19  = timeout, timeout, timeout, timeout, timeout, timeout, timeout, timeout, timeout, timeout, timeout
forward_node_3  = 18076, 30528, 47183, 29097, 9759, 39896, 3278, 34581, 39020, 48407, 29982
forward_node_8  = 23952, 29228, 30967, 9544, 41796, 25470, 32756, 44967, 35696, 18545, 29292
forward_node_13  = timeout, timeout, timeout, timeout, timeout, timeout, timeout, timeout, timeout, timeout, timeout
forward_node_14  = 63456, 29013, 6242, 44184, 38185, 39576, 18668, 3287, 17157, 45126, 30489
forward_node_12  = 34795, 11853, 3227, 43072, 2456, 21535, 14534, 9885, 23395, 22622, 18737
forward_node_11  = timeout, timeout, timeout, timeout, timeout, timeout, timeout, timeout, timeout, timeout, timeout
forward_node_2  = 20050, 14879, 20791, 3366, 9472, 20659, 38983, 43519, 23793, 3355, 19886
forward_node_16  = 55362, 31710, 42679, 22957, 24128, 19579, 14477, 41329, 34415, 9830, 29646
forward_node_4  = timeout, timeout, timeout, timeout, timeout, timeout, timeout, timeout, timeout, timeout, timeout
forward_node_1  = 49897, 3250, 21617, 5929, 37770, 37549, 13299, 12820, 19687, 6177, 20799
forward_node_15  = timeout, timeout, timeout, timeout, timeout, timeout, timeout, timeout, timeout, timeout, timeout
forward_node_9  = 38875, 42946, 20927, 26333, 23280, 6260, 22798, 45619, 3166, 3508, 23371
forward_node_18  = 53957, 20790, 5975, 18358, 6645, 3344, 49843, 26670, 6833, 39609, 23202
forward_node_20  = 47593, 30122, 49091, 38757, 31081, 9364, 27484, 3477, 9795, 24950, 27171
forward_node_5  = 41444, 13767, 13336, 3228, 64338, 30895, 6216, 27297, 12963, 54775, 26825
forward_node_17  = timeout, timeout, timeout, timeout, timeout, timeout, timeout, timeout, timeout, timeout, timeout
forward_node_7  = 87185, 46218, 9128, 21095, 16085, 24330, 31583, 32119, 41330, 41400, 35047
forward_node_6  = timeout, timeout, timeout, timeout, timeout, timeout, timeout, timeout, timeout, timeout, timeout
total =  = 26417

backward_node_8  = 30123, 10128, 39557, 3156, 65440, 42773, 69858, 8979, 34169, 47754, 35193
backward_node_2  = 18574, 45161, 58432, 28355, 39053, 55806, 45435, 37738, 17297, 3239, 34909
backward_node_11  = 74028, 60234, 2801, 96, 27418, 8508, 5856, 29604, 83, 6161, 21478
backward_node_20  = 3211, 28762, 5614, 49, 2614, 9314, 21630, 30035, 8600, 2620, 11244
backward_node_17  = 34751, 34742, 6314, 16309, 27501, 59112, 72406, 62412, 33018, 6145, 35271
backward_node_6  = 53775, 46549, 3501, 2658, 2638, 63584, 68762, 33481, 19506, 54869, 34932
backward_node_12  = 43263, 12169, 43943, 23735, 2757, 19367, 40110, 47319, 46821, 78928, 35841
backward_node_10  = 50202, 19773, 55149, 45173, 37569, 15336, 25015, 23706, 57206, 57321, 38645
backward_node_18  = 45678, 55355, 3233, 36621, 9652, 5985, 36790, 18688, 23925, 28228, 26415
backward_node_14  = 14780, 51931, 36059, 42113, 25713, 2721, 35937, 35944, 2611, 32977, 28078
backward_node_1  = 55940, 53571, 73435, 5577, 33570, 32901, 20867, 34905, 59262, 45547, 41557
backward_node_5  = 30947, 64252, 9233, 60791, 66994, 39158, 38687, 22189, 20340, 53333, 40592
backward_node_4  = 3400, 5959, 51539, 21893, 28729, 17170, 2694, 3353, 42915, 25030, 20268
backward_node_0  = 23178, 20054, 254, 53445, 55854, 13216, 32880, 29264, 62043, 2727, 29291
backward_node_7  = 22870, 23153, 22144, 9791, 16081, 56959, 70479, 58001, 33871, 18724, 33207
backward_node_15  = 40592, 21636, 17229, 54951, 6324, 46726, 14977, 70119, 8085, 62905, 34354
backward_node_13  = 16304, 40944, 20876, 23260, 40558, 67912, 9394, 37849, 39690, 8818, 30560
backward_node_3  = 53836, 4058, 16499, 64411, 18755, 31763, 91440, 41916, 70498, 33633, 42680
backward_node_16  = 7104, 33567, 45911, 34792, 77075, 31874, 5887, 22086, 60602, 24111, 34300
backward_node_19  = 50980, 36326, 33174, 48385, 53953, 16067, 17636, 6267, 5702, 39168, 30765
backward_node_9  = 67198, 45406, 58916, 6703, 33064, 42557, 19913, 40473, 43631, 20185, 37804
total =  = 32256

source_target_node_19  = 159328, 172279, 211410, 114521, 237859, 92364, 9511, 79738, 13008, 41570, 113158
source_target_node_20  = 79920, 73331, 118928, 28252, 219693, 127355, 7071, 30991, 122815, 67596, 87595
source_target_node_6  = 118357, 48329, 51904, 79568, 191559, 90209, 101145, 49393, 40413, 90265, 86114
source_target_node_7  = 138327, 19654, 119584, 86869, 68811, 126949, 28931, 111232, 126014, 164932, 99130
source_target_node_18  = 21440, 6899, 31793, 53430, 209716, 125011, 44552, 86453, 97561, 21916, 69877
source_target_node_5  = 41092, 92419, 150584, 113985, 70790, 108414, 74252, 157437, 37193, 39875, 88604
source_target_node_16  = 56955, 17187, 24532, 60137, 22792, 91865, 193846, 3373, 24769, 16463, 51191
source_target_node_0  = 97911, 29671, 41156, 40485, 38765, 3368153, 38866, 56207, 23203, 94192, 382860
source_target_node_1  = 2897, 3797, 13162, 14167, 43646, 185062, 124700, 80690, 3532, 107979, 57963
source_target_node_3  = 35274, 189487, 26341, 107801, 136245, 15779, 156975, 84752, 69287, 190463, 101240
source_target_node_17  = 133852, 124220, 102923, 58173, 86314, 86483, 104859, 43954, 198950, 168145, 110787
source_target_node_9  = 160528, 144485, 145399, 20921, 6932, 78855, 17421, 134130, 88492, 6842, 80400
source_target_node_10  = 119349, 134922, 62383, 215368, 14120, 40131, 141856, 124519, 145122, 115149, 111291
source_target_node_11  = 153971, 156067, 82768, 197796, 116255, 29643, 54451, 9083, 86463, 52034, 93853
source_target_node_15  = 20583, 112697, 165656, 184913, 102007, 46432, 135086, 116164, 137078, 131365, 115198
source_target_node_13  = 123841, 66800, 189357, 172434, 158037, 117453, 81529, 88077, 112986, 120544, 123105
source_target_node_14  = 104947, 148680, 132922, 140742, 90756, 103258, 135076, 99035, 52896, 75932, 108424
source_target_node_4  = 45902, 93379, 78571, 141272, 198195, 91875, 118574, 37215, 114534, 64192, 98370
source_target_node_12  = 60606, 84251, 50673, 175766, 174251, 82303, 66013, 72780, 118789, 62352, 94778
source_target_node_2  = 93653, 72281, 6888, 7167, 121634, 162286, 51440, 20116, 10369, 28841, 57467
source_target_node_8  = 9363, 48620, 73654, 86952, 91963, 7198, 46371, 108306, 61302, 13183, 54691
total =  = 104099

path_node_3  = 4213832, timeout, timeout, timeout, timeout, timeout, timeout, timeout, timeout, timeout, timeout
path_node_9  = timeout, timeout, timeout, timeout, timeout, timeout, timeout, timeout, timeout, timeout, timeout
path_node_5  = timeout, timeout, timeout, timeout, timeout, timeout, timeout, timeout, timeout, timeout, timeout
path_node_8  = timeout, timeout, timeout, timeout, timeout, timeout, timeout, timeout, timeout, timeout, timeout
path_node_1  = timeout, timeout, timeout, timeout, timeout, timeout, timeout, timeout, timeout, timeout, timeout
path_node_17  = timeout, timeout, timeout, timeout, timeout, timeout, timeout, timeout, timeout, timeout, timeout
path_node_2  = timeout, timeout, timeout, timeout, timeout, timeout, timeout, timeout, timeout, timeout, timeout
path_node_6  = 4481774, timeout, timeout, timeout, timeout, timeout, timeout, timeout, timeout, timeout, timeout
path_node_7  = timeout, timeout, timeout, timeout, timeout, timeout, timeout, timeout, timeout, timeout, timeout
path_node_11  = timeout, timeout, timeout, timeout, timeout, timeout, timeout, timeout, timeout, timeout, timeout
path_node_20  = timeout, timeout, timeout, timeout, timeout, timeout, timeout, timeout, timeout, timeout, timeout
path_node_12  = timeout, timeout, timeout, timeout, timeout, timeout, timeout, timeout, timeout, timeout, timeout
path_node_0  = timeout, timeout, timeout, timeout, timeout, timeout, timeout, timeout, timeout, timeout, timeout
path_node_18  = timeout, timeout, timeout, timeout, timeout, timeout, timeout, timeout, timeout, timeout, timeout
path_node_10  = 6900163, timeout, timeout, timeout, timeout, timeout, timeout, timeout, timeout, timeout, timeout
path_node_16  = timeout, timeout, timeout, timeout, timeout, timeout, timeout, timeout, timeout, timeout, timeout
path_node_14  = timeout, timeout, timeout, timeout, timeout, timeout, timeout, timeout, timeout, timeout, timeout
path_node_19  = timeout, timeout, timeout, timeout, timeout, timeout, timeout, timeout, timeout, timeout, timeout
path_node_15  = timeout, timeout, timeout, timeout, timeout, timeout, timeout, timeout, timeout, timeout, timeout
path_node_13  = timeout, timeout, timeout, timeout, timeout, timeout, timeout, timeout, timeout, timeout, timeout
path_node_4  = timeout, timeout, timeout, timeout, timeout, timeout, timeout, timeout, timeout, timeout, timeout
total =  = 0

forward_port_6  = timeout, timeout, timeout, timeout, timeout, timeout, timeout, timeout, timeout, timeout, timeout
forward_port_14  = timeout, timeout, timeout, timeout, timeout, timeout, timeout, timeout, timeout, timeout, timeout
forward_port_7  = timeout, timeout, timeout, timeout, timeout, timeout, timeout, timeout, timeout, timeout, timeout
forward_port_5  = timeout, timeout, timeout, timeout, timeout, timeout, timeout, timeout, timeout, timeout, timeout
forward_port_10  = timeout, timeout, timeout, timeout, timeout, timeout, timeout, timeout, timeout, timeout, timeout
forward_port_8  = timeout, timeout, timeout, timeout, timeout, timeout, timeout, timeout, timeout, timeout, timeout
forward_port_12  = timeout, timeout, timeout, timeout, timeout, timeout, timeout, timeout, timeout, timeout, timeout
forward_port_9  = timeout, timeout, timeout, timeout, timeout, timeout, timeout, timeout, timeout, timeout, timeout
forward_port_19  = timeout, timeout, timeout, timeout, timeout, timeout, timeout, timeout, timeout, timeout, timeout
forward_port_1  = timeout, timeout, timeout, timeout, timeout, timeout, timeout, timeout, timeout, timeout, timeout
forward_port_16  = timeout, timeout, timeout, timeout, timeout, timeout, timeout, timeout, timeout, timeout, timeout
forward_port_3  = timeout, timeout, timeout, timeout, timeout, timeout, timeout, timeout, timeout, timeout, timeout
forward_port_4  = timeout, timeout, timeout, timeout, timeout, timeout, timeout, timeout, timeout, timeout, timeout
forward_port_2  = timeout, timeout, timeout, timeout, timeout, timeout, timeout, timeout, timeout, timeout, timeout
forward_port_20  = timeout, timeout, timeout, timeout, timeout, timeout, timeout, timeout, timeout, timeout, timeout
forward_port_18  = timeout, timeout, timeout, timeout, timeout, timeout, timeout, timeout, timeout, timeout, timeout
forward_port_0  = timeout, timeout, timeout, timeout, timeout, timeout, timeout, timeout, timeout, timeout, timeout
forward_port_17  = timeout, timeout, timeout, timeout, timeout, timeout, timeout, timeout, timeout, timeout, timeout
forward_port_11  = timeout, timeout, timeout, timeout, timeout, timeout, timeout, timeout, timeout, timeout, timeout
forward_port_15  = timeout, timeout, timeout, timeout, timeout, timeout, timeout, timeout, timeout, timeout, timeout
forward_port_13  = timeout, timeout, timeout, timeout, timeout, timeout, timeout, timeout, timeout, timeout, timeout
total =  = 0

backward_port_6  = timeout, timeout, timeout, timeout, timeout, timeout, timeout, timeout, timeout, timeout, timeout
backward_port_2  = timeout, timeout, timeout, timeout, timeout, timeout, timeout, timeout, timeout, timeout, timeout
backward_port_14  = timeout, timeout, timeout, timeout, timeout, timeout, timeout, timeout, timeout, timeout, timeout
backward_port_9  = timeout, timeout, timeout, timeout, timeout, timeout, timeout, timeout, timeout, timeout, timeout
backward_port_0  = timeout, timeout, timeout, timeout, timeout, timeout, timeout, timeout, timeout, timeout, timeout
backward_port_10  = timeout, timeout, timeout, timeout, timeout, timeout, timeout, timeout, timeout, timeout, timeout
backward_port_8  = timeout, timeout, timeout, timeout, timeout, timeout, timeout, timeout, timeout, timeout, timeout
backward_port_13  = timeout, timeout, timeout, timeout, timeout, timeout, timeout, timeout, timeout, timeout, timeout
backward_port_5  = timeout, timeout, timeout, timeout, timeout, timeout, timeout, timeout, timeout, timeout, timeout
backward_port_12  = timeout, timeout, timeout, timeout, timeout, timeout, timeout, timeout, timeout, timeout, timeout
backward_port_15  = timeout, timeout, timeout, timeout, timeout, timeout, timeout, timeout, timeout, timeout, timeout
backward_port_16  = timeout, timeout, timeout, timeout, timeout, timeout, timeout, timeout, timeout, timeout, timeout
backward_port_1  = timeout, timeout, timeout, timeout, timeout, timeout, timeout, timeout, timeout, timeout, timeout
backward_port_18  = timeout, timeout, timeout, timeout, timeout, timeout, timeout, timeout, timeout, timeout, timeout
backward_port_4  = timeout, timeout, timeout, timeout, timeout, timeout, timeout, timeout, timeout, timeout, timeout
backward_port_11  = timeout, timeout, timeout, timeout, timeout, timeout, timeout, timeout, timeout, timeout, timeout
backward_port_20  = timeout, timeout, timeout, timeout, timeout, timeout, timeout, timeout, timeout, timeout, timeout
backward_port_3  = timeout, timeout, timeout, timeout, timeout, timeout, timeout, timeout, timeout, timeout, timeout
backward_port_7  = timeout, timeout, timeout, timeout, timeout, timeout, timeout, timeout, timeout, timeout, timeout
backward_port_17  = timeout, timeout, timeout, timeout, timeout, timeout, timeout, timeout, timeout, timeout, timeout
backward_port_19  = timeout, timeout, timeout, timeout, timeout, timeout, timeout, timeout, timeout, timeout, timeout
total =  = 0

source_target_port_2  = 1769394, 225789, 525651, 21581, 346955, 1112835, 663712, 856317, 625441, 697546, 684522
source_target_port_15  = 1489033, 604617, 390576, 897181, 623690, 953961, 180961, 859957, 522411, 1153764, 767615
source_target_port_9  = 2342548, 211848, 147764, 696671, 1164932, 110093, 70359, 177752, 3840533, 595413, 935791
source_target_port_18  = 1405136, 1382054, 87869, 115766, 110112, 245835, 897714, 732373, 1084865, 618876, 668060
source_target_port_11  = 4525280, 64218, 470056, 1000204, 185401, 1093902, 250958, 701688, 85789, 3946014, 1232351
source_target_port_20  = 1349210, 1101070, 982392, 784926, 935654, 125760, 1255492, 413230, 176570, 402059, 752636
source_target_port_5  = 1983253, 780478, 705359, 265667, 1088278, 1050393, 277562, 58251, 923102, 358132, 749047
source_target_port_16  = 2026369, 1293779, 1097686, 647675, 550372, 587018, 496242, 1307436, 1285523, 176021, 946812
source_target_port_7  = 1676289, 358990, 636146, 1109055, 934664, 4452399, 1302512, 1167836, 430996, 267064, 1233595
source_target_port_13  = 5109659, 144095, 864536, 530662, 919199, 407292, 4493678, 249388, 586941, 105281, 1341073
source_target_port_19  = timeout, timeout, timeout, timeout, timeout, timeout, timeout, timeout, timeout, timeout, timeout
source_target_port_1  = 2347806, 918982, 641164, 656577, 770533, 1073390, 444500, 542435, 263242, 576907, 823553
source_target_port_17  = timeout, timeout, timeout, timeout, timeout, timeout, timeout, timeout, timeout, timeout, timeout
source_target_port_0  = 5642363, 463535, 3551540, 389705, 446317, 815239, 812502, 266340, 699081, 779954, 1386657
source_target_port_10  = 1368206, 301338, 490699, 852364, 4253535, 782660, 375875, 98297, 388587, 727713, 963927
source_target_port_6  = timeout, timeout, timeout, timeout, timeout, timeout, timeout, timeout, timeout, timeout, timeout
source_target_port_12  = 1844528, 298198, 398912, 1030209, 357161, 332589, 152067, 901650, 902031, 1002536, 721988
source_target_port_3  = 1916964, 515436, 805107, 3890220, 91819, 237992, 819241, 372380, 755647, 463903, 986870
source_target_port_4  = 1538915, 1002834, 1257615, 171881, 203230, 531830, 506491, 573648, 324097, 1069081, 717962
source_target_port_14  = 1431909, 660559, 283374, 376700, 1046667, 686055, 1091832, 1059597, 778535, 907815, 832304
source_target_port_8  = 2468053, 182052, 251892, 629008, 1121795, 66544, 146, 1042063, 1018174, 759172, 753889
total =  = 916591

path_port_10  = timeout, timeout, timeout, timeout, timeout, timeout, timeout, timeout, timeout, timeout, timeout
path_port_6  = 89160, timeout, timeout, timeout, timeout, timeout, timeout, timeout, timeout, timeout, timeout
path_port_8  = timeout, timeout, timeout, timeout, timeout, timeout, timeout, timeout, timeout, timeout, timeout
path_port_7  = timeout, timeout, timeout, timeout, timeout, timeout, timeout, timeout, timeout, timeout, timeout
path_port_1  = timeout, timeout, timeout, timeout, timeout, timeout, timeout, timeout, timeout, timeout, timeout
path_port_11  = timeout, timeout, timeout, timeout, timeout, timeout, timeout, timeout, timeout, timeout, timeout
path_port_2  = 160857, timeout, timeout, timeout, timeout, timeout, timeout, timeout, timeout, timeout, timeout
path_port_14  = timeout, timeout, timeout, timeout, timeout, timeout, timeout, timeout, timeout, timeout, timeout
path_port_0  = timeout, timeout, timeout, timeout, timeout, timeout, timeout, timeout, timeout, timeout, timeout
path_port_17  = timeout, timeout, timeout, timeout, timeout, timeout, timeout, timeout, timeout, timeout, timeout
path_port_4  = timeout, timeout, timeout, timeout, timeout, timeout, timeout, timeout, timeout, timeout, timeout
path_port_12  = 101256, timeout, timeout, timeout, timeout, timeout, timeout, timeout, timeout, timeout, timeout
path_port_13  = timeout, timeout, timeout, timeout, timeout, timeout, timeout, timeout, timeout, timeout, timeout
path_port_3  = timeout, timeout, timeout, timeout, timeout, timeout, timeout, timeout, timeout, timeout, timeout
path_port_20  = timeout, timeout, timeout, timeout, timeout, timeout, timeout, timeout, timeout, timeout, timeout
path_port_15  = timeout, timeout, timeout, timeout, timeout, timeout, timeout, timeout, timeout, timeout, timeout
path_port_16  = timeout, timeout, timeout, timeout, timeout, timeout, timeout, timeout, timeout, timeout, timeout
path_port_9  = timeout, timeout, timeout, timeout, timeout, timeout, timeout, timeout, timeout, timeout, timeout
path_port_5  = timeout, timeout, timeout, timeout, timeout, timeout, timeout, timeout, timeout, timeout, timeout
path_port_19  = timeout, timeout, timeout, timeout, timeout, timeout, timeout, timeout, timeout, timeout, timeout
path_port_18  = timeout, timeout, timeout, timeout, timeout, timeout, timeout, timeout, timeout, timeout, timeout
total =  = 0